Adapter: NVIDIA GeForce RTX 4080, VRAM 15.7 GB, driver 32.0.15.9186
D3D12Core.dll: C:\Users\USER\UnravelNext\Tools\Microbench\build\D3D12\D3D12Core.dll
Raytracing tier 11 (12 = DXR 1.2/OMM), mesh shader tier 10, shader model 0x68, work graphs tier 10
NVAPI: initialized; opacity micromap cap 1 (status 0), thread reordering cap 1 (status 0)
DXC: C:/Program Files (x86)/Windows Kits/10/bin/10.0.26100.0/x64
  [env] timestamp frequency                                        1000000000.0000 Hz         
  [env] raytracing tier                                                 11.0000 tier       
  [env] mesh shader tier                                                10.0000 tier       
  [env] highest shader model                                           104.0000 hex        

== Sub-pixel coverage layer (conservative raster + exact pixel area + fragment append, 4K) (after 1.5 s warm-up)
  [coverage] 262k slivers 0.25 px x 20 px (0.5M tris): conservative raster + exact area + append       5.1853 ms         1.258097 M fragments (2.399630 per tri), 0.242629 G frags/s
  [coverage] 0.5M tris 0.25 px: conservative raster, trivial PS               0.6061 ms         
  [coverage] 0.5M tris 0.25 px: standard raster + area + append (centre-sample pixels only)       1.9903 ms         1.304510 M pixels touched by centre sampling vs 1.258097 M true fragments
  [coverage] 1049k slivers 0.25 px x 20 px (2.1M tris): conservative raster + exact area + append      20.6408 ms         5.032236 M fragments (2.399557 per tri), 0.243801 G frags/s
  [coverage] 2.1M tris 0.25 px: conservative raster, trivial PS               2.4156 ms         
  [coverage] 2.1M tris 0.25 px: standard raster + area + append (centre-sample pixels only)       7.9152 ms         5.220250 M pixels touched by centre sampling vs 5.032236 M true fragments
  [coverage] 262k slivers 0.50 px x 20 px (0.5M tris): conservative raster + exact area + append       5.5910 ms         1.314520 M fragments (2.507248 per tri), 0.235112 G frags/s
  [coverage] 0.5M tris 0.50 px: conservative raster, trivial PS               0.6307 ms         
  [coverage] 0.5M tris 0.50 px: standard raster + area + append (centre-sample pixels only)       2.6143 ms         2.609021 M pixels touched by centre sampling vs 1.314520 M true fragments
  [coverage] 1049k slivers 0.50 px x 20 px (2.1M tris): conservative raster + exact area + append      22.2341 ms         5.256537 M fragments (2.506512 per tri), 0.236418 G frags/s
  [coverage] 2.1M tris 0.50 px: conservative raster, trivial PS               2.5129 ms         
  [coverage] 2.1M tris 0.50 px: standard raster + area + append (centre-sample pixels only)      10.3844 ms         10.439807 M pixels touched by centre sampling vs 5.256537 M true fragments
  [coverage] 262k slivers 1.00 px x 20 px (0.5M tris): conservative raster + exact area + append       6.2495 ms         1.419441 M fragments (2.707369 per tri), 0.227130 G frags/s
  [coverage] 0.5M tris 1.00 px: conservative raster, trivial PS               0.6758 ms         
  [coverage] 0.5M tris 1.00 px: standard raster + area + append (centre-sample pixels only)       3.6932 ms         5.217903 M pixels touched by centre sampling vs 1.419441 M true fragments
  [coverage] 1049k slivers 1.00 px x 20 px (2.1M tris): conservative raster + exact area + append      24.8668 ms         5.676390 M fragments (2.706714 per tri), 0.228272 G frags/s
  [coverage] 2.1M tris 1.00 px: conservative raster, trivial PS               2.6930 ms         
  [coverage] 2.1M tris 1.00 px: standard raster + area + append (centre-sample pixels only)      14.6698 ms         20.873505 M pixels touched by centre sampling vs 5.676390 M true fragments

== Virtual shadow map lookup and fused shading floors (3840x2160) (after 1.5 s warm-up)
  [vsm] VSM lookup 4K, coherent scene depth, sun, 1 taps                 0.0860 ms         0.010370 ns per light lookup, 0.010370 ns per tap
  [vsm] VSM lookup 4K, coherent scene depth, sun + 1.5 local lights, 1 taps       0.1864 ms         0.008988 ns per light lookup, 0.008988 ns per tap
  [vsm] VSM lookup 4K, coherent scene depth, sun, 5 taps                 0.1700 ms         0.020494 ns per light lookup, 0.004099 ns per tap
  [vsm] VSM lookup 4K, coherent scene depth, sun + 1.5 local lights, 5 taps       0.6072 ms         0.029284 ns per light lookup, 0.005857 ns per tap
  [vsm] VSM lookup 4K, coherent scene depth, sun, 9 taps                 0.2806 ms         0.033827 ns per light lookup, 0.003759 ns per tap
  [vsm] VSM lookup 4K, coherent scene depth, sun + 1.5 local lights, 9 taps       1.0465 ms         0.050469 ns per light lookup, 0.005608 ns per tap
  [vsm] VSM lookup 4K, scattered (worst) depth, sun, 5 taps              0.7741 ms         0.093333 ns per light lookup, 0.018667 ns per tap
  [vsm] VSM lookup 4K, scattered (worst) depth, sun + 1.5 local lights, 5 taps       2.0910 ms         0.100840 ns per light lookup, 0.020168 ns per tap
  [shade] fused shading 4K: sun + 4 local lights (GGX), 3 shadowed x 5 VSM taps, 4 probes, froxel, 16 B in / 8 B out       2.4760 ms         0.298519 ns per pixel
  [shade] fused shading 4K: sun + 8 local lights (GGX), 3 shadowed x 5 VSM taps, 4 probes, froxel, 16 B in / 8 B out       2.5651 ms         0.309259 ns per pixel
  [shade] fused shading 4K: sun + 16 local lights (GGX), 3 shadowed x 5 VSM taps, 4 probes, froxel, 16 B in / 8 B out       2.3470 ms         0.282963 ns per pixel

== MPM step floors (128^3 grid, quadratic B-spline, APIC, 8 particles per cell) (after 1.5 s warm-up)
  [mpm] 1M particles: grid clear (128^3 x 16 B dense)                    0.0707 ms         
  [mpm] 1M particles: block sort (histogram + prefix + scatter, 64 B particles)       0.9687 ms         
  [mpm] 1M particles: P2G via global atomics (27 nodes x 4 channels), incl. clear       2.2600 ms         2.087891 ns per particle
  [mpm] 1M particles: P2G via groupshared block accumulation + halo atomics, incl. clear       0.2263 ms         0.148438 ns per particle
  [mpm] 1M particles: grid update (dense 128^3)                          0.0358 ms         sparse grids scale with active nodes (131072 here)
  [mpm] 1M particles: G2P (27-node gather, APIC, 64 B write)             0.3604 ms         0.343750 ns per particle
  [mpm] 1M particles: full step (clear + sort + block P2G + grid + G2P)       1.8115 ms         1.727539 ns per particle-step
  [mpm] 2M particles: grid clear (128^3 x 16 B dense)                    0.0717 ms         
  [mpm] 2M particles: block sort (histogram + prefix + scatter, 64 B particles)       2.3880 ms         
  [mpm] 2M particles: P2G via global atomics (27 nodes x 4 channels), incl. clear       4.7995 ms         2.254395 ns per particle
  [mpm] 2M particles: P2G via groupshared block accumulation + halo atomics, incl. clear       0.3656 ms         0.140137 ns per particle
  [mpm] 2M particles: grid update (dense 128^3)                          0.0369 ms         sparse grids scale with active nodes (262144 here)
  [mpm] 2M particles: G2P (27-node gather, APIC, 64 B write)             0.7260 ms         0.346191 ns per particle
  [mpm] 2M particles: full step (clear + sort + block P2G + grid + G2P)       3.7386 ms         1.782715 ns per particle-step
