Adapter: NVIDIA GeForce RTX 4080, VRAM 15.7 GB, driver 32.0.15.9186
D3D12Core.dll: C:\Users\USER\UnravelNext\Tools\Microbench\build\D3D12\D3D12Core.dll
Raytracing tier 11 (12 = DXR 1.2/OMM), mesh shader tier 10, shader model 0x68, work graphs tier 10
NVAPI: SDK interface NVidia Complete Version 1.10, driver 591.86 branch r590_00
NVAPI: initialized; opacity micromap cap 1 (status 0), thread reordering cap 1 (status 0)
DXC: C:/Program Files (x86)/Windows Kits/10/bin/10.0.26100.0/x64
  [env] timestamp frequency                                        1000000000.0000 Hz         
  [env] raytracing tier                                                 11.0000 tier       
  [env] mesh shader tier                                                10.0000 tier       
  [env] highest shader model                                           104.0000 hex        

== Ray tracing (after 1.5 s warm-up)
  [pso] raytracing state object create, 5 shaders (cpu)                 26.6475 ms         dxc 13.063800 ms
  OMM path: NVAPI (driver exposes OMM without DXR 1.2)

== Building ray-tracing scene (2 km terrain, 100k trees, 3k buildings, 1M grass; card foliage: 35 cm leaves x 1.5k, 30 cm grass cards)
  [rtas] BLAS build terrain 2.1M tris (fast trace)                        3.4386 ms         139 MB
  [rtas] BLAS build city 36k tris                                         0.3297 ms         
  bird-curve decode: 256 indices, 0 missing, 256 distinct cells
  leaf alpha coverage 0.37, OMM level 4: 15.6% microtriangles unknown (need any-hit), 84.4% resolved
  [rtas] BLAS build tree 3k tris (fast trace)                             0.2519 ms         229 KB
  [rtas] BLAS build tree with OMM leaves (fast trace)                     0.2611 ms         260 KB
  [rtas] BLAS full build 60k-tri skinned mesh (allow update), per mesh, 64 in flight      92.0480 us         3710 KB each
  [rtas] BLAS refit 60k-tri skinned mesh, per mesh, 64 in flight         15.3920 us         256 characters = 3.940352 ms (expected, linear)
  [rtas] TLAS build 100k instances (fast trace)                           0.2959 ms         28 MB
  [rtas] TLAS build 100k instances (fast build)                           0.2929 ms         
  [rtas] TLAS build 100k instances (fast trace + allow update)            0.2959 ms         
  [rtas] TLAS refit 100k instances                                        0.0532 ms         
  [rtas] TLAS build 1.1M instances (fast trace)                           3.4406 ms         212 MB
  [rtas] TLAS build 1.1M instances (fast trace + allow update)            3.3597 ms         
  [rtas] TLAS refit 1.1M instances                                        1.4182 ms         
  [rays] sanity: primary alpha-tested hit fraction                        1.0000 fraction   
  [edges] forest view (camera 600,600 looking +x), 100k trees + 1M grass [card foliage]: pixels with >=2 identities in 16 sub-samples       0.0773 fraction   42.763264 ms for 133M rays
  [edges] forest view (camera 600,600 looking +x), 100k trees + 1M grass [card foliage]: >=3 identities       0.0100 fraction   
  [edges] forest view (camera 600,600 looking +x), 100k trees + 1M grass [card foliage]: >=5 identities       0.0003 fraction   
  [edges] forest view (camera 600,600 looking +x), 100k trees + 1M grass [card foliage]: >=9 identities       0.0000 fraction   
  [edges] forest view (camera 600,600 looking +x), 100k trees + 1M grass [card foliage]: pixels with sub-samples missed by the 3x3 centre set (>=1 of 16)       0.0058 fraction   invisible to a 1-spp visibility buffer + 3x3 identity test
  [edges] forest view (camera 600,600 looking +x), 100k trees + 1M grass [card foliage]: missed >=4 of 16 (>=25% pixel area)       0.0025 fraction   
  [edges] forest view (camera 600,600 looking +x), 100k trees + 1M grass [card foliage]: missed >=8 of 16 (>=50% pixel area)       0.0003 fraction   
  [edges] forest view (camera 600,600 looking +x), 100k trees [card foliage]: pixels with >=2 identities in 16 sub-samples       0.0713 fraction   38.670336 ms for 133M rays
  [edges] forest view (camera 600,600 looking +x), 100k trees [card foliage]: >=3 identities       0.0097 fraction   
  [edges] forest view (camera 600,600 looking +x), 100k trees [card foliage]: >=5 identities       0.0003 fraction   
  [edges] forest view (camera 600,600 looking +x), 100k trees [card foliage]: >=9 identities       0.0000 fraction   
  [edges] forest view (camera 600,600 looking +x), 100k trees [card foliage]: pixels with sub-samples missed by the 3x3 centre set (>=1 of 16)       0.0056 fraction   invisible to a 1-spp visibility buffer + 3x3 identity test
  [edges] forest view (camera 600,600 looking +x), 100k trees [card foliage]: missed >=4 of 16 (>=25% pixel area)       0.0024 fraction   
  [edges] forest view (camera 600,600 looking +x), 100k trees [card foliage]: missed >=8 of 16 (>=50% pixel area)       0.0003 fraction   
  [edges] city view (camera 0,0), 100k trees + 1M grass [card foliage]: pixels with >=2 identities in 16 sub-samples       0.0018 fraction   50.980864 ms for 133M rays
  [edges] city view (camera 0,0), 100k trees + 1M grass [card foliage]: >=3 identities       0.0000 fraction   
  [edges] city view (camera 0,0), 100k trees + 1M grass [card foliage]: >=5 identities       0.0000 fraction   
  [edges] city view (camera 0,0), 100k trees + 1M grass [card foliage]: >=9 identities       0.0000 fraction   
  [edges] city view (camera 0,0), 100k trees + 1M grass [card foliage]: pixels with sub-samples missed by the 3x3 centre set (>=1 of 16)       0.0000 fraction   invisible to a 1-spp visibility buffer + 3x3 identity test
  [edges] city view (camera 0,0), 100k trees + 1M grass [card foliage]: missed >=4 of 16 (>=25% pixel area)       0.0000 fraction   
  [edges] city view (camera 0,0), 100k trees + 1M grass [card foliage]: missed >=8 of 16 (>=50% pixel area)       0.0000 fraction   
  [edges] city view (camera 0,0), 100k trees [card foliage]: pixels with >=2 identities in 16 sub-samples       0.0012 fraction   45.740032 ms for 133M rays
  [edges] city view (camera 0,0), 100k trees [card foliage]: >=3 identities       0.0000 fraction   
  [edges] city view (camera 0,0), 100k trees [card foliage]: >=5 identities       0.0000 fraction   
  [edges] city view (camera 0,0), 100k trees [card foliage]: >=9 identities       0.0000 fraction   
  [edges] city view (camera 0,0), 100k trees [card foliage]: pixels with sub-samples missed by the 3x3 centre set (>=1 of 16)       0.0000 fraction   invisible to a 1-spp visibility buffer + 3x3 identity test
  [edges] city view (camera 0,0), 100k trees [card foliage]: missed >=4 of 16 (>=25% pixel area)       0.0000 fraction   
  [edges] city view (camera 0,0), 100k trees [card foliage]: missed >=8 of 16 (>=50% pixel area)       0.0000 fraction   
