Adapter: NVIDIA GeForce RTX 4080, VRAM 15.7 GB, driver 32.0.15.9186
D3D12Core.dll: C:\Users\USER\UnravelNext\Tools\Microbench\build\D3D12\D3D12Core.dll
Raytracing tier 11 (12 = DXR 1.2/OMM), mesh shader tier 10, shader model 0x68, work graphs tier 10
NVAPI: initialized; opacity micromap cap 1 (status 0), thread reordering cap 1 (status 0)
DXC: C:/Program Files (x86)/Windows Kits/10/bin/10.0.26100.0/x64
  [env] timestamp frequency                                        1000000000.0000 Hz         
  [env] raytracing tier                                                 11.0000 tier       
  [env] mesh shader tier                                                10.0000 tier       
  [env] highest shader model                                           104.0000 hex        

== Raster (mesh shader, 3840x2160 R32_UINT visibility + D32) (after 1.5 s warm-up)
  [pso] mesh+pixel graphics PSO create (cpu)                             1.4737 ms         
  [pso] mesh depth-only graphics PSO create (cpu)                        0.0095 ms         
  [raster] meshlet launch only (174k meshlets, zero output)              1148.6486 Mmeshlets/s 0.151552 ms incl. depth clear
  [raster] 4K depth clear alone                                             0.0041 ms         
  [raster] 16.7M tris, edge 0.5 px, vis id + depth                         28.4300 Gtris/s    0.600064 ms
  [raster] 16.7M tris, edge 0.5 px, depth only                             33.1213 Gtris/s    0.515072 ms
  [raster] 16.7M tris, edge 1.0 px, vis id + depth                         22.5135 Gtris/s    0.757760 ms
  [raster] 16.7M tris, edge 1.0 px, depth only                             23.0748 Gtris/s    0.739328 ms
  [raster] 16.7M tris, edge 2.0 px, vis id + depth                         12.9047 Gtris/s    1.321984 ms
  [raster] 16.7M tris, edge 2.0 px, depth only                             12.9348 Gtris/s    1.318912 ms
  [raster] 16.7M tris, edge 4.0 px, vis id + depth                          9.1238 Gtris/s    1.869824 ms
  [raster] 16.7M tris, edge 4.0 px, depth only                              9.3438 Gtris/s    1.825792 ms
  [raster] 16.7M tris, edge 8.0 px, vis id + depth                          5.9713 Gtris/s    2.856960 ms
  [raster] 16.7M tris, edge 8.0 px, depth only                              6.0736 Gtris/s    2.808832 ms
  [raster] 16.7M tris, edge 16.0 px, vis id + depth                         3.3711 Gtris/s    5.060608 ms
  [raster] 16.7M tris, edge 16.0 px, depth only                             3.4224 Gtris/s    4.984832 ms
  [raster] 16.7M tris, edge 32.0 px, vis id + depth                         2.3618 Gtris/s    7.223296 ms
  [raster] 16.7M tris, edge 32.0 px, depth only                             2.4048 Gtris/s    7.094208 ms
  [raster] 16.7M tris, edge 2 px, 50% culled by SV_CullPrimitive           21.6083 Gtris/s (emitted) 0.789504 ms
  [raster] 174k meshlets x 1 triangle (edge 2 px)                        1148.6486 Mtris/s    per-meshlet overhead bound
  [raster] 32 full-screen layers back-to-front (all pass, vis id + depth write)     279.9136 Gpix/s     0.948224 ms
  [raster] 32 full-screen layers back-to-front, depth only               1112.4464 Gpix/s     0.238592 ms
  [raster] 32 full-screen layers front-to-back (early-z reject)          3013.9535 Gpix/s     0.088064 ms
  [raster] 32 full-screen layers front-to-back, depth only (early-z reject)    3868.6567 Gpix/s     0.068608 ms
