Adapter: NVIDIA GeForce RTX 4080, VRAM 15.7 GB, driver 32.0.15.9186
D3D12Core.dll: C:\Users\USER\UnravelNext\Tools\Microbench\build\D3D12\D3D12Core.dll
Raytracing tier 11 (12 = DXR 1.2/OMM), mesh shader tier 10, shader model 0x68, work graphs tier 10
NVAPI: initialized; opacity micromap cap 1 (status 0), thread reordering cap 1 (status 0)
DXC: C:/Program Files (x86)/Windows Kits/10/bin/10.0.26100.0/x64
  [env] timestamp frequency                                        1000000000.0000 Hz         
  [env] raytracing tier                                                 11.0000 tier       
  [env] mesh shader tier                                                10.0000 tier       
  [env] highest shader model                                           104.0000 hex        

== Ray tracing (after 1.5 s warm-up)
  [pso] raytracing state object create, 5 shaders (cpu)                 64.1654 ms         dxc 14.682400 ms
  OMM path: NVAPI (driver exposes OMM without DXR 1.2)

== Building ray-tracing scene (2 km terrain, 100k trees x ~3.3k tris, 3k buildings, 1M grass)
  [rtas] BLAS build terrain 2.1M tris (fast trace)                        3.2451 ms         139 MB
  [rtas] BLAS build city 36k tris                                         0.3144 ms         
  bird-curve decode: 256 indices, 0 missing, 256 distinct cells
  leaf alpha coverage 0.37, OMM level 4: 15.6% microtriangles unknown (need any-hit), 84.4% resolved
  [rtas] BLAS build tree 3.3k tris (fast trace)                           0.2499 ms         229 KB
  [rtas] BLAS build tree with OMM leaves (fast trace)                     0.2642 ms         260 KB
  [rtas] BLAS full build 60k-tri skinned mesh (allow update), per mesh, 64 in flight      97.3440 us         3710 KB each
  [rtas] BLAS refit 60k-tri skinned mesh, per mesh, 64 in flight         15.2800 us         256 characters = 3.911680 ms (expected, linear)
  [rtas] TLAS build 100k instances (fast trace)                           0.2939 ms         28 MB
  [rtas] TLAS build 100k instances (fast build)                           0.2918 ms         
  [rtas] TLAS build 100k instances (fast trace + allow update)            0.2970 ms         
  [rtas] TLAS refit 100k instances                                        0.0532 ms         
  [rays] sanity: primary alpha-tested hit fraction                        1.0000 fraction   
  [rays] DispatchRays opaque trivial hit (reference) | incoherent long (canopy origins, sphere dirs, 2 km)       2.0919 Grays/s    2.004992 ms
  [rays] DispatchRays opaque trivial hit (reference) | primary 3840x2160 camera       3.3061 Grays/s    2.508800 ms
  [rays] DispatchRays opaque trivial hit (reference) | incoherent short (same, tMax 2 m)       3.3907 Grays/s    1.236992 ms
  [rays] DispatchRays divergent hit shading (16 paths, 256 MB textures), no SER | incoherent long (canopy origins, sphere dirs, 2 km)       1.7160 Grays/s    2.444288 ms
  [rays] DispatchRays divergent hit shading (16 paths, 256 MB textures), no SER | primary 3840x2160 camera       2.9714 Grays/s    2.791424 ms
  [rays] DispatchRays divergent hit shading (16 paths, 256 MB textures), no SER | incoherent short (same, tMax 2 m)       3.2303 Grays/s    1.298432 ms
  [rays] DispatchRays divergent hit shading, NVAPI SER (reorder by material) | incoherent long (canopy origins, sphere dirs, 2 km)       1.6364 Grays/s    2.563072 ms
  [rays] DispatchRays divergent hit shading, NVAPI SER (reorder by material) | primary 3840x2160 camera       2.6982 Grays/s    3.074048 ms
  [rays] DispatchRays divergent hit shading, NVAPI SER (reorder by material) | incoherent short (same, tMax 2 m)       2.8623 Grays/s    1.465344 ms
  [rays] DispatchRays trivial hit, NVAPI SER (reorder overhead) | incoherent long (canopy origins, sphere dirs, 2 km)       1.9284 Grays/s    2.174976 ms
