Adapter: NVIDIA GeForce RTX 4080, VRAM 15.7 GB, driver 32.0.15.9186
D3D12Core.dll: C:\Users\USER\UnravelNext\Tools\Microbench\build\D3D12\D3D12Core.dll
Raytracing tier 11 (12 = DXR 1.2/OMM), mesh shader tier 10, shader model 0x68, work graphs tier 10
NVAPI: initialized; opacity micromap cap 1 (status 0), thread reordering cap 1 (status 0)
DXC: C:/Program Files (x86)/Windows Kits/10/bin/10.0.26100.0/x64
  [env] timestamp frequency                                        1000000000.0000 Hz         
  [env] raytracing tier                                                 11.0000 tier       
  [env] mesh shader tier                                                10.0000 tier       
  [env] highest shader model                                           104.0000 hex        

== Ray tracing (after 1.5 s warm-up)
  [pso] raytracing state object create, 5 shaders (cpu)                 26.2375 ms         dxc 13.304600 ms
  OMM path: NVAPI (driver exposes OMM without DXR 1.2)

== Building ray-tracing scene (2 km terrain, 100k trees, 3k buildings, 1M grass; THIN foliage: 6 cm leaves x 40k, 4 mm grass blades)
  [rtas] BLAS build terrain 2.1M tris (fast trace)                        3.5953 ms         139 MB
  [rtas] BLAS build city 36k tris                                         0.3092 ms         
  bird-curve decode: 256 indices, 0 missing, 256 distinct cells
  leaf alpha coverage 0.37, OMM level 4: 15.6% microtriangles unknown (need any-hit), 84.4% resolved
  [rtas] BLAS build tree 80k tris (fast trace)                            0.4332 ms         5484 KB
  [rtas] BLAS build tree with OMM leaves (fast trace)                     0.4598 ms         6265 KB
  [rtas] BLAS full build 60k-tri skinned mesh (allow update), per mesh, 64 in flight      93.4400 us         3710 KB each
  [rtas] BLAS refit 60k-tri skinned mesh, per mesh, 64 in flight         15.3120 us         256 characters = 3.919872 ms (expected, linear)
  [rtas] TLAS build 100k instances (fast trace)                           0.2949 ms         28 MB
  [rtas] TLAS build 100k instances (fast build)                           0.2949 ms         
  [rtas] TLAS build 100k instances (fast trace + allow update)            0.2959 ms         
  [rtas] TLAS refit 100k instances                                        0.0522 ms         
  [rtas] TLAS build 1.1M instances (fast trace)                           3.4130 ms         212 MB
  [rtas] TLAS build 1.1M instances (fast trace + allow update)            2.9737 ms         
  [rtas] TLAS refit 1.1M instances                                        1.4060 ms         
  [rays] sanity: primary alpha-tested hit fraction                        1.0000 fraction   
  [rays] RayQuery opaque closest | incoherent long (canopy origins, sphere dirs, 2 km) [thin foliage]       1.1753 Grays/s    3.568640 ms for 4 M rays
  [rays] RayQuery alpha-test any-hit loop | incoherent long (canopy origins, sphere dirs, 2 km) [thin foliage]       0.6917 Grays/s    6.064128 ms for 4 M rays
  [rays] DispatchRays opaque | incoherent long (canopy origins, sphere dirs, 2 km) [thin foliage]       1.3359 Grays/s    3.139584 ms
  [rays] DispatchRays alpha any-hit shader | incoherent long (canopy origins, sphere dirs, 2 km) [thin foliage]       1.2844 Grays/s    3.265536 ms
  [rays] DispatchRays OMM 4-state (unknown -> any-hit) | incoherent long (canopy origins, sphere dirs, 2 km) [thin foliage]       1.0027 Grays/s    4.183040 ms
  [rays] DispatchRays OMM forced 2-state (no any-hit) | incoherent long (canopy origins, sphere dirs, 2 km) [thin foliage]       1.0302 Grays/s    4.071424 ms
  [rays] RayQuery opaque closest | incoherent short (same, tMax 2 m) [thin foliage]       2.7864 Grays/s    1.505280 ms for 4 M rays
  [rays] RayQuery alpha-test any-hit loop | incoherent short (same, tMax 2 m) [thin foliage]       2.4425 Grays/s    1.717248 ms for 4 M rays
  [rays] DispatchRays opaque | incoherent short (same, tMax 2 m) [thin foliage]       2.9425 Grays/s    1.425408 ms
  [rays] DispatchRays alpha any-hit shader | incoherent short (same, tMax 2 m) [thin foliage]       2.7826 Grays/s    1.507328 ms
  [rays] DispatchRays OMM 4-state (unknown -> any-hit) | incoherent short (same, tMax 2 m) [thin foliage]       2.9132 Grays/s    1.439744 ms
  [rays] DispatchRays OMM forced 2-state (no any-hit) | incoherent short (same, tMax 2 m) [thin foliage]       2.9574 Grays/s    1.418240 ms
  [rays] RayQuery opaque closest | primary 3840x2160 camera [thin foliage]       3.7327 Grays/s    2.222080 ms for 8 M rays
  [rays] RayQuery alpha-test any-hit loop | primary 3840x2160 camera [thin foliage]       3.9168 Grays/s    2.117632 ms for 8 M rays
  [rays] DispatchRays opaque | primary 3840x2160 camera [thin foliage]       3.8756 Grays/s    2.140160 ms
  [rays] DispatchRays alpha any-hit shader | primary 3840x2160 camera [thin foliage]       3.8830 Grays/s    2.136064 ms
  [rays] DispatchRays OMM 4-state (unknown -> any-hit) | primary 3840x2160 camera [thin foliage]       3.8775 Grays/s    2.139136 ms
  [rays] DispatchRays OMM forced 2-state (no any-hit) | primary 3840x2160 camera [thin foliage]       3.8775 Grays/s    2.139136 ms
  [rays] RayQuery opaque closest | sun shadow from terrain (0.25 deg jitter) [thin foliage]       0.8782 Grays/s    4.775936 ms for 4 M rays
  [rays] RayQuery opaque first-hit | sun shadow from terrain (0.25 deg jitter) [thin foliage]       1.4755 Grays/s    2.842624 ms for 4 M rays
  [rays] RayQuery alpha-test any-hit loop | sun shadow from terrain (0.25 deg jitter) [thin foliage]       0.5597 Grays/s    7.493632 ms for 4 M rays
  [rays] RayQuery alpha-test first-hit | sun shadow from terrain (0.25 deg jitter) [thin foliage]       0.7133 Grays/s    5.879808 ms for 4 M rays
  [rays] DispatchRays opaque | sun shadow from terrain (0.25 deg jitter) [thin foliage]       1.3999 Grays/s    2.996224 ms
  [rays] DispatchRays alpha any-hit shader | sun shadow from terrain (0.25 deg jitter) [thin foliage]       1.5539 Grays/s    2.699264 ms
  [rays] DispatchRays OMM 4-state (unknown -> any-hit) | sun shadow from terrain (0.25 deg jitter) [thin foliage]       1.1525 Grays/s    3.639296 ms
  [rays] DispatchRays OMM forced 2-state (no any-hit) | sun shadow from terrain (0.25 deg jitter) [thin foliage]       1.0284 Grays/s    4.078592 ms
  [rays] DispatchRays alpha any-hit shader, OMM-enabled pipeline (flag cost) | incoherent long (canopy origins, sphere dirs, 2 km) [thin foliage]       1.1219 Grays/s    3.738624 ms
  [rays] RayQuery opaque closest, +1M grass | incoherent long (canopy origins, sphere dirs, 2 km) [thin foliage]       1.0139 Grays/s    4.136960 ms for 4 M rays
  [rays] RayQuery alpha any-hit loop, +1M grass | incoherent long (canopy origins, sphere dirs, 2 km) [thin foliage]       0.6185 Grays/s    6.780928 ms for 4 M rays
  [rays] RayQuery opaque first-hit, +1M grass | sun shadow from terrain (0.25 deg jitter) [thin foliage]       1.1770 Grays/s    3.563520 ms for 4 M rays
  [rays] RayQuery alpha first-hit, +1M grass | sun shadow from terrain (0.25 deg jitter) [thin foliage]       0.6503 Grays/s    6.450176 ms for 4 M rays
  [rays] RayQuery opaque closest, +1M grass | primary 3840x2160 camera [thin foliage]       3.0659 Grays/s    2.705408 ms for 8 M rays
  [rays] RayQuery no-flags, non-opaque leaves ignored (traversal only) | incoherent long (canopy origins, sphere dirs, 2 km) [thin foliage]       1.4623 Grays/s    2.868224 ms for 4 M rays
  [rays] DispatchRays divergent hit shading (16 paths, 256 MB textures), no SER | incoherent long (canopy origins, sphere dirs, 2 km) [thin foliage]       1.2732 Grays/s    3.294208 ms
  [rays] DispatchRays divergent hit shading (16 paths, 256 MB textures), no SER | primary 3840x2160 camera [thin foliage]       3.8775 Grays/s    2.139136 ms
  [rays] DispatchRays divergent hit shading (16 paths, 256 MB textures), no SER | incoherent short (same, tMax 2 m) [thin foliage]       2.8623 Grays/s    1.465344 ms
  [rays] DispatchRays divergent hit shading, NVAPI SER (reorder by material) | incoherent long (canopy origins, sphere dirs, 2 km) [thin foliage]       1.0460 Grays/s    4.009984 ms
  [rays] DispatchRays divergent hit shading, NVAPI SER (reorder by material) | primary 3840x2160 camera [thin foliage]       3.3430 Grays/s    2.481152 ms
  [rays] DispatchRays divergent hit shading, NVAPI SER (reorder by material) | incoherent short (same, tMax 2 m) [thin foliage]       2.5175 Grays/s    1.666048 ms
  [rays] DispatchRays trivial hit, NVAPI SER (reorder overhead) | incoherent long (canopy origins, sphere dirs, 2 km) [thin foliage]       1.1532 Grays/s    3.637248 ms
