Adapter: NVIDIA GeForce RTX 4080, VRAM 15.7 GB, driver 32.0.15.9186
D3D12Core.dll: C:\Users\USER\UnravelNext\Tools\Microbench\build\D3D12\D3D12Core.dll
Raytracing tier 11 (12 = DXR 1.2/OMM), mesh shader tier 10, shader model 0x68, work graphs tier 10
NVAPI: initialized; opacity micromap cap 1 (status 0), thread reordering cap 1 (status 0)
DXC: C:/Program Files (x86)/Windows Kits/10/bin/10.0.26100.0/x64
  [env] timestamp frequency                                        1000000000.0000 Hz         
  [env] raytracing tier                                                 11.0000 tier       
  [env] mesh shader tier                                                10.0000 tier       
  [env] highest shader model                                           104.0000 hex        

== Ray tracing (after 1.5 s warm-up)
  [pso] raytracing state object create, 5 shaders (cpu)                111.9743 ms         dxc 14.340800 ms
  OMM path: NVAPI (driver exposes OMM without DXR 1.2)

== Building ray-tracing scene (2 km terrain, 100k trees x ~3.3k tris, 3k buildings, 1M grass)
  [rtas] BLAS build terrain 2.1M tris (fast trace)                        3.2502 ms         139 MB
  [rtas] BLAS build city 36k tris                                         0.3062 ms         
  bird-curve decode: 256 indices, 0 missing, 256 distinct cells
  leaf alpha coverage 0.37, OMM level 4: 15.6% microtriangles unknown (need any-hit), 84.4% resolved
  [rtas] BLAS build tree 3.3k tris (fast trace)                           0.2540 ms         229 KB
  [rtas] BLAS build tree with OMM leaves (fast trace)                     0.2642 ms         260 KB
  [rtas] BLAS full build 60k-tri skinned mesh (allow update), per mesh, 64 in flight     102.1120 us         3710 KB each
  [rtas] BLAS refit 60k-tri skinned mesh, per mesh, 64 in flight         15.3120 us         256 characters = 3.919872 ms (expected, linear)
  [rtas] TLAS build 100k instances (fast trace)                           0.2970 ms         28 MB
  [rtas] TLAS build 100k instances (fast build)                           0.2939 ms         
  [rtas] TLAS build 100k instances (fast trace + allow update)            0.2959 ms         
  [rtas] TLAS refit 100k instances                                        0.0532 ms         
  [rtas] TLAS build 1.1M instances (fast trace)                           3.6065 ms         212 MB
  [rtas] TLAS build 1.1M instances (fast trace + allow update)            3.8031 ms         
  [rtas] TLAS refit 1.1M instances                                        1.4326 ms         
  [rays] sanity: primary alpha-tested hit fraction                        1.0000 fraction   
  [rays] RayQuery opaque closest | incoherent long (canopy origins, sphere dirs, 2 km)       1.7762 Grays/s    2.361344 ms for 4 M rays
  [rays] RayQuery alpha-test any-hit loop | incoherent long (canopy origins, sphere dirs, 2 km)       1.0589 Grays/s    3.960832 ms for 4 M rays
  [rays] DispatchRays opaque | incoherent long (canopy origins, sphere dirs, 2 km)       2.0247 Grays/s    2.071552 ms
  [rays] DispatchRays alpha any-hit shader | incoherent long (canopy origins, sphere dirs, 2 km)       1.8269 Grays/s    2.295808 ms
  [rays] DispatchRays OMM 4-state (unknown -> any-hit) | incoherent long (canopy origins, sphere dirs, 2 km)       1.7617 Grays/s    2.380800 ms
  [rays] DispatchRays OMM forced 2-state (no any-hit) | incoherent long (canopy origins, sphere dirs, 2 km)       1.8981 Grays/s    2.209792 ms
  [rays] RayQuery opaque closest | incoherent short (same, tMax 2 m)       3.3964 Grays/s    1.234944 ms for 4 M rays
  [rays] RayQuery alpha-test any-hit loop | incoherent short (same, tMax 2 m)       2.0098 Grays/s    2.086912 ms for 4 M rays
  [rays] DispatchRays opaque | incoherent short (same, tMax 2 m)          2.8825 Grays/s    1.455104 ms
  [rays] DispatchRays alpha any-hit shader | incoherent short (same, tMax 2 m)       2.9257 Grays/s    1.433600 ms
  [rays] DispatchRays OMM 4-state (unknown -> any-hit) | incoherent short (same, tMax 2 m)       2.5222 Grays/s    1.662976 ms
  [rays] DispatchRays OMM forced 2-state (no any-hit) | incoherent short (same, tMax 2 m)       3.6312 Grays/s    1.155072 ms
  [rays] RayQuery opaque closest | primary 3840x2160 camera               2.6566 Grays/s    3.122176 ms for 8 M rays
  [rays] RayQuery alpha-test any-hit loop | primary 3840x2160 camera       2.5995 Grays/s    3.190784 ms for 8 M rays
  [rays] DispatchRays opaque | primary 3840x2160 camera                   2.8571 Grays/s    2.903040 ms
  [rays] DispatchRays alpha any-hit shader | primary 3840x2160 camera       2.6575 Grays/s    3.121152 ms
  [rays] DispatchRays OMM 4-state (unknown -> any-hit) | primary 3840x2160 camera       2.7912 Grays/s    2.971648 ms
  [rays] DispatchRays OMM forced 2-state (no any-hit) | primary 3840x2160 camera       2.6803 Grays/s    3.094528 ms
  [rays] RayQuery opaque closest | sun shadow from terrain (0.25 deg jitter)       1.4613 Grays/s    2.870272 ms for 4 M rays
  [rays] RayQuery opaque first-hit | sun shadow from terrain (0.25 deg jitter)       2.9070 Grays/s    1.442816 ms for 4 M rays
  [rays] RayQuery alpha-test any-hit loop | sun shadow from terrain (0.25 deg jitter)       0.8079 Grays/s    5.191680 ms for 4 M rays
  [rays] RayQuery alpha-test first-hit | sun shadow from terrain (0.25 deg jitter)       1.7117 Grays/s    2.450432 ms for 4 M rays
  [rays] DispatchRays opaque | sun shadow from terrain (0.25 deg jitter)       2.7769 Grays/s    1.510400 ms
  [rays] DispatchRays alpha any-hit shader | sun shadow from terrain (0.25 deg jitter)       2.8444 Grays/s    1.474560 ms
  [rays] DispatchRays OMM 4-state (unknown -> any-hit) | sun shadow from terrain (0.25 deg jitter)       2.5067 Grays/s    1.673216 ms
  [rays] DispatchRays OMM forced 2-state (no any-hit) | sun shadow from terrain (0.25 deg jitter)       2.9617 Grays/s    1.416192 ms
  [rays] DispatchRays alpha any-hit shader, OMM-enabled pipeline (flag cost) | incoherent long (canopy origins, sphere dirs, 2 km)       1.5261 Grays/s    2.748416 ms
  [rays] RayQuery opaque closest, +1M grass | incoherent long (canopy origins, sphere dirs, 2 km)       1.6025 Grays/s    2.617344 ms for 4 M rays
  [rays] RayQuery alpha any-hit loop, +1M grass | incoherent long (canopy origins, sphere dirs, 2 km)       0.9635 Grays/s    4.353024 ms for 4 M rays
  [rays] RayQuery opaque first-hit, +1M grass | sun shadow from terrain (0.25 deg jitter)       2.1683 Grays/s    1.934336 ms for 4 M rays
  [rays] RayQuery alpha first-hit, +1M grass | sun shadow from terrain (0.25 deg jitter)       1.3474 Grays/s    3.112960 ms for 4 M rays
  [rays] RayQuery opaque closest, +1M grass | primary 3840x2160 camera       2.7172 Grays/s    3.052544 ms for 8 M rays
  [rays] RayQuery no-flags, non-opaque leaves ignored (traversal only) | incoherent long (canopy origins, sphere dirs, 2 km)       2.9876 Grays/s    1.403904 ms for 4 M rays
  [rays] DispatchRays heavy divergent hit shading (8 textures), no SER | incoherent long (canopy origins, sphere dirs, 2 km)       1.5114 Grays/s    2.775040 ms
  [rays] DispatchRays heavy divergent hit shading (8 textures), no SER | primary 3840x2160 camera       2.6901 Grays/s    3.083264 ms
  [rays] DispatchRays heavy divergent hit shading, NVAPI SER (reorder by instance) | incoherent long (canopy origins, sphere dirs, 2 km)       1.4993 Grays/s    2.797568 ms
  [rays] DispatchRays heavy divergent hit shading, NVAPI SER (reorder by instance) | primary 3840x2160 camera       2.6910 Grays/s    3.082240 ms
  [rays] DispatchRays trivial hit, NVAPI SER (reorder overhead) | incoherent long (canopy origins, sphere dirs, 2 km)       1.5075 Grays/s    2.782208 ms
