Adapter: NVIDIA GeForce RTX 4080, VRAM 15.7 GB, driver 32.0.15.9186
D3D12Core.dll: C:\Users\USER\UnravelNext\Tools\Microbench\build\D3D12\D3D12Core.dll
Raytracing tier 11 (12 = DXR 1.2/OMM), mesh shader tier 10, shader model 0x68, work graphs tier 10
NVAPI: initialized; opacity micromap cap 1 (status 0), thread reordering cap 1 (status 0)
DXC: C:/Program Files (x86)/Windows Kits/10/bin/10.0.26100.0/x64
  [env] timestamp frequency                                        1000000000.0000 Hz         
  [env] raytracing tier                                                 11.0000 tier       
  [env] mesh shader tier                                                10.0000 tier       
  [env] highest shader model                                           104.0000 hex        

== Memory (after 1.5 s warm-up)
  [memory] sequential write 1 GiB, hashed (incompressible) data           638.9860 GB/s       
  [memory] sequential read 1 GiB of hashed data                           688.4938 GB/s       true DRAM read floor
  [memory] sequential write 1 GiB, structured (compressible) data         622.6698 GB/s       
  [memory] sequential read 1 GiB of structured data                       694.8814 GB/s       compression inflated
  [memory] copy 512 MiB read + 512 MiB write                              608.5757 GB/s       read+write bytes summed
  [memory] cached loads, each group re-reads its own 4 KB (L1-resident)   13107.2000 GB/s       SM load-path ceiling
  [memory] random 4 KB chunk reads, 1 GiB traffic, 8 MiB window          4032.9846 GB/s       L2 resident (64 MB L2)
  [memory] random 4 KB chunk reads, 1 GiB traffic, 32 MiB window         3986.9810 GB/s       L2 resident (64 MB L2)
  [memory] random 4 KB chunk reads, 1 GiB traffic, 64 MiB window         3971.8788 GB/s       beyond L2
  [memory] random 4 KB chunk reads, 1 GiB traffic, 128 MiB window        1385.1731 GB/s       beyond L2
  [memory] random 4 KB chunk reads, 1 GiB traffic, 512 MiB window         789.5904 GB/s       beyond L2
  [memory] random 4 B loads, 1024 MiB window                                4.9735 Gloads/s   159.152463 GB/s at 32 B sectors
  [memory] random 4 B loads, 32 MiB window                                 64.7589 Gloads/s   2072.284585 GB/s at 32 B sectors
  [memory] random 4 B loads, 2 MiB window                                  66.3320 Gloads/s   2122.623482 GB/s at 32 B sectors
  [memory] random 64 B loads, 1024 MiB window                               4.9652 Gloads/s   317.774377 GB/s useful
  [memory] random 64 B loads, 32 MiB window                                55.3514 Gloads/s   3542.486486 GB/s useful
  [memory] random 64 B loads, 2 MiB window                                 57.0374 Gloads/s   3650.395126 GB/s useful
  [memory] dependent load latency, 262144 KiB working set                 243.1406 ns/load    single thread pointer chase
  [memory] dependent load latency, 4096 KiB working set                   123.3750 ns/load    single thread pointer chase
  [memory] dependent load latency, 64 KiB working set                      35.4375 ns/load    single thread pointer chase

== Texture (after 1.5 s warm-up)
  [texture] RGBA8 4096^2 coherent bilinear lod0                            814.1118 Gsamples/s 
  [texture] RGBA8 4096^2 incoherent bilinear lod0                           24.7890 Gsamples/s 
  [texture] RGBA8 4096^2 coherent trilinear SampleGrad                     361.5779 Gsamples/s 
  [texture] RGBA8 4096^2 coherent point lod0                               652.0995 Gsamples/s 

== Atomics / dispatch overhead (after 1.5 s warm-up)
  [atomics] InterlockedAdd, single address                                   2.1815 Gatomics/s 
  [atomics] InterlockedAdd, 256 addresses                                    3.0358 Gatomics/s 
  [atomics] InterlockedAdd, 1048576 addresses                               63.3810 Gatomics/s 
  [dispatch] 1000 x Dispatch(1) no barrier                                    0.0389 us/dispatch 
  [dispatch] 1000 x Dispatch(1) + UAV barrier                                 0.8847 us/dispatch fixed cost floor of one dependent pass
  [dispatch] 1000 x (PSO switch + constants + Dispatch(1) + UAV barrier)       0.8858 us/dispatch 
  [dispatch] 1000 x Dispatch(1024 groups of 64) + UAV barrier                 1.4172 us/dispatch 65k-thread pass with real work

== Raster (mesh shader, 3840x2160 R32_UINT visibility + D32) (after 1.5 s warm-up)
  [pso] mesh+pixel graphics PSO create (cpu)                             1.4247 ms         
  [pso] mesh depth-only graphics PSO create (cpu)                        0.0093 ms         
  [raster] meshlet launch only (174k meshlets, zero output)              1148.6486 Mmeshlets/s 0.151552 ms incl. depth clear
  [raster] 4K depth clear alone                                             0.0041 ms         
  [raster] 16.7M tris, edge 0.5 px, vis id + depth                         28.4300 Gtris/s    0.600064 ms
  [raster] 16.7M tris, edge 0.5 px, depth only                             32.9290 Gtris/s    0.518080 ms
  [raster] 16.7M tris, edge 1.0 px, vis id + depth                         22.5135 Gtris/s    0.757760 ms
  [raster] 16.7M tris, edge 1.0 px, depth only                             23.0748 Gtris/s    0.739328 ms
  [raster] 16.7M tris, edge 2.0 px, vis id + depth                         12.9047 Gtris/s    1.321984 ms
  [raster] 16.7M tris, edge 2.0 px, depth only                             12.9247 Gtris/s    1.319936 ms
  [raster] 16.7M tris, edge 4.0 px, vis id + depth                          9.1188 Gtris/s    1.870848 ms
  [raster] 16.7M tris, edge 4.0 px, depth only                              9.3386 Gtris/s    1.826816 ms
  [raster] 16.7M tris, edge 8.0 px, vis id + depth                          5.9692 Gtris/s    2.857984 ms
  [raster] 16.7M tris, edge 8.0 px, depth only                              6.0714 Gtris/s    2.809856 ms
  [raster] 16.7M tris, edge 16.0 px, vis id + depth                         3.3677 Gtris/s    5.065728 ms
  [raster] 16.7M tris, edge 16.0 px, depth only                             3.4202 Gtris/s    4.987904 ms
  [raster] 16.7M tris, edge 32.0 px, vis id + depth                         2.3608 Gtris/s    7.226368 ms
  [raster] 16.7M tris, edge 32.0 px, depth only                             2.4023 Gtris/s    7.101440 ms
  [raster] 16.7M tris, edge 2 px, 50% culled by SV_CullPrimitive           21.5803 Gtris/s (emitted) 0.790528 ms
  [raster] 174k meshlets x 1 triangle (edge 2 px)                        1148.6486 Mtris/s    per-meshlet overhead bound
  [raster] 32 full-screen layers back-to-front (all pass, vis id + depth write)     279.9136 Gpix/s     0.948224 ms
  [raster] 32 full-screen layers back-to-front, depth only               1112.4464 Gpix/s     0.238592 ms
  [raster] 32 full-screen layers front-to-back (early-z reject)          3016.1455 Gpix/s     0.088000 ms
  [raster] 32 full-screen layers front-to-back, depth only (early-z reject)    3868.6567 Gpix/s     0.068608 ms

== Ray tracing (after 1.5 s warm-up)
  [pso] raytracing state object create, 5 shaders (cpu)                 31.3008 ms         dxc 18.674300 ms
  OMM path: NVAPI (driver exposes OMM without DXR 1.2)

== Building ray-tracing scene (2 km terrain, 100k trees x ~3.3k tris, 3k buildings, 1M grass)
  [rtas] BLAS build terrain 2.1M tris (fast trace)                        3.5205 ms         139 MB
  [rtas] BLAS build city 36k tris                                         0.3256 ms         
  bird-curve decode: 256 indices, 0 missing, 256 distinct cells
  leaf alpha coverage 0.37, OMM level 4: 15.6% microtriangles unknown (need any-hit), 84.4% resolved
  [rtas] BLAS build tree 3.3k tris (fast trace)                           0.2540 ms         229 KB
  [rtas] BLAS build tree with OMM leaves (fast trace)                     0.2642 ms         260 KB
  [rtas] BLAS full build 60k-tri skinned mesh (allow update), per mesh, 64 in flight      96.1265 us         3710 KB each
  [rtas] BLAS refit 60k-tri skinned mesh, per mesh, 64 in flight         15.3600 us         256 characters = 3.932160 ms (expected, linear)
  [rtas] TLAS build 100k instances (fast trace)                           0.2970 ms         28 MB
  [rtas] TLAS build 100k instances (fast build)                           0.2939 ms         
  [rtas] TLAS build 100k instances (fast trace + allow update)            0.2939 ms         
  [rtas] TLAS refit 100k instances                                        0.0522 ms         
  [rtas] TLAS build 1.1M instances (fast trace)                           3.5328 ms         212 MB
  [rtas] TLAS build 1.1M instances (fast trace + allow update)            3.6291 ms         
  [rtas] TLAS refit 1.1M instances                                        1.8094 ms         
  [rays] sanity: primary alpha-tested hit fraction                        1.0000 fraction   
  [rays] RayQuery opaque closest | incoherent long (canopy origins, sphere dirs, 2 km)       1.8028 Grays/s    2.326528 ms for 4 M rays
  [rays] RayQuery alpha-test any-hit loop | incoherent long (canopy origins, sphere dirs, 2 km)       1.0462 Grays/s    4.008960 ms for 4 M rays
  [rays] DispatchRays opaque | incoherent long (canopy origins, sphere dirs, 2 km)       2.0148 Grays/s    2.081792 ms
  [rays] DispatchRays alpha any-hit shader | incoherent long (canopy origins, sphere dirs, 2 km)       1.8092 Grays/s    2.318336 ms
  [rays] DispatchRays OMM 4-state (unknown -> any-hit) | incoherent long (canopy origins, sphere dirs, 2 km)       1.9912 Grays/s    2.106368 ms
  [rays] DispatchRays OMM forced 2-state (no any-hit) | incoherent long (canopy origins, sphere dirs, 2 km)       1.8132 Grays/s    2.313216 ms
  [rays] RayQuery opaque closest | incoherent short (same, tMax 2 m)       3.1801 Grays/s    1.318912 ms for 4 M rays
  [rays] RayQuery alpha-test any-hit loop | incoherent short (same, tMax 2 m)       1.9194 Grays/s    2.185216 ms for 4 M rays
  [rays] DispatchRays opaque | incoherent short (same, tMax 2 m)          3.2328 Grays/s    1.297408 ms
  [rays] DispatchRays alpha any-hit shader | incoherent short (same, tMax 2 m)       2.9174 Grays/s    1.437696 ms
  [rays] DispatchRays OMM 4-state (unknown -> any-hit) | incoherent short (same, tMax 2 m)       3.5310 Grays/s    1.187840 ms
  [rays] DispatchRays OMM forced 2-state (no any-hit) | incoherent short (same, tMax 2 m)       3.6312 Grays/s    1.155072 ms
  [rays] RayQuery opaque closest | primary 3840x2160 camera               2.8481 Grays/s    2.912256 ms for 8 M rays
  [rays] RayQuery alpha-test any-hit loop | primary 3840x2160 camera       3.2452 Grays/s    2.555904 ms for 8 M rays
  [rays] DispatchRays opaque | primary 3840x2160 camera                   2.9747 Grays/s    2.788352 ms
  [rays] DispatchRays alpha any-hit shader | primary 3840x2160 camera       2.9978 Grays/s    2.766848 ms
  [rays] DispatchRays OMM 4-state (unknown -> any-hit) | primary 3840x2160 camera       2.9605 Grays/s    2.801664 ms
  [rays] DispatchRays OMM forced 2-state (no any-hit) | primary 3840x2160 camera       2.9530 Grays/s    2.808832 ms
  [rays] RayQuery opaque closest | sun shadow from terrain (0.25 deg jitter)       1.3523 Grays/s    3.101696 ms for 4 M rays
  [rays] RayQuery opaque first-hit | sun shadow from terrain (0.25 deg jitter)       3.1148 Grays/s    1.346560 ms for 4 M rays
  [rays] RayQuery alpha-test any-hit loop | sun shadow from terrain (0.25 deg jitter)       0.8084 Grays/s    5.188608 ms for 4 M rays
  [rays] RayQuery alpha-test first-hit | sun shadow from terrain (0.25 deg jitter)       1.5266 Grays/s    2.747392 ms for 4 M rays
  [rays] DispatchRays opaque | sun shadow from terrain (0.25 deg jitter)       3.0983 Grays/s    1.353728 ms
  [rays] DispatchRays alpha any-hit shader | sun shadow from terrain (0.25 deg jitter)       3.1483 Grays/s    1.332224 ms
  [rays] DispatchRays OMM 4-state (unknown -> any-hit) | sun shadow from terrain (0.25 deg jitter)       2.9724 Grays/s    1.411072 ms
  [rays] DispatchRays OMM forced 2-state (no any-hit) | sun shadow from terrain (0.25 deg jitter)       2.6736 Grays/s    1.568768 ms
  [rays] DispatchRays alpha any-hit shader, OMM-enabled pipeline (flag cost) | incoherent long (canopy origins, sphere dirs, 2 km)       1.6101 Grays/s    2.605056 ms
  [rays] RayQuery opaque closest, +1M grass | incoherent long (canopy origins, sphere dirs, 2 km)       1.9122 Grays/s    2.193408 ms for 4 M rays
  [rays] RayQuery alpha any-hit loop, +1M grass | incoherent long (canopy origins, sphere dirs, 2 km)       0.9858 Grays/s    4.254720 ms for 4 M rays
  [rays] RayQuery opaque first-hit, +1M grass | sun shadow from terrain (0.25 deg jitter)       2.8113 Grays/s    1.491968 ms for 4 M rays
  [rays] RayQuery alpha first-hit, +1M grass | sun shadow from terrain (0.25 deg jitter)       1.4618 Grays/s    2.869248 ms for 4 M rays
  [rays] RayQuery opaque closest, +1M grass | primary 3840x2160 camera       2.6376 Grays/s    3.144704 ms for 8 M rays
  [rays] RayQuery no-flags, non-opaque leaves ignored (traversal only) | incoherent long (canopy origins, sphere dirs, 2 km)       2.9050 Grays/s    1.443840 ms for 4 M rays
  [rays] DispatchRays heavy divergent hit shading (8 textures), no SER | incoherent long (canopy origins, sphere dirs, 2 km)       1.9131 Grays/s    2.192384 ms
  [rays] DispatchRays heavy divergent hit shading (8 textures), no SER | primary 3840x2160 camera       2.9703 Grays/s    2.792448 ms
  [rays] DispatchRays heavy divergent hit shading, NVAPI SER (reorder by instance) | incoherent long (canopy origins, sphere dirs, 2 km)       1.5634 Grays/s    2.682880 ms
  [rays] DispatchRays heavy divergent hit shading, NVAPI SER (reorder by instance) | primary 3840x2160 camera       2.8642 Grays/s    2.895872 ms
  [rays] DispatchRays trivial hit, NVAPI SER (reorder overhead) | incoherent long (canopy origins, sphere dirs, 2 km)       1.8442 Grays/s    2.274304 ms

== PSO compile time vs DXIL size (unique constants defeat the driver cache; 'warm' recreates the same blob)
  [pso] compute PSO, 32 stages, DXIL 14 KB: cold create                 28.9870 ms         dxc 28.302800 ms, warm recreate 1.586100 ms, 2.065889 ms/KB
  [pso] compute PSO, 128 stages, DXIL 53 KB: cold create               167.9165 ms         dxc 128.784700 ms, warm recreate 3.899400 ms, 3.190339 ms/KB
  [pso] compute PSO, 512 stages, DXIL 205 KB: cold create              775.2660 ms         dxc 633.993000 ms, warm recreate 15.453000 ms, 3.785247 ms/KB
  [pso] compute PSO, 2048 stages, DXIL 871 KB: cold create            4863.3133 ms         dxc 3485.903300 ms, warm recreate 102.026900 ms, 5.585626 ms/KB
  [pso] compute PSO, 8192 stages, DXIL 3501 KB: cold create          17917.7684 ms         dxc 27027.723300 ms, warm recreate 296.495500 ms, 5.117318 ms/KB
  [pso] compute PSO, 32768 stages, DXIL 14098 KB: cold create       136490.3972 ms         dxc 382049.666800 ms, warm recreate 1729.920900 ms, 9.681428 ms/KB
  stopping: cold compile exceeded 20 s

== Async compute overlap (wall clock; raster on direct queue, compute on compute queue) (after 1.5 s warm-up)
  [async] raster 16.7M tris alone (wall)                                   1.6252 ms         
  [async] fma compute alone (wall)                                         6.0737 ms         
  [async] raster + fma concurrent (wall)                                   7.5381 ms         serial sum 7.698900 ms, overlap gain 2.088610 %
  [async] bandwidth read alone (wall)                                      1.8329 ms         
  [async] raster + bandwidth read concurrent (wall)                        3.2363 ms         serial sum 3.458100 ms, overlap gain 6.413926 %
