    colour 4K-asphalt_10_Diffuse.jpg                        2048 x 2048: worst level PSNR  47.46 dB, max error  17
    gray   4K-asphalt_10_Displacement.jpg                   2048 x 2048: worst level PSNR  40.10 dB, max error  23
    normal 4K-asphalt_10_Normal.jpg                         2048 x 2048: worst level PSNR 999.00 dB, max error   0
    colour Braided_Woven_Cotton_Fabric_Base_Color.jpg       2048 x 2048: worst level PSNR  50.08 dB, max error   8
    gray   Braided_Woven_Cotton_Fabric_Height.jpg           2048 x 2048: worst level PSNR  53.97 dB, max error   1
    normal Braided_Woven_Cotton_Fabric_Normal.jpg           2048 x 2048: worst level PSNR 999.00 dB, max error   0
    gray   Braided_Woven_Cotton_Fabric_Roughness.jpg        2048 x 2048: worst level PSNR  50.42 dB, max error   2
    gray   bricks02_ao.jpg.001.jpg                          2452 x 2452: worst level PSNR  37.39 dB, max error  22
    colour bricks02_diffuse.jpg                             2452 x 2452: worst level PSNR  41.37 dB, max error  34
    gray   bricks02_glossiness.jpg.001.jpg                  2452 x 2452: worst level PSNR  36.65 dB, max error  24
    gray   bricks02_height.jpg.001.jpg                      2452 x 2452: worst level PSNR  42.58 dB, max error   7
    normal bricks02_normal.jpg.001.jpg                      2452 x 2452: worst level PSNR 999.00 dB, max error   0
    normal BrickWall_08_normals.webp.jpg                    2048 x 2048: worst level PSNR 999.00 dB, max error   0
    normal BrickWall_08_normals_height.webp.jpg             2048 x 2048: worst level PSNR 999.00 dB, max error   0
    normal BrickWall_08_normals_height_curvature.webp.png   2048 x 2048: worst level PSNR 999.00 dB, max error   0
    colour brown_planks_03_diff_4k.jpg                      2048 x 2048: worst level PSNR  47.82 dB, max error  11
    gray   brown_planks_03_Disp_4k.jpg                      2048 x 2048: worst level PSNR  62.17 dB, max error   1
    normal brown_planks_03_Nor_4k.jpg                       2048 x 2048: worst level PSNR 999.00 dB, max error   0
    gray   brown_planks_03_rough_4k.jpg                     2048 x 2048: worst level PSNR  50.33 dB, max error   5
    colour concrete_wall_diffuse.jpg                        2000 x 2000: worst level PSNR  48.60 dB, max error   9
    gray   concrete_wall_rough.jpg                          2000 x 2000: worst level PSNR  41.91 dB, max error  16
    gray   concrete_wall_spec_AO_bump.jpg                   2000 x 2000: worst level PSNR  41.94 dB, max error  13
    colour GWC_Wood_Panel_05_BaseColor.jpg                  2048 x 2048: worst level PSNR  52.62 dB, max error   5
    gray   GWC_Wood_Panel_05_Displacement.jpg               2048 x 2048: worst level PSNR  45.21 dB, max error   3
    normal GWC_Wood_Panel_05_Normal.jpg                     2048 x 2048: worst level PSNR 999.00 dB, max error   0
    gray   GWC_Wood_Panel_05_Roughness.jpg                  2048 x 2048: worst level PSNR 999.00 dB, max error   0
    normal normal_map.jpg.003.jpg                           2000 x 2000: worst level PSNR 999.00 dB, max error   0
    normal normal_rock_05k.jpg                               512 x  512: worst level PSNR 999.00 dB, max error   0
    colour rock-22_diffuse.jpg                              2048 x 2048: worst level PSNR  41.82 dB, max error  21
    colour rock-22_diffuse_normals.jpg                      2048 x 2048: worst level PSNR 999.00 dB, max error   0
    colour rock-22_diffuse_normals_height.jpg               2048 x 2048: worst level PSNR 999.00 dB, max error   0
    gray   rock-22_rough.jpg                                2048 x 2048: worst level PSNR  40.43 dB, max error  12
    colour stone-171_diffuse.jpg                            2048 x 2048: worst level PSNR  44.99 dB, max error  15
    gray   stone-171_height.jpg                             2048 x 2048: worst level PSNR  33.36 dB, max error  13
    normal stone-171_normal.jpg                             2048 x 2048: worst level PSNR 999.00 dB, max error   0
    gray   stone-171_roughness.jpg                          2048 x 2048: worst level PSNR  39.44 dB, max error   7
    gray   wall02_ao.jpg                                    2048 x 2048: worst level PSNR  32.35 dB, max error  25
    colour wall02_diffuse.jpg                               2048 x 2048: worst level PSNR  46.59 dB, max error  12
    gray   wall02_glossiness.jpg                            2048 x 2048: worst level PSNR  43.61 dB, max error   7
    gray   wall02_height.jpg                                2048 x 2048: worst level PSNR  47.76 dB, max error   5
    normal wall02_normal.jpg                                2048 x 2048: worst level PSNR 999.00 dB, max error   0
    colour wall_stone_8_diffuse_xtm.jpg                     3000 x 3000: worst level PSNR  41.50 dB, max error  23
    gray   wall_stone_8_displace_xtm.jpg                    3000 x 3000: worst level PSNR  38.58 dB, max error  10
    normal wall_stone_8_normal_xtm.jpg                      3000 x 3000: worst level PSNR 999.00 dB, max error   0
    colour WeaveFabric05_BaseColor2K.tga                    2048 x 2048: worst level PSNR  50.44 dB, max error   8
    normal WeaveFabric05_Normal2K_GL.tga                    2048 x 2048: worst level PSNR 999.00 dB, max error   0
    colour wood-105_diffuse.jpg                             2048 x 2048: worst level PSNR  47.48 dB, max error  13
    colour wood-105_diffuse_normals_height.jpg              2048 x 2048: worst level PSNR 999.00 dB, max error   0
    normal wood-105_normal.jpg                              2048 x 2048: worst level PSNR 999.00 dB, max error   0
    colour wood-5-dark_diffuse.jpg                          2048 x 2048: worst level PSNR  50.28 dB, max error   8
    gray   wood-5_height.jpg                                2048 x 2048: worst level PSNR  40.96 dB, max error  15
    normal wood-5_normal_normal.jpg                         2048 x 2048: worst level PSNR 999.00 dB, max error   0
    colour Wood02_basecolor.tga                             2048 x 2048: worst level PSNR  47.43 dB, max error  11
    gray   Wood02_height.tga                                2048 x 2048: worst level PSNR  37.96 dB, max error  16
    normal Wood02_normal.tga                                2048 x 2048: worst level PSNR 999.00 dB, max error   0
    colour wood03_diffuse.jpg                               2048 x 2048: worst level PSNR  45.87 dB, max error  11
    gray   wood03_height.jpg                                2048 x 2048: worst level PSNR  51.96 dB, max error   3
    normal wood03_normal_opengl.jpg                         2048 x 2048: worst level PSNR 999.00 dB, max error   0
    gray   wood03_roughness.jpg                             2048 x 2048: worst level PSNR  50.82 dB, max error   3
    colour wood04_diffuse.jpg                               2048 x 2048: worst level PSNR  40.07 dB, max error  28
    gray   wood04_glossiness.jpg                            2048 x 2048: worst level PSNR  48.95 dB, max error   7
    gray   wood04_height.jpg                                2048 x 2048: worst level PSNR  55.52 dB, max error   2
    normal wood04_opengl_normal.jpg                         2048 x 2048: worst level PSNR 999.00 dB, max error   0
    colour woodparquet_75_BaseColor.jpg                     2048 x 2048: worst level PSNR  51.05 dB, max error   5
    gray   woodparquet_75_Height.jpg                        2048 x 2048: worst level PSNR 999.00 dB, max error   0
    normal woodparquet_75_Normal.jpg                        2048 x 2048: worst level PSNR 999.00 dB, max error   0
    gray   woodparquet_75_Roughness.jpg                     2048 x 2048: worst level PSNR  57.43 dB, max error   1
    colour Wood_Rough_BaseColor.tif                         2048 x 2048: worst level PSNR  43.94 dB, max error  25
    gray   Wood_Rough_Displacement.tif                      2048 x 2048: worst level PSNR  42.86 dB, max error   9
    normal Wood_Rough_Normal.tif                            2048 x 2048: worst level PSNR 999.00 dB, max error   0
    gray   Wood_Rough_Roughness.tif                         2048 x 2048: worst level PSNR  54.75 dB, max error   4
    colour _Diffuse_.jpg                                    2048 x 2048: worst level PSNR  50.08 dB, max error  18
    gray   _Height_.jpg                                     2048 x 2048: worst level PSNR  48.14 dB, max error  13
    normal _Normal_.jpg                                     2048 x 2048: worst level PSNR 999.00 dB, max error   0
    gray   _Roughness_.jpg                                  2048 x 2048: worst level PSNR  50.72 dB, max error   4
    colour: 22 textures, worst-level PSNR min / median 40.07 / 47.82 dB, max error median / max 11 / 34; 17 within the bound
    gray: 31 textures, worst-level PSNR min / median 32.35 / 45.21 dB, max error median / max 7 / 25; 16 within the bound
PASS approved_asset_images
1/1 passed
GpuLock.ps1: background: cpu 8 s >= 4 cores, peak 5.1 cores
