RayScene: 1 static + 0 dynamic instances (0 deformed), 1 mesh BLAS (12 tris, 0.0 MB compacted from 0.0 MB), deformed 0 tris / 0 verts (0 above proxy budget), TLAS static 0.0 MB dynamic 0.02 MB, load 8 ms (records and mesh BLAS 3.5, proxies 0.0, deformed setup 1.1, static TLAS and records 1.6, first dynamic build 1.6)
RayScene resident (MB): static BLAS+TLAS 0.0 (BLAS 0.0, TLAS 0.00, descs+scratch 0.00), dynamic AS 0.0 (deformed BLAS 0.0, scratch 0.0, TLAS+scratch+descs 0.03, emitters 0.000), deformed vertices 0.0, records 0.0 (instances, geometries, proxy indices, vertex map, deform jobs)
GI cache: 200000 entries, 524288 table slots, 250.8 MB (texels 97.7 MB), finest cell 0.062 m, cell 0.50 deg, 500000 rays = 7812 hemisphere updates per frame
  frame   0: mean E 2.1903 (expected 6.2832, -65.14 %), min 0.0000 max 3.6085, worst probe 100.00 %; K radiance mean 0.6975 (expected 2.0000), worst 100.00 %
  frame   1: mean E 3.2166 (expected 6.2832, -48.81 %), min 0.0000 max 4.3834, worst probe 100.00 %; K radiance mean 1.0642 (expected 2.0000), worst 100.00 %
  frame   2: mean E 3.8242 (expected 6.2832, -39.14 %), min 2.7643 max 5.2877, worst probe 56.01 %; K radiance mean 1.2542 (expected 2.0000), worst 50.00 %
  frame   4: mean E 5.2036 (expected 6.2832, -17.18 %), min 4.4580 max 6.0364, worst probe 29.05 %; K radiance mean 1.6708 (expected 2.0000), worst 26.04 %
  frame   8: mean E 5.4407 (expected 6.2832, -13.41 %), min 4.7286 max 6.1199, worst probe 24.74 %; K radiance mean 1.7420 (expected 2.0000), worst 25.83 %
  frame  16: mean E 6.0883 (expected 6.2832, -3.10 %), min 5.4937 max 6.7171, worst probe 12.57 %; K radiance mean 1.9339 (expected 2.0000), worst 9.27 %
  frame  32: mean E 6.2331 (expected 6.2832, -0.80 %), min 5.6666 max 6.8084, worst probe 9.81 %; K radiance mean 1.9912 (expected 2.0000), worst 4.95 %
  frame  64: mean E 6.2941 (expected 6.2832, +0.17 %), min 6.1174 max 6.4586, worst probe 2.79 %; K radiance mean 2.0022 (expected 2.0000), worst 1.57 %
  frame 128: mean E 6.2841 (expected 6.2832, +0.02 %), min 6.2081 max 6.3776, worst probe 1.50 %; K radiance mean 2.0007 (expected 2.0000), worst 0.85 %
  frame 159: mean E 6.2832 (expected 6.2832, -0.00 %), min 6.2209 max 6.3513, worst probe 1.08 %; K radiance mean 2.0005 (expected 2.0000), worst 0.84 %
  cache maps at 32776 probe points: mean E 6.28351 (expected 6.28319, +0.005 %), worst 1.328 %
  M's per-pixel cache irradiance at 32776 probe points: |error| mean 0.221 %, P99 0.764 %, worst 1.328 % (partner corners); before (coarser fill): mean 0.211 %, P99 0.741 %, worst 1.654 %
    P99 0.795 %; worst at (0.075, 1.560, -6.000) n (0.00, 0.00, 1.00): 6.19972 against 6.28319
  cache after the last frame: 32432 live, 167567 free, 24144 requested, 7812 selected + 0 background updates, 16430 hit entries, 1 created, 2 resets, 0 allocation failures, 0 table overflows
RayScene: 1 static + 0 dynamic instances (0 deformed), 1 mesh BLAS (12 tris, 0.0 MB compacted from 0.0 MB), deformed 0 tris / 0 verts (0 above proxy budget), TLAS static 0.0 MB dynamic 0.02 MB, load 6 ms (records and mesh BLAS 1.4, proxies 0.0, deformed setup 1.1, static TLAS and records 2.1, first dynamic build 1.1)
RayScene resident (MB): static BLAS+TLAS 0.0 (BLAS 0.0, TLAS 0.00, descs+scratch 0.00), dynamic AS 0.0 (deformed BLAS 0.0, scratch 0.0, TLAS+scratch+descs 0.03, emitters 0.000), deformed vertices 0.0, records 0.0 (instances, geometries, proxy indices, vertex map, deform jobs)
GI cache: 200000 entries, 524288 table slots, 250.8 MB (texels 97.7 MB), finest cell 0.062 m, cell 0.50 deg, 500000 rays = 7812 hemisphere updates per frame
  frame   0: mean E 2.1962 (expected 6.2832, -65.05 %), min 0.0000 max 3.5691, worst probe 100.00 %; K radiance mean 0.6988 (expected 2.0000), worst 100.00 %
  frame   1: mean E 3.2165 (expected 6.2832, -48.81 %), min 0.0000 max 4.3690, worst probe 100.00 %; K radiance mean 1.0687 (expected 2.0000), worst 100.00 %
  frame   2: mean E 3.7928 (expected 6.2832, -39.64 %), min 2.7702 max 5.3818, worst probe 55.91 %; K radiance mean 1.2495 (expected 2.0000), worst 50.00 %
  frame   4: mean E 5.2269 (expected 6.2832, -16.81 %), min 4.4743 max 5.9657, worst probe 28.79 %; K radiance mean 1.6862 (expected 2.0000), worst 26.00 %
  frame   8: mean E 5.4335 (expected 6.2832, -13.52 %), min 4.8038 max 6.2182, worst probe 23.55 %; K radiance mean 1.7465 (expected 2.0000), worst 25.89 %
  frame  16: mean E 6.0876 (expected 6.2832, -3.11 %), min 5.4746 max 6.7049, worst probe 12.87 %; K radiance mean 1.9423 (expected 2.0000), worst 9.97 %
  frame  32: mean E 6.2791 (expected 6.2832, -0.07 %), min 5.6477 max 6.8622, worst probe 10.11 %; K radiance mean 1.9988 (expected 2.0000), worst 4.70 %
  frame  64: mean E 6.2870 (expected 6.2832, +0.06 %), min 6.1447 max 6.4855, worst probe 3.22 %; K radiance mean 2.0004 (expected 2.0000), worst 1.66 %
  frame 128: mean E 6.2754 (expected 6.2832, -0.12 %), min 6.1836 max 6.3677, worst probe 1.59 %; K radiance mean 1.9982 (expected 2.0000), worst 0.95 %
  frame 159: mean E 6.2744 (expected 6.2832, -0.14 %), min 6.1993 max 6.3418, worst probe 1.34 %; K radiance mean 1.9981 (expected 2.0000), worst 0.92 %
  cache maps at 32776 probe points: mean E 6.27443 (expected 6.28319, -0.139 %), worst 1.852 %
  M's per-pixel cache irradiance at 32776 probe points: |error| mean 0.253 %, P99 0.842 %, worst 1.646 % (partner corners); before (coarser fill): mean 0.255 %, P99 0.924 %, worst 1.646 %
    P99 0.869 %; worst at (-0.438, 0.000, -3.747) n (0.00, 1.00, 0.00): 6.16681 against 6.28319
  cache after the last frame: 32467 live, 167528 free, 24162 requested, 7812 selected + 0 background updates, 16111 hit entries, 5 created, 1 resets, 0 allocation failures, 0 table overflows
  differing values by field: irradiance/occlusion 98328, K radiance 130970, position 32768, normal 32774
determinism off: two furnace runs, 294840 of 524416 probe values not bit-identical
RayScene: 1 static + 0 dynamic instances (0 deformed), 1 mesh BLAS (12 tris, 0.0 MB compacted from 0.0 MB), deformed 0 tris / 0 verts (0 above proxy budget), TLAS static 0.0 MB dynamic 0.02 MB, load 7 ms (records and mesh BLAS 1.4, proxies 0.0, deformed setup 2.0, static TLAS and records 2.4, first dynamic build 1.2)
RayScene resident (MB): static BLAS+TLAS 0.0 (BLAS 0.0, TLAS 0.00, descs+scratch 0.00), dynamic AS 0.0 (deformed BLAS 0.0, scratch 0.0, TLAS+scratch+descs 0.03, emitters 0.000), deformed vertices 0.0, records 0.0 (instances, geometries, proxy indices, vertex map, deform jobs)
GI cache: 200000 entries, 524288 table slots, 250.8 MB (texels 97.7 MB), finest cell 0.062 m, cell 0.50 deg, 500000 rays = 7812 hemisphere updates per frame
  frame   0: mean E 2.8995 (expected 6.2832, -53.85 %), min 0.0000 max 3.7084, worst probe 100.00 %; K radiance mean 0.9225 (expected 2.0000), worst 100.00 %
render graph: plan rebuilt (2): passes 101 -> 99, resources 21 -> 19; first differing pass 3 'r.gi.begin' (was 'r.gi.admit.grow'); resource 6 'GI cache' (was 'GI cache before admission growth')
  frame   1: mean E 3.2993 (expected 6.2832, -47.49 %), min 0.1846 max 4.3794, worst probe 97.06 %; K radiance mean 1.1059 (expected 2.0000), worst 96.88 %
  frame   2: mean E 3.9074 (expected 6.2832, -37.81 %), min 2.8294 max 5.4395, worst probe 54.97 %; K radiance mean 1.2903 (expected 2.0000), worst 50.00 %
  frame   4: mean E 5.1964 (expected 6.2832, -17.30 %), min 4.4688 max 5.9476, worst probe 28.88 %; K radiance mean 1.6705 (expected 2.0000), worst 26.10 %
  frame   8: mean E 5.4369 (expected 6.2832, -13.47 %), min 4.7748 max 6.1284, worst probe 24.01 %; K radiance mean 1.7440 (expected 2.0000), worst 23.82 %
  frame  16: mean E 6.0882 (expected 6.2832, -3.10 %), min 5.4284 max 6.6461, worst probe 13.60 %; K radiance mean 1.9415 (expected 2.0000), worst 9.59 %
  frame  32: mean E 6.2715 (expected 6.2832, -0.19 %), min 5.7530 max 6.8664, worst probe 9.28 %; K radiance mean 1.9995 (expected 2.0000), worst 4.43 %
  frame  64: mean E 6.2900 (expected 6.2832, +0.11 %), min 6.1007 max 6.4540, worst probe 2.90 %; K radiance mean 2.0031 (expected 2.0000), worst 1.65 %
  frame 128: mean E 6.2936 (expected 6.2832, +0.17 %), min 6.2045 max 6.3851, worst probe 1.62 %; K radiance mean 2.0035 (expected 2.0000), worst 0.90 %
  frame 159: mean E 6.2926 (expected 6.2832, +0.15 %), min 6.2289 max 6.3556, worst probe 1.15 %; K radiance mean 2.0030 (expected 2.0000), worst 0.89 %
  cache maps at 32776 probe points: mean E 6.29266 (expected 6.28319, +0.151 %), worst 1.481 %
  M's per-pixel cache irradiance at 32776 probe points: |error| mean 0.256 %, P99 0.853 %, worst 1.402 % (partner corners); before (coarser fill): mean 0.276 %, P99 1.066 %, worst 3.150 %
    P99 0.884 %; worst at (-2.591, 0.000, -1.601) n (0.00, 1.00, 0.00): 6.37627 against 6.28319
  cache after the last frame: 32429 live, 167571 free, 24132 requested, 7812 selected + 0 background updates, 16309 hit entries, 3 created, 3 resets, 0 allocation failures, 0 table overflows
RayScene: 1 static + 0 dynamic instances (0 deformed), 1 mesh BLAS (12 tris, 0.0 MB compacted from 0.0 MB), deformed 0 tris / 0 verts (0 above proxy budget), TLAS static 0.0 MB dynamic 0.02 MB, load 5 ms (records and mesh BLAS 1.6, proxies 0.0, deformed setup 1.2, static TLAS and records 1.5, first dynamic build 0.9)
RayScene resident (MB): static BLAS+TLAS 0.0 (BLAS 0.0, TLAS 0.00, descs+scratch 0.00), dynamic AS 0.0 (deformed BLAS 0.0, scratch 0.0, TLAS+scratch+descs 0.03, emitters 0.000), deformed vertices 0.0, records 0.0 (instances, geometries, proxy indices, vertex map, deform jobs)
GI cache: 200000 entries, 524288 table slots, 250.8 MB (texels 97.7 MB), finest cell 0.062 m, cell 0.50 deg, 500000 rays = 7812 hemisphere updates per frame
  frame   0: mean E 2.8995 (expected 6.2832, -53.85 %), min 0.0000 max 3.7084, worst probe 100.00 %; K radiance mean 0.9225 (expected 2.0000), worst 100.00 %
render graph: plan rebuilt (2): passes 101 -> 99, resources 21 -> 19; first differing pass 3 'r.gi.begin' (was 'r.gi.admit.grow'); resource 6 'GI cache' (was 'GI cache before admission growth')
  frame   1: mean E 3.2993 (expected 6.2832, -47.49 %), min 0.1846 max 4.3794, worst probe 97.06 %; K radiance mean 1.1059 (expected 2.0000), worst 96.88 %
  frame   2: mean E 3.9074 (expected 6.2832, -37.81 %), min 2.8294 max 5.4395, worst probe 54.97 %; K radiance mean 1.2903 (expected 2.0000), worst 50.00 %
  frame   4: mean E 5.1964 (expected 6.2832, -17.30 %), min 4.4688 max 5.9476, worst probe 28.88 %; K radiance mean 1.6705 (expected 2.0000), worst 26.10 %
  frame   8: mean E 5.4369 (expected 6.2832, -13.47 %), min 4.7748 max 6.1284, worst probe 24.01 %; K radiance mean 1.7440 (expected 2.0000), worst 23.82 %
  frame  16: mean E 6.0882 (expected 6.2832, -3.10 %), min 5.4284 max 6.6461, worst probe 13.60 %; K radiance mean 1.9415 (expected 2.0000), worst 9.59 %
  frame  32: mean E 6.2715 (expected 6.2832, -0.19 %), min 5.7530 max 6.8664, worst probe 9.28 %; K radiance mean 1.9995 (expected 2.0000), worst 4.43 %
  frame  64: mean E 6.2900 (expected 6.2832, +0.11 %), min 6.1007 max 6.4540, worst probe 2.90 %; K radiance mean 2.0031 (expected 2.0000), worst 1.65 %
  frame 128: mean E 6.2936 (expected 6.2832, +0.17 %), min 6.2045 max 6.3851, worst probe 1.62 %; K radiance mean 2.0035 (expected 2.0000), worst 0.90 %
  frame 159: mean E 6.2926 (expected 6.2832, +0.15 %), min 6.2289 max 6.3556, worst probe 1.15 %; K radiance mean 2.0030 (expected 2.0000), worst 0.89 %
  cache maps at 32776 probe points: mean E 6.29266 (expected 6.28319, +0.151 %), worst 1.481 %
  M's per-pixel cache irradiance at 32776 probe points: |error| mean 0.256 %, P99 0.853 %, worst 1.402 % (partner corners); before (coarser fill): mean 0.276 %, P99 1.066 %, worst 3.150 %
    P99 0.884 %; worst at (-2.591, 0.000, -1.601) n (0.00, 1.00, 0.00): 6.37627 against 6.28319
  cache after the last frame: 32429 live, 167571 free, 24132 requested, 7812 selected + 0 background updates, 16309 hit entries, 3 created, 3 resets, 0 allocation failures, 0 table overflows
  differing values by field: irradiance/occlusion 0, K radiance 0, position 0, normal 0
determinism on: two furnace runs, 0 of 524416 probe values not bit-identical
RESULT PASS
