C:\Users\USER\UnravelNext-refl\build\all\bin\unx_gate_shadow_renderergate.exe --scene C:\Users\USER\UnravelGames\BathhouseTycoon\Artifacts\Look\bath_reference.unxscene --resolution 1920x1080 --auto-exposure --warmup-frames 0 --frames 300 --capture-frames 0,3,15,299 --capture-output C:\Users\USER\UnravelNext-refl\Cache\ReflJudge\B\bath_hall_still_1080.pfm --capture-layers final,refl --set reflection.layers=true
scene C:\Users\USER\UnravelGames\BathhouseTycoon\Artifacts\Look\bath_reference.unxscene (a65abab0ce994e0d), 6668 instances, 31571 clusters, camera 0 (static)
M textures: occlusion textures are not used (their use is not defined in INTERFACES 8.1 v1)
RayScene: 6667 static + 2 dynamic instances (0 deformed), 6668 mesh BLAS (744950 tris, 27.7 MB compacted from 67.1 MB), deformed 0 tris / 0 verts (0 above proxy budget), TLAS static 1.9 MB dynamic 0.02 MB, load 350 ms (records and mesh BLAS 303.5, proxies 0.8, deformed setup 2.9, static TLAS and records 41.1, first dynamic build 1.2)
RayScene resident (MB): static BLAS+TLAS 32.2 (BLAS 29.1, TLAS 2.01, descs+scratch 1.16), dynamic AS 0.0 (deformed BLAS 0.0, scratch 0.0, TLAS+scratch+descs 0.03, emitters 0.011), deformed vertices 0.0, records 0.2 (instances, geometries, proxy indices, vertex map, deform jobs)
V: instance hierarchy: 6667 static instances in 30 chunks (64 m cells, <= 256 each), 1 flat instances, 0 skinned (0 joint spheres)
M textures: occlusion textures are not used (their use is not defined in INTERFACES 8.1 v1)
GI cache: 200000 entries, 524288 table slots, 250.8 MB (texels 97.7 MB), finest cell 0.062 m, cell 0.50 deg, 500000 rays = 7812 hemisphere updates per frame
R reflections: 2953 planar reflector planes from 28652 flat mirror triangles (24120 smooth-shaded mirror triangles stay on rays), 2.8 ms
render graph: plan rebuilt (2): passes 480 -> 462, resources 325 -> 319; first differing pass 0 'r.as.tlas.sync' (was 's.atmosphere.params'); resource 5 'RT static TLAS' (was 'S ms radiance')
render graph: plan rebuilt (3): passes 462 -> 461, resources 319 -> 318; first differing pass 456 'm.exposure.readback' (was 'm.exposure.meter'); resource 292 'R reflection rays' (was 'R reflection rays': 67108864 -> 335544320 bytes)
S shadow overflow: frame 1 needed 965576 words (5343 tiles over capacity): capacity grows to 2097152 words
render graph: plan rebuilt (4): passes 461 -> 463, resources 318 -> 318; first differing pass: none; resource 273 'S shadow overflow' (was 'S shadow overflow': 1048576 -> 10485760 bytes)
render graph: plan rebuilt (5): passes 463 -> 513, resources 318 -> 368; first differing pass 428 'r.refl.begin' (was 'r.refl.begin': other uses or queue); resource 290 'R planar mirror mask' (was 'R planar counts')
render graph: plan rebuilt (6): passes 461 -> 461, resources 318 -> 318; first differing pass: none; resource 273 'S shadow overflow' (was 'S shadow overflow': 1048576 -> 10485760 bytes)
[S C:\Users\USER\UnravelGames\BathhouseTycoon\Artifacts\Look\bath_reference.unxscene static 1920x1080 1080p] gpu frame median 11.0131 ms, p95 11.7607, p99 12.6023 (n=300) | cpu frame median 2.4730 ms (record 1.0916, submit 0.0928) | SM clock median 2820 MHz (min 2565) | passes 462, barriers 4001 in 439 batches, cross-queue syncs 0, command lists 1, transients 275 (536.8 MB aliased / 2847.0 MB unaliased), replanned frames 6 | quality e46ed7971233d507
[S C:\Users\USER\UnravelGames\BathhouseTycoon\Artifacts\Look\bath_reference.unxscene static 1920x1080 1080p] outside passes: graphics 1 lists, head 0.0000, tail 0.0000, gap 0.0000 ms (medians)
captured frame index 299 (warm-up 0 frames)
captured final 1920x1080 (after the temporal upscale, frame 0, ev100 5.50, snap frame metered on itself: x 361.5) -> C:\Users\USER\UnravelNext-refl\Cache\ReflJudge\B\bath_hall_still_1080_f0.pfm
captured refl 1280x720 (internal layer, frame 0, ev100 14.00) -> C:\Users\USER\UnravelNext-refl\Cache\ReflJudge\B\bath_hall_still_1080_refl_f0.pfm
captured final 1920x1080 (after the temporal upscale, frame 3, ev100 5.51) -> C:\Users\USER\UnravelNext-refl\Cache\ReflJudge\B\bath_hall_still_1080_f3.pfm
captured refl 1280x720 (internal layer, frame 3, ev100 5.51) -> C:\Users\USER\UnravelNext-refl\Cache\ReflJudge\B\bath_hall_still_1080_refl_f3.pfm
captured final 1920x1080 (after the temporal upscale, frame 15, ev100 5.68) -> C:\Users\USER\UnravelNext-refl\Cache\ReflJudge\B\bath_hall_still_1080_f15.pfm
captured refl 1280x720 (internal layer, frame 15, ev100 5.68) -> C:\Users\USER\UnravelNext-refl\Cache\ReflJudge\B\bath_hall_still_1080_refl_f15.pfm
captured final 1920x1080 (after the temporal upscale, frame 299, ev100 6.34) -> C:\Users\USER\UnravelNext-refl\Cache\ReflJudge\B\bath_hall_still_1080_f299.pfm
captured refl 1280x720 (internal layer, frame 299, ev100 6.34) -> C:\Users\USER\UnravelNext-refl\Cache\ReflJudge\B\bath_hall_still_1080_refl_f299.pfm
local shadows: 92 slots assigned, 92 raster-active, 0 shadowed lights without a slot
  s.atmosphere.ms.density          median 17.6506 ms  P95 17.6506 ms
  s.atmosphere.ms.final            median 0.7075 ms  P95 0.7075 ms
  s.atmosphere.ms.irradiance       median 5.2991 ms  P95 5.2991 ms
  s.atmosphere.ms.project          median 28.3503 ms  P95 28.3503 ms
  s.atmosphere.ms.radiance         median 214.0542 ms  P95 214.0542 ms
  s.atmosphere.ms.single           median 13.7483 ms  P95 13.7483 ms
  s.atmosphere.params              median 0.0010 ms  P95 0.0010 ms
  s.atmosphere.skyview             median 0.2808 ms  P95 0.2808 ms
  s.atmosphere.transmittance       median 0.0378 ms  P95 0.0378 ms
  s.froxel.begin                   median 0.0010 ms  P95 0.0020 ms
  s.froxel.begin.planar            median 0.0010 ms  P95 0.0010 ms
  s.froxel.integrate               median 0.2151 ms  P95 0.3840 ms
  s.froxel.integrate.planar        median 0.0938 ms  P95 0.0955 ms
  s.froxel.lists                   median 0.0737 ms  P95 0.0759 ms
  s.froxel.lists.planar            median 0.0348 ms  P95 0.0349 ms
  s.froxel.queue.args              median 0.0010 ms  P95 0.0022 ms
  s.froxel.queue.args.planar       median 0.0010 ms  P95 0.0010 ms
  s.froxel.queue.begin             median 0.0010 ms  P95 0.0020 ms
  s.froxel.queue.begin.planar      median 0.0011 ms  P95 0.0012 ms
  s.froxel.queue.integrate         median 0.0698 ms  P95 0.0789 ms
  s.froxel.queue.integrate.planar  median 0.0240 ms  P95 0.0247 ms
  s.froxel.queue.prepare           median 0.0542 ms  P95 0.0562 ms
  s.froxel.queue.prepare.planar    median 0.0061 ms  P95 0.0061 ms
  s.froxel.stats                   median 0.0000 ms  P95 0.0017 ms
  s.froxel.tiledepth               median 0.0083 ms  P95 0.0090 ms
  s.froxel.tiledepth.planar        median 0.0067 ms  P95 0.0073 ms
  s.gate.capture                   median 0.9462 ms  P95 0.9487 ms
  s.shadow.filterargs              median 0.0010 ms  P95 0.0022 ms
  s.shadow.listargs                median 0.0020 ms  P95 0.0022 ms
  s.shadow.listclear               median 0.0012 ms  P95 0.0022 ms
  s.shadow.overflow                median 0.0872 ms  P95 0.0911 ms
  s.shadow.overflow.args           median 0.0010 ms  P95 0.0022 ms
  s.shadow.overflow.begin          median 0.0010 ms  P95 0.0012 ms
  s.shadow.overflow.filter         median 0.0032 ms  P95 0.0042 ms
  s.shadow.penumbra                median 0.0850 ms  P95 0.0891 ms
  s.shadow.penumbra.filter         median 0.0430 ms  P95 0.0452 ms
  s.shadow.visibility              median 0.2100 ms  P95 0.4014 ms
  s.vsm.begin                      median 0.0010 ms  P95 0.0022 ms
  s.vsm.cache.casters              median 0.0042 ms  P95 0.0042 ms
  s.vsm.cache.free                 median 0.0103 ms  P95 0.0103 ms
  s.vsm.cache.keep                 median 0.0225 ms  P95 0.0234 ms
  s.vsm.cache.locallights          median 0.0022 ms  P95 0.0032 ms
  s.vsm.cache.reset                median 0.0012 ms  P95 0.0022 ms
  s.vsm.cache.stale                median 0.0010 ms  P95 0.0022 ms
  s.vsm.clear                      median 0.0083 ms  P95 0.0093 ms
  s.vsm.cullmask                   median 0.0071 ms  P95 0.0081 ms
  s.vsm.init                       median 0.0388 ms  P95 0.0388 ms
  s.vsm.localcullmask              median 0.0369 ms  P95 0.0378 ms
  s.vsm.localmark                  median 0.1147 ms  P95 0.1169 ms
  s.vsm.localmarkair               median 0.0590 ms  P95 0.0605 ms
  s.vsm.localraster0.chunks.p1     median 0.0042 ms  P95 0.0051 ms
  s.vsm.localraster0.clusters.p1   median 0.0022 ms  P95 0.0032 ms
  s.vsm.localraster0.instances.chunks.p1 median 0.0020 ms  P95 0.0032 ms
  s.vsm.localraster0.instances.p1  median 0.0042 ms  P95 0.0042 ms
  s.vsm.localraster0.nodes.p1.0    median 0.0020 ms  P95 0.0032 ms
  s.vsm.localraster0.nodes.p1.1    median 0.0021 ms  P95 0.0032 ms
  s.vsm.localraster0.nodes.p1.2    median 0.0022 ms  P95 0.0032 ms
  s.vsm.localraster0.nodes.p1.3    median 0.0020 ms  P95 0.0032 ms
  s.vsm.localraster0.prepare.chunks.p1 median 0.0022 ms  P95 0.0032 ms
  s.vsm.localraster0.prepare.draw.p1 median 0.0032 ms  P95 0.0042 ms
  s.vsm.localraster0.prepare.groups.p1 median 0.0029 ms  P95 0.0032 ms
  s.vsm.localraster0.prepare.nodes.p1.0 median 0.0029 ms  P95 0.0032 ms
  s.vsm.localraster0.prepare.nodes.p1.1 median 0.0029 ms  P95 0.0032 ms
  s.vsm.localraster0.prepare.nodes.p1.2 median 0.0022 ms  P95 0.0032 ms
  s.vsm.localraster0.prepare.nodes.p1.3 median 0.0022 ms  P95 0.0032 ms
  s.vsm.localraster0.raster        median 0.0020 ms  P95 0.0032 ms
  s.vsm.localraster0.reset         median 0.0032 ms  P95 0.0042 ms
  s.vsm.localraster0.stats         median 0.0000 ms  P95 0.0010 ms
  s.vsm.localraster0.tilemask      median 0.0051 ms  P95 0.0061 ms
  s.vsm.localraster1.chunks.p1     median 0.0051 ms  P95 0.0083 ms
  s.vsm.localraster1.clusters.p1   median 0.0032 ms  P95 0.0134 ms
  s.vsm.localraster1.instances.chunks.p1 median 0.0032 ms  P95 0.0215 ms
  s.vsm.localraster1.instances.p1  median 0.0042 ms  P95 0.0073 ms
  s.vsm.localraster1.nodes.p1.0    median 0.0032 ms  P95 0.0083 ms
  s.vsm.localraster1.nodes.p1.1    median 0.0032 ms  P95 0.0083 ms
  s.vsm.localraster1.nodes.p1.2    median 0.0032 ms  P95 0.0083 ms
  s.vsm.localraster1.nodes.p1.3    median 0.0032 ms  P95 0.0063 ms
  s.vsm.localraster1.prepare.chunks.p1 median 0.0022 ms  P95 0.0032 ms
  s.vsm.localraster1.prepare.draw.p1 median 0.0032 ms  P95 0.0042 ms
  s.vsm.localraster1.prepare.groups.p1 median 0.0022 ms  P95 0.0032 ms
  s.vsm.localraster1.prepare.nodes.p1.0 median 0.0029 ms  P95 0.0032 ms
  s.vsm.localraster1.prepare.nodes.p1.1 median 0.0029 ms  P95 0.0032 ms
  s.vsm.localraster1.prepare.nodes.p1.2 median 0.0022 ms  P95 0.0032 ms
  s.vsm.localraster1.prepare.nodes.p1.3 median 0.0022 ms  P95 0.0032 ms
  s.vsm.localraster1.raster        median 0.0032 ms  P95 0.0122 ms
  s.vsm.localraster1.reset         median 0.0032 ms  P95 0.0042 ms
  s.vsm.localraster1.stats         median 0.0000 ms  P95 0.0000 ms
  s.vsm.localraster1.tilemask      median 0.0051 ms  P95 0.0061 ms
  s.vsm.localraster10.chunks.p1    median 0.0051 ms  P95 0.0083 ms
  s.vsm.localraster10.clusters.p1  median 0.0022 ms  P95 0.0115 ms
  s.vsm.localraster10.instances.chunks.p1 median 0.0022 ms  P95 0.0195 ms
  s.vsm.localraster10.instances.p1 median 0.0042 ms  P95 0.0063 ms
  s.vsm.localraster10.nodes.p1.0   median 0.0022 ms  P95 0.0083 ms
  s.vsm.localraster10.nodes.p1.1   median 0.0029 ms  P95 0.0081 ms
  s.vsm.localraster10.nodes.p1.2   median 0.0022 ms  P95 0.0081 ms
  s.vsm.localraster10.nodes.p1.3   median 0.0022 ms  P95 0.0073 ms
  s.vsm.localraster10.prepare.chunks.p1 median 0.0022 ms  P95 0.0032 ms
  s.vsm.localraster10.prepare.draw.p1 median 0.0032 ms  P95 0.0042 ms
  s.vsm.localraster10.prepare.groups.p1 median 0.0022 ms  P95 0.0032 ms
  s.vsm.localraster10.prepare.nodes.p1.0 median 0.0029 ms  P95 0.0032 ms
  s.vsm.localraster10.prepare.nodes.p1.1 median 0.0029 ms  P95 0.0032 ms
  s.vsm.localraster10.prepare.nodes.p1.2 median 0.0022 ms  P95 0.0032 ms
  s.vsm.localraster10.prepare.nodes.p1.3 median 0.0022 ms  P95 0.0032 ms
  s.vsm.localraster10.raster       median 0.0029 ms  P95 0.0154 ms
  s.vsm.localraster10.reset        median 0.0032 ms  P95 0.0042 ms
  s.vsm.localraster10.stats        median 0.0000 ms  P95 0.0000 ms
  s.vsm.localraster10.tilemask     median 0.0051 ms  P95 0.0061 ms
  s.vsm.localraster11.chunks.p1    median 0.0042 ms  P95 0.0073 ms
  s.vsm.localraster11.clusters.p1  median 0.0022 ms  P95 0.0103 ms
  s.vsm.localraster11.instances.chunks.p1 median 0.0022 ms  P95 0.0173 ms
  s.vsm.localraster11.instances.p1 median 0.0042 ms  P95 0.0061 ms
  s.vsm.localraster11.nodes.p1.0   median 0.0022 ms  P95 0.0071 ms
  s.vsm.localraster11.nodes.p1.1   median 0.0022 ms  P95 0.0071 ms
  s.vsm.localraster11.nodes.p1.2   median 0.0022 ms  P95 0.0063 ms
  s.vsm.localraster11.nodes.p1.3   median 0.0022 ms  P95 0.0061 ms
  s.vsm.localraster11.prepare.chunks.p1 median 0.0022 ms  P95 0.0032 ms
  s.vsm.localraster11.prepare.draw.p1 median 0.0032 ms  P95 0.0042 ms
  s.vsm.localraster11.prepare.groups.p1 median 0.0022 ms  P95 0.0032 ms
  s.vsm.localraster11.prepare.nodes.p1.0 median 0.0029 ms  P95 0.0032 ms
  s.vsm.localraster11.prepare.nodes.p1.1 median 0.0029 ms  P95 0.0032 ms
  s.vsm.localraster11.prepare.nodes.p1.2 median 0.0022 ms  P95 0.0032 ms
  s.vsm.localraster11.prepare.nodes.p1.3 median 0.0022 ms  P95 0.0032 ms
  s.vsm.localraster11.raster       median 0.0022 ms  P95 0.0093 ms
  s.vsm.localraster11.reset        median 0.0032 ms  P95 0.0042 ms
  s.vsm.localraster11.stats        median 0.0000 ms  P95 0.0000 ms
  s.vsm.localraster11.tilemask     median 0.0051 ms  P95 0.0061 ms
  s.vsm.localraster12.chunks.p1    median 0.0042 ms  P95 0.0051 ms
  s.vsm.localraster12.clusters.p1  median 0.0022 ms  P95 0.0032 ms
  s.vsm.localraster12.instances.chunks.p1 median 0.0022 ms  P95 0.0032 ms
  s.vsm.localraster12.instances.p1 median 0.0042 ms  P95 0.0042 ms
  s.vsm.localraster12.nodes.p1.0   median 0.0022 ms  P95 0.0032 ms
  s.vsm.localraster12.nodes.p1.1   median 0.0022 ms  P95 0.0032 ms
  s.vsm.localraster12.nodes.p1.2   median 0.0022 ms  P95 0.0032 ms
  s.vsm.localraster12.nodes.p1.3   median 0.0022 ms  P95 0.0032 ms
  s.vsm.localraster12.prepare.chunks.p1 median 0.0022 ms  P95 0.0032 ms
  s.vsm.localraster12.prepare.draw.p1 median 0.0032 ms  P95 0.0042 ms
  s.vsm.localraster12.prepare.groups.p1 median 0.0022 ms  P95 0.0032 ms
  s.vsm.localraster12.prepare.nodes.p1.0 median 0.0029 ms  P95 0.0032 ms
  s.vsm.localraster12.prepare.nodes.p1.1 median 0.0022 ms  P95 0.0032 ms
  s.vsm.localraster12.prepare.nodes.p1.2 median 0.0022 ms  P95 0.0032 ms
  s.vsm.localraster12.prepare.nodes.p1.3 median 0.0022 ms  P95 0.0032 ms
  s.vsm.localraster12.raster       median 0.0022 ms  P95 0.0032 ms
  s.vsm.localraster12.reset        median 0.0032 ms  P95 0.0042 ms
  s.vsm.localraster12.stats        median 0.0000 ms  P95 0.0000 ms
  s.vsm.localraster12.tilemask     median 0.0051 ms  P95 0.0061 ms
  s.vsm.localraster13.chunks.p1    median 0.0042 ms  P95 0.0051 ms
  s.vsm.localraster13.clusters.p1  median 0.0022 ms  P95 0.0032 ms
  s.vsm.localraster13.instances.chunks.p1 median 0.0020 ms  P95 0.0032 ms
  s.vsm.localraster13.instances.p1 median 0.0042 ms  P95 0.0042 ms
  s.vsm.localraster13.nodes.p1.0   median 0.0021 ms  P95 0.0032 ms
  s.vsm.localraster13.nodes.p1.1   median 0.0021 ms  P95 0.0032 ms
  s.vsm.localraster13.nodes.p1.2   median 0.0022 ms  P95 0.0032 ms
  s.vsm.localraster13.nodes.p1.3   median 0.0022 ms  P95 0.0032 ms
  s.vsm.localraster13.prepare.chunks.p1 median 0.0022 ms  P95 0.0032 ms
  s.vsm.localraster13.prepare.draw.p1 median 0.0032 ms  P95 0.0042 ms
  s.vsm.localraster13.prepare.groups.p1 median 0.0022 ms  P95 0.0032 ms
  s.vsm.localraster13.prepare.nodes.p1.0 median 0.0029 ms  P95 0.0032 ms
  s.vsm.localraster13.prepare.nodes.p1.1 median 0.0029 ms  P95 0.0032 ms
  s.vsm.localraster13.prepare.nodes.p1.2 median 0.0022 ms  P95 0.0032 ms
  s.vsm.localraster13.prepare.nodes.p1.3 median 0.0022 ms  P95 0.0032 ms
  s.vsm.localraster13.raster       median 0.0022 ms  P95 0.0032 ms
  s.vsm.localraster13.reset        median 0.0032 ms  P95 0.0042 ms
  s.vsm.localraster13.stats        median 0.0000 ms  P95 0.0000 ms
  s.vsm.localraster13.tilemask     median 0.0051 ms  P95 0.0061 ms
  s.vsm.localraster14.chunks.p1    median 0.0042 ms  P95 0.0051 ms
  s.vsm.localraster14.clusters.p1  median 0.0022 ms  P95 0.0032 ms
  s.vsm.localraster14.instances.chunks.p1 median 0.0022 ms  P95 0.0032 ms
  s.vsm.localraster14.instances.p1 median 0.0042 ms  P95 0.0042 ms
  s.vsm.localraster14.nodes.p1.0   median 0.0020 ms  P95 0.0032 ms
  s.vsm.localraster14.nodes.p1.1   median 0.0022 ms  P95 0.0032 ms
  s.vsm.localraster14.nodes.p1.2   median 0.0022 ms  P95 0.0032 ms
  s.vsm.localraster14.nodes.p1.3   median 0.0022 ms  P95 0.0032 ms
  s.vsm.localraster14.prepare.chunks.p1 median 0.0022 ms  P95 0.0032 ms
  s.vsm.localraster14.prepare.draw.p1 median 0.0032 ms  P95 0.0042 ms
  s.vsm.localraster14.prepare.groups.p1 median 0.0022 ms  P95 0.0032 ms
  s.vsm.localraster14.prepare.nodes.p1.0 median 0.0029 ms  P95 0.0032 ms
  s.vsm.localraster14.prepare.nodes.p1.1 median 0.0029 ms  P95 0.0032 ms
  s.vsm.localraster14.prepare.nodes.p1.2 median 0.0022 ms  P95 0.0032 ms
  s.vsm.localraster14.prepare.nodes.p1.3 median 0.0022 ms  P95 0.0032 ms
  s.vsm.localraster14.raster       median 0.0022 ms  P95 0.0032 ms
  s.vsm.localraster14.reset        median 0.0032 ms  P95 0.0042 ms
  s.vsm.localraster14.stats        median 0.0000 ms  P95 0.0000 ms
  s.vsm.localraster14.tilemask     median 0.0051 ms  P95 0.0061 ms
  s.vsm.localraster15.chunks.p1    median 0.0042 ms  P95 0.0051 ms
  s.vsm.localraster15.clusters.p1  median 0.0022 ms  P95 0.0032 ms
  s.vsm.localraster15.instances.chunks.p1 median 0.0022 ms  P95 0.0032 ms
  s.vsm.localraster15.instances.p1 median 0.0042 ms  P95 0.0042 ms
  s.vsm.localraster15.nodes.p1.0   median 0.0022 ms  P95 0.0032 ms
  s.vsm.localraster15.nodes.p1.1   median 0.0022 ms  P95 0.0032 ms
  s.vsm.localraster15.nodes.p1.2   median 0.0020 ms  P95 0.0032 ms
  s.vsm.localraster15.nodes.p1.3   median 0.0022 ms  P95 0.0032 ms
  s.vsm.localraster15.prepare.chunks.p1 median 0.0022 ms  P95 0.0032 ms
  s.vsm.localraster15.prepare.draw.p1 median 0.0032 ms  P95 0.0042 ms
  s.vsm.localraster15.prepare.groups.p1 median 0.0022 ms  P95 0.0032 ms
  s.vsm.localraster15.prepare.nodes.p1.0 median 0.0029 ms  P95 0.0032 ms
  s.vsm.localraster15.prepare.nodes.p1.1 median 0.0029 ms  P95 0.0032 ms
  s.vsm.localraster15.prepare.nodes.p1.2 median 0.0022 ms  P95 0.0032 ms
  s.vsm.localraster15.prepare.nodes.p1.3 median 0.0022 ms  P95 0.0032 ms
  s.vsm.localraster15.raster       median 0.0022 ms  P95 0.0032 ms
  s.vsm.localraster15.reset        median 0.0032 ms  P95 0.0042 ms
  s.vsm.localraster15.stats        median 0.0000 ms  P95 0.0000 ms
  s.vsm.localraster15.tilemask     median 0.0042 ms  P95 0.0051 ms
  s.vsm.localraster2.chunks.p1     median 0.0071 ms  P95 0.0083 ms
  s.vsm.localraster2.clusters.p1   median 0.0112 ms  P95 0.0125 ms
  s.vsm.localraster2.instances.chunks.p1 median 0.0176 ms  P95 0.0195 ms
  s.vsm.localraster2.instances.p1  median 0.0061 ms  P95 0.0073 ms
  s.vsm.localraster2.nodes.p1.0    median 0.0071 ms  P95 0.0083 ms
  s.vsm.localraster2.nodes.p1.1    median 0.0071 ms  P95 0.0083 ms
  s.vsm.localraster2.nodes.p1.2    median 0.0071 ms  P95 0.0073 ms
  s.vsm.localraster2.nodes.p1.3    median 0.0061 ms  P95 0.0071 ms
  s.vsm.localraster2.prepare.chunks.p1 median 0.0022 ms  P95 0.0032 ms
  s.vsm.localraster2.prepare.draw.p1 median 0.0032 ms  P95 0.0042 ms
  s.vsm.localraster2.prepare.groups.p1 median 0.0022 ms  P95 0.0032 ms
  s.vsm.localraster2.prepare.nodes.p1.0 median 0.0029 ms  P95 0.0032 ms
  s.vsm.localraster2.prepare.nodes.p1.1 median 0.0029 ms  P95 0.0032 ms
  s.vsm.localraster2.prepare.nodes.p1.2 median 0.0022 ms  P95 0.0032 ms
  s.vsm.localraster2.prepare.nodes.p1.3 median 0.0022 ms  P95 0.0032 ms
  s.vsm.localraster2.raster        median 0.0093 ms  P95 0.0103 ms
  s.vsm.localraster2.reset         median 0.0032 ms  P95 0.0042 ms
  s.vsm.localraster2.stats         median 0.0000 ms  P95 0.0000 ms
  s.vsm.localraster2.tilemask      median 0.0051 ms  P95 0.0063 ms
  s.vsm.localraster3.chunks.p1     median 0.0042 ms  P95 0.0083 ms
  s.vsm.localraster3.clusters.p1   median 0.0022 ms  P95 0.0103 ms
  s.vsm.localraster3.instances.chunks.p1 median 0.0022 ms  P95 0.0186 ms
  s.vsm.localraster3.instances.p1  median 0.0042 ms  P95 0.0073 ms
  s.vsm.localraster3.nodes.p1.0    median 0.0022 ms  P95 0.0081 ms
  s.vsm.localraster3.nodes.p1.1    median 0.0022 ms  P95 0.0073 ms
  s.vsm.localraster3.nodes.p1.2    median 0.0022 ms  P95 0.0073 ms
  s.vsm.localraster3.nodes.p1.3    median 0.0022 ms  P95 0.0063 ms
  s.vsm.localraster3.prepare.chunks.p1 median 0.0022 ms  P95 0.0032 ms
  s.vsm.localraster3.prepare.draw.p1 median 0.0032 ms  P95 0.0042 ms
  s.vsm.localraster3.prepare.groups.p1 median 0.0022 ms  P95 0.0032 ms
  s.vsm.localraster3.prepare.nodes.p1.0 median 0.0029 ms  P95 0.0032 ms
  s.vsm.localraster3.prepare.nodes.p1.1 median 0.0029 ms  P95 0.0032 ms
  s.vsm.localraster3.prepare.nodes.p1.2 median 0.0022 ms  P95 0.0032 ms
  s.vsm.localraster3.prepare.nodes.p1.3 median 0.0022 ms  P95 0.0032 ms
  s.vsm.localraster3.raster        median 0.0022 ms  P95 0.0083 ms
  s.vsm.localraster3.reset         median 0.0032 ms  P95 0.0042 ms
  s.vsm.localraster3.stats         median 0.0000 ms  P95 0.0000 ms
  s.vsm.localraster3.tilemask      median 0.0051 ms  P95 0.0061 ms
  s.vsm.localraster4.chunks.p1     median 0.0042 ms  P95 0.0051 ms
  s.vsm.localraster4.clusters.p1   median 0.0022 ms  P95 0.0032 ms
  s.vsm.localraster4.instances.chunks.p1 median 0.0022 ms  P95 0.0032 ms
  s.vsm.localraster4.instances.p1  median 0.0042 ms  P95 0.0042 ms
  s.vsm.localraster4.nodes.p1.0    median 0.0022 ms  P95 0.0032 ms
  s.vsm.localraster4.nodes.p1.1    median 0.0022 ms  P95 0.0032 ms
  s.vsm.localraster4.nodes.p1.2    median 0.0022 ms  P95 0.0032 ms
  s.vsm.localraster4.nodes.p1.3    median 0.0022 ms  P95 0.0032 ms
  s.vsm.localraster4.prepare.chunks.p1 median 0.0022 ms  P95 0.0032 ms
  s.vsm.localraster4.prepare.draw.p1 median 0.0032 ms  P95 0.0042 ms
  s.vsm.localraster4.prepare.groups.p1 median 0.0029 ms  P95 0.0032 ms
  s.vsm.localraster4.prepare.nodes.p1.0 median 0.0029 ms  P95 0.0032 ms
  s.vsm.localraster4.prepare.nodes.p1.1 median 0.0029 ms  P95 0.0032 ms
  s.vsm.localraster4.prepare.nodes.p1.2 median 0.0022 ms  P95 0.0032 ms
  s.vsm.localraster4.prepare.nodes.p1.3 median 0.0022 ms  P95 0.0032 ms
  s.vsm.localraster4.raster        median 0.0022 ms  P95 0.0032 ms
  s.vsm.localraster4.reset         median 0.0032 ms  P95 0.0042 ms
  s.vsm.localraster4.stats         median 0.0000 ms  P95 0.0000 ms
  s.vsm.localraster4.tilemask      median 0.0051 ms  P95 0.0061 ms
  s.vsm.localraster5.chunks.p1     median 0.0071 ms  P95 0.0083 ms
  s.vsm.localraster5.clusters.p1   median 0.0112 ms  P95 0.0144 ms
  s.vsm.localraster5.instances.chunks.p1 median 0.0173 ms  P95 0.0195 ms
  s.vsm.localraster5.instances.p1  median 0.0061 ms  P95 0.0071 ms
  s.vsm.localraster5.nodes.p1.0    median 0.0071 ms  P95 0.0093 ms
  s.vsm.localraster5.nodes.p1.1    median 0.0071 ms  P95 0.0093 ms
  s.vsm.localraster5.nodes.p1.2    median 0.0071 ms  P95 0.0083 ms
  s.vsm.localraster5.nodes.p1.3    median 0.0061 ms  P95 0.0063 ms
  s.vsm.localraster5.prepare.chunks.p1 median 0.0022 ms  P95 0.0032 ms
  s.vsm.localraster5.prepare.draw.p1 median 0.0032 ms  P95 0.0042 ms
  s.vsm.localraster5.prepare.groups.p1 median 0.0022 ms  P95 0.0032 ms
  s.vsm.localraster5.prepare.nodes.p1.0 median 0.0029 ms  P95 0.0032 ms
  s.vsm.localraster5.prepare.nodes.p1.1 median 0.0022 ms  P95 0.0032 ms
  s.vsm.localraster5.prepare.nodes.p1.2 median 0.0022 ms  P95 0.0032 ms
  s.vsm.localraster5.prepare.nodes.p1.3 median 0.0022 ms  P95 0.0032 ms
  s.vsm.localraster5.raster        median 0.0083 ms  P95 0.0125 ms
  s.vsm.localraster5.reset         median 0.0032 ms  P95 0.0042 ms
  s.vsm.localraster5.stats         median 0.0000 ms  P95 0.0000 ms
  s.vsm.localraster5.tilemask      median 0.0051 ms  P95 0.0051 ms
  s.vsm.localraster6.chunks.p1     median 0.0051 ms  P95 0.0093 ms
  s.vsm.localraster6.clusters.p1   median 0.0032 ms  P95 0.0134 ms
  s.vsm.localraster6.instances.chunks.p1 median 0.0032 ms  P95 0.0186 ms
  s.vsm.localraster6.instances.p1  median 0.0046 ms  P95 0.0073 ms
  s.vsm.localraster6.nodes.p1.0    median 0.0032 ms  P95 0.0083 ms
  s.vsm.localraster6.nodes.p1.1    median 0.0032 ms  P95 0.0081 ms
  s.vsm.localraster6.nodes.p1.2    median 0.0032 ms  P95 0.0081 ms
  s.vsm.localraster6.nodes.p1.3    median 0.0032 ms  P95 0.0063 ms
  s.vsm.localraster6.prepare.chunks.p1 median 0.0022 ms  P95 0.0032 ms
  s.vsm.localraster6.prepare.draw.p1 median 0.0032 ms  P95 0.0042 ms
  s.vsm.localraster6.prepare.groups.p1 median 0.0022 ms  P95 0.0032 ms
  s.vsm.localraster6.prepare.nodes.p1.0 median 0.0029 ms  P95 0.0032 ms
  s.vsm.localraster6.prepare.nodes.p1.1 median 0.0022 ms  P95 0.0032 ms
  s.vsm.localraster6.prepare.nodes.p1.2 median 0.0022 ms  P95 0.0032 ms
  s.vsm.localraster6.prepare.nodes.p1.3 median 0.0022 ms  P95 0.0032 ms
  s.vsm.localraster6.raster        median 0.0032 ms  P95 0.0090 ms
  s.vsm.localraster6.reset         median 0.0032 ms  P95 0.0042 ms
  s.vsm.localraster6.stats         median 0.0000 ms  P95 0.0000 ms
  s.vsm.localraster6.tilemask      median 0.0051 ms  P95 0.0061 ms
  s.vsm.localraster7.chunks.p1     median 0.0071 ms  P95 0.0083 ms
  s.vsm.localraster7.clusters.p1   median 0.0103 ms  P95 0.0122 ms
  s.vsm.localraster7.instances.chunks.p1 median 0.0154 ms  P95 0.0173 ms
  s.vsm.localraster7.instances.p1  median 0.0061 ms  P95 0.0073 ms
  s.vsm.localraster7.nodes.p1.0    median 0.0071 ms  P95 0.0081 ms
  s.vsm.localraster7.nodes.p1.1    median 0.0061 ms  P95 0.0073 ms
  s.vsm.localraster7.nodes.p1.2    median 0.0061 ms  P95 0.0073 ms
  s.vsm.localraster7.nodes.p1.3    median 0.0061 ms  P95 0.0071 ms
  s.vsm.localraster7.prepare.chunks.p1 median 0.0022 ms  P95 0.0032 ms
  s.vsm.localraster7.prepare.draw.p1 median 0.0032 ms  P95 0.0042 ms
  s.vsm.localraster7.prepare.groups.p1 median 0.0022 ms  P95 0.0032 ms
  s.vsm.localraster7.prepare.nodes.p1.0 median 0.0029 ms  P95 0.0032 ms
  s.vsm.localraster7.prepare.nodes.p1.1 median 0.0029 ms  P95 0.0032 ms
  s.vsm.localraster7.prepare.nodes.p1.2 median 0.0022 ms  P95 0.0032 ms
  s.vsm.localraster7.prepare.nodes.p1.3 median 0.0022 ms  P95 0.0032 ms
  s.vsm.localraster7.raster        median 0.0083 ms  P95 0.0125 ms
  s.vsm.localraster7.reset         median 0.0032 ms  P95 0.0042 ms
  s.vsm.localraster7.stats         median 0.0000 ms  P95 0.0000 ms
  s.vsm.localraster7.tilemask      median 0.0051 ms  P95 0.0061 ms
  s.vsm.localraster8.chunks.p1     median 0.0083 ms  P95 0.0093 ms
  s.vsm.localraster8.clusters.p1   median 0.0112 ms  P95 0.0134 ms
  s.vsm.localraster8.instances.chunks.p1 median 0.0173 ms  P95 0.0195 ms
  s.vsm.localraster8.instances.p1  median 0.0061 ms  P95 0.0073 ms
  s.vsm.localraster8.nodes.p1.0    median 0.0073 ms  P95 0.0083 ms
  s.vsm.localraster8.nodes.p1.1    median 0.0073 ms  P95 0.0083 ms
  s.vsm.localraster8.nodes.p1.2    median 0.0071 ms  P95 0.0081 ms
  s.vsm.localraster8.nodes.p1.3    median 0.0061 ms  P95 0.0073 ms
  s.vsm.localraster8.prepare.chunks.p1 median 0.0022 ms  P95 0.0032 ms
  s.vsm.localraster8.prepare.draw.p1 median 0.0032 ms  P95 0.0042 ms
  s.vsm.localraster8.prepare.groups.p1 median 0.0029 ms  P95 0.0032 ms
  s.vsm.localraster8.prepare.nodes.p1.0 median 0.0029 ms  P95 0.0032 ms
  s.vsm.localraster8.prepare.nodes.p1.1 median 0.0022 ms  P95 0.0032 ms
  s.vsm.localraster8.prepare.nodes.p1.2 median 0.0022 ms  P95 0.0032 ms
  s.vsm.localraster8.prepare.nodes.p1.3 median 0.0022 ms  P95 0.0032 ms
  s.vsm.localraster8.raster        median 0.0103 ms  P95 0.0132 ms
  s.vsm.localraster8.reset         median 0.0032 ms  P95 0.0042 ms
  s.vsm.localraster8.stats         median 0.0000 ms  P95 0.0000 ms
  s.vsm.localraster8.tilemask      median 0.0051 ms  P95 0.0061 ms
  s.vsm.localraster9.chunks.p1     median 0.0083 ms  P95 0.0093 ms
  s.vsm.localraster9.clusters.p1   median 0.0122 ms  P95 0.0173 ms
  s.vsm.localraster9.instances.chunks.p1 median 0.0173 ms  P95 0.0186 ms
  s.vsm.localraster9.instances.p1  median 0.0061 ms  P95 0.0073 ms
  s.vsm.localraster9.nodes.p1.0    median 0.0073 ms  P95 0.0083 ms
  s.vsm.localraster9.nodes.p1.1    median 0.0073 ms  P95 0.0083 ms
  s.vsm.localraster9.nodes.p1.2    median 0.0071 ms  P95 0.0081 ms
  s.vsm.localraster9.nodes.p1.3    median 0.0071 ms  P95 0.0073 ms
  s.vsm.localraster9.prepare.chunks.p1 median 0.0022 ms  P95 0.0032 ms
  s.vsm.localraster9.prepare.draw.p1 median 0.0032 ms  P95 0.0042 ms
  s.vsm.localraster9.prepare.groups.p1 median 0.0022 ms  P95 0.0032 ms
  s.vsm.localraster9.prepare.nodes.p1.0 median 0.0022 ms  P95 0.0032 ms
  s.vsm.localraster9.prepare.nodes.p1.1 median 0.0022 ms  P95 0.0032 ms
  s.vsm.localraster9.prepare.nodes.p1.2 median 0.0022 ms  P95 0.0032 ms
  s.vsm.localraster9.prepare.nodes.p1.3 median 0.0022 ms  P95 0.0032 ms
  s.vsm.localraster9.raster        median 0.0103 ms  P95 0.0125 ms
  s.vsm.localraster9.reset         median 0.0032 ms  P95 0.0042 ms
  s.vsm.localraster9.stats         median 0.0000 ms  P95 0.0000 ms
  s.vsm.localraster9.tilemask      median 0.0051 ms  P95 0.0061 ms
  s.vsm.mark                       median 0.0144 ms  P95 0.0154 ms
  s.vsm.markair                    median 0.0144 ms  P95 0.0154 ms
  s.vsm.pagemax                    median 0.0154 ms  P95 0.0164 ms
  s.vsm.propagate                  median 0.0032 ms  P95 0.0042 ms
  s.vsm.raster.chunks.p1           median 0.0051 ms  P95 0.0132 ms
  s.vsm.raster.clusters.p1         median 0.0022 ms  P95 0.0195 ms
  s.vsm.raster.instances.chunks.p1 median 0.0022 ms  P95 0.0227 ms
  s.vsm.raster.instances.p1        median 0.0042 ms  P95 0.0083 ms
  s.vsm.raster.nodes.p1.0          median 0.0022 ms  P95 0.0093 ms
  s.vsm.raster.nodes.p1.1          median 0.0022 ms  P95 0.0093 ms
  s.vsm.raster.nodes.p1.2          median 0.0022 ms  P95 0.0100 ms
  s.vsm.raster.nodes.p1.3          median 0.0022 ms  P95 0.0093 ms
  s.vsm.raster.prepare.chunks.p1   median 0.0022 ms  P95 0.0032 ms
  s.vsm.raster.prepare.draw.p1     median 0.0032 ms  P95 0.0042 ms
  s.vsm.raster.prepare.groups.p1   median 0.0022 ms  P95 0.0032 ms
  s.vsm.raster.prepare.nodes.p1.0  median 0.0029 ms  P95 0.0032 ms
  s.vsm.raster.prepare.nodes.p1.1  median 0.0029 ms  P95 0.0032 ms
  s.vsm.raster.prepare.nodes.p1.2  median 0.0022 ms  P95 0.0032 ms
  s.vsm.raster.prepare.nodes.p1.3  median 0.0022 ms  P95 0.0032 ms
  s.vsm.raster.raster              median 0.0029 ms  P95 0.0103 ms
  s.vsm.raster.reset               median 0.0042 ms  P95 0.0042 ms
  s.vsm.raster.stats               median 0.0000 ms  P95 0.0000 ms
  s.vsm.raster.tilemask            median 0.0042 ms  P95 0.0051 ms
  s.vsm.scan.assign                median 0.0850 ms  P95 0.0869 ms
  s.vsm.scan.count                 median 0.0063 ms  P95 0.0073 ms
  s.vsm.scan.prefix                median 0.0039 ms  P95 0.0042 ms
  s.vsm.searchdilate               median 0.0132 ms  P95 0.0134 ms
  s.vsm.searchgrid                 median 0.0081 ms  P95 0.0093 ms
  s.vsm.stats                      median 0.0000 ms  P95 0.0012 ms
1920x1080: S passes 283.7094 ms (page raster 0.0515 ms) of GPU frame 11.0131 ms | pages requested mean 3968 max 3977, dirty mean 12.4, T_sun mean 0.00 M, pool exhausted 0
  froxels: 208396 light entries (0.90 per froxel), 471 truncated lists, 3204 lights dropped, max 50 per froxel
  requested sun pages by level (last frame): L0:0 L1:55 L2:125 L3:114 L4:62 L5:33 L6:20 L7:17 L8:12 L9:12 L10:12 L11:12 L12:15 L13:15 L14:12 L15:12 L16:15 L17:15 L18:12 L19:6
  shadow overflow: lights past the third max 1215778, words needed max 968437, tiles over capacity 0 ok
  S error bits (INTERFACES 3.6, shader loop caps) 0x0 ok
  coverage fragments: 0 pixels with records, 0 pair (0.0 %)
  coverage layer: 0 records in 0 tiles (0 blocks, 0 heavy tiles), 0 special, pool 0
  visibility paths (% of 0.92 M pixels): no caster 0.0, reach lit 0.0, reach umbra 72.1, search lit 0.0, disk lit 0.0, disk umbra 13.8, filtered 14.1
