Adapter: NVIDIA GeForce RTX 4080, driver 32.0.15.9186, D3D12Core: C:\Users\USER\UnravelNext\Tools\DesignBench\build\D3D12\D3D12Core.dll
DXC: C:/Program Files (x86)/Windows Kits/10/bin/10.0.26100.0/x64, shaders: C:/Users/USER/UnravelNext/Tools/DesignBench/Bench/shaders, resolution 3840x2160, reps 9
  [env] timestamp frequency                                                    1000000000.0000 Hz       

== Band B fragment pipeline (conservative raster + exact area + mask + 24 B append, tile composite) (after 1.5 s warm-up)
  compiling coverage kernels
  creating mesh pipelines
  pipelines ready
  slivers 0.5 px x 20 px, F ~5 M: count pass
  prefix done
  [coverage] slivers 0.5 px x 20 px, F ~5 M: count pass (conservative raster, tile atomics only)       0.8283 ms       5.183129 M fragments, max/tile 218, tiles > 1024: 0
  [coverage] slivers 0.5 px x 20 px, F ~5 M: raster + area + mask + 24 B append (global list, one atomic per wave)       1.3209 ms       5.183129 M appended, 0 overflow, 0.254845 ns/fragment
  [coverage] slivers 0.5 px x 20 px, F ~5 M: raster + area + mask + 24 B append (tile segments, one atomic per fragment)       1.2772 ms       5.183129 M appended, 0 overflow, 0.246418 ns/fragment
  [coverage] slivers 0.5 px x 20 px, F ~5 M: raster + area + mask + 24 B append (tile segments, one atomic per (wave, tile))       1.3492 ms       5.183129 M appended, 0 overflow, 0.260309 ns/fragment
  [coverage] slivers 0.5 px x 20 px, F ~5 M: tile composite (groupshared sort by pixel/depth, mask union, 2 taps/fragment)       0.5540 ms       0.106882 ns/fragment, 0.066790 ns/pixel (all pixels)
  slivers 0.5 px x 20 px, F ~10 M: count pass
  prefix done
  [coverage] slivers 0.5 px x 20 px, F ~10 M: count pass (conservative raster, tile atomics only)       1.6538 ms       10.368084 M fragments, max/tile 308, tiles > 1024: 0
  [coverage] slivers 0.5 px x 20 px, F ~10 M: raster + area + mask + 24 B append (global list, one atomic per wave)       2.6391 ms       10.368084 M appended, 0 overflow, 0.254541 ns/fragment
  [coverage] slivers 0.5 px x 20 px, F ~10 M: raster + area + mask + 24 B append (tile segments, one atomic per fragment)       2.5510 ms       10.368084 M appended, 0 overflow, 0.246041 ns/fragment
  [coverage] slivers 0.5 px x 20 px, F ~10 M: raster + area + mask + 24 B append (tile segments, one atomic per (wave, tile))       2.6949 ms       10.368084 M appended, 0 overflow, 0.259921 ns/fragment
  [coverage] slivers 0.5 px x 20 px, F ~10 M: tile composite (groupshared sort by pixel/depth, mask union, 2 taps/fragment)       0.8499 ms       0.081975 ns/fragment, 0.102469 ns/pixel (all pixels)
  slivers 0.5 px x 20 px, F ~20 M: count pass
  prefix done
  [coverage] slivers 0.5 px x 20 px, F ~20 M: count pass (conservative raster, tile atomics only)       3.1321 ms       19.697171 M fragments, max/tile 518, tiles > 1024: 0
  [coverage] slivers 0.5 px x 20 px, F ~20 M: raster + area + mask + 24 B append (global list, one atomic per wave)       5.0004 ms       19.697171 M appended, 0 overflow, 0.253866 ns/fragment
  [coverage] slivers 0.5 px x 20 px, F ~20 M: raster + area + mask + 24 B append (tile segments, one atomic per fragment)       4.8337 ms       19.697171 M appended, 0 overflow, 0.245401 ns/fragment
  [coverage] slivers 0.5 px x 20 px, F ~20 M: raster + area + mask + 24 B append (tile segments, one atomic per (wave, tile))       5.1038 ms       19.697171 M appended, 0 overflow, 0.259112 ns/fragment
  [coverage] slivers 0.5 px x 20 px, F ~20 M: tile composite (groupshared sort by pixel/depth, mask union, 2 taps/fragment)       1.4387 ms       0.073042 ns/fragment, 0.173457 ns/pixel (all pixels)
  slivers 0.25 px x 20 px, F ~10 M: count pass
  prefix done
  [coverage] slivers 0.25 px x 20 px, F ~10 M: count pass (conservative raster, tile atomics only)       1.5367 ms       9.498973 M fragments, max/tile 278, tiles > 1024: 0
  [coverage] slivers 0.25 px x 20 px, F ~10 M: raster + area + mask + 24 B append (global list, one atomic per wave)       2.4747 ms       9.498973 M appended, 0 overflow, 0.260522 ns/fragment
  [coverage] slivers 0.25 px x 20 px, F ~10 M: raster + area + mask + 24 B append (tile segments, one atomic per fragment)       2.3918 ms       9.498973 M appended, 0 overflow, 0.251800 ns/fragment
  [coverage] slivers 0.25 px x 20 px, F ~10 M: raster + area + mask + 24 B append (tile segments, one atomic per (wave, tile))       2.5289 ms       9.498973 M appended, 0 overflow, 0.266232 ns/fragment
  [coverage] slivers 0.25 px x 20 px, F ~10 M: tile composite (groupshared sort by pixel/depth, mask union, 2 taps/fragment)       0.7987 ms       0.084085 ns/fragment, 0.096296 ns/pixel (all pixels)
  cards 4 px, F ~10 M: count pass
  prefix done
  [coverage] cards 4 px, F ~10 M: count pass (conservative raster, tile atomics only)       1.9165 ms       13.349635 M fragments, max/tile 468, tiles > 1024: 0
  [coverage] cards 4 px, F ~10 M: raster + area + mask + 24 B append (global list, one atomic per wave)       3.0737 ms       13.349635 M appended, 0 overflow, 0.230246 ns/fragment
  [coverage] cards 4 px, F ~10 M: raster + area + mask + 24 B append (tile segments, one atomic per fragment)       2.9641 ms       13.349635 M appended, 0 overflow, 0.222033 ns/fragment
  [coverage] cards 4 px, F ~10 M: raster + area + mask + 24 B append (tile segments, one atomic per (wave, tile))       3.1128 ms       13.349635 M appended, 0 overflow, 0.233173 ns/fragment
  [coverage] cards 4 px, F ~10 M: tile composite (groupshared sort by pixel/depth, mask union, 2 taps/fragment)       0.9574 ms       0.071720 ns/fragment, 0.115432 ns/pixel (all pixels)
