Adapter: NVIDIA GeForce RTX 4080, driver 32.0.15.9186, D3D12Core: C:\Users\USER\UnravelNext\Tools\DesignBench\build\D3D12\D3D12Core.dll
DXC: C:/Program Files (x86)/Windows Kits/10/bin/10.0.26100.0/x64, shaders: C:/Users/USER/UnravelNext/Tools/DesignBench/Bench/shaders, resolution 3840x2160, reps 9
  [env] timestamp frequency                                                    1000000000.0000 Hz       

== VSM dirty-page raster: UAV InterlockedMax pool vs hardware depth atlas + encode/pagemax pass (after 1.5 s warm-up)
  [vsm] 4K sun moving: 3600 dirty pages (60x60), 576 tris/page (2.07 M), edge 8 px (32 px^2): UAV InterlockedMax into the raw pool (current S path)       1.2851 ms       66.355200 M texel fragments, 0.019367 ns/fragment, 356.977778 ns/page
  [vsm] 4K sun moving: 3600 dirty pages (60x60), 576 tris/page (2.07 M), edge 8 px (32 px^2): hardware depth (ROP) into a D32 page atlas, no pixel shader       0.6769 ms       0.010201 ns/fragment (c_rop), 188.017778 ns/page
  [vsm] 4K sun moving: 3600 dirty pages (60x60), 576 tris/page (2.07 M), edge 8 px (32 px^2): encode atlas -> pool (4 B read + 4 B write per texel) + 8^2/32^2 block min/max       0.6728 ms       0.011406 ns/texel, 701.369863 GB/s, 186.880000 ns/page
  [vsm] 4K sun moving: 3600 dirty pages (60x60), 576 tris/page (2.07 M), edge 8 px (32 px^2): ROP + encode total       1.3496 ms       1.050199 x the UAV path
  [vsm] same pages, 2304 tris/page (8.3 M), edge 2 px (2 px^2): UAV InterlockedMax into the raw pool (current S path)       1.2237 ms       16.588800 M texel fragments, 0.073765 ns/fragment, 339.911111 ns/page
  [vsm] same pages, 2304 tris/page (8.3 M), edge 2 px (2 px^2): hardware depth (ROP) into a D32 page atlas, no pixel shader       1.2216 ms       0.073642 ns/fragment (c_rop), 339.342222 ns/page
  [vsm] same pages, 2304 tris/page (8.3 M), edge 2 px (2 px^2): encode atlas -> pool (4 B read + 4 B write per texel) + 8^2/32^2 block min/max       0.7301 ms       0.012378 ns/texel, 646.283310 GB/s, 202.808889 ns/page
  [vsm] same pages, 2304 tris/page (8.3 M), edge 2 px (2 px^2): ROP + encode total       1.9517 ms       1.594979 x the UAV path
  [vsm] design wind case: 400 dirty pages (20x20), 576 tris/page, edge 8 px: UAV InterlockedMax into the raw pool (current S path)       0.1372 ms       7.372800 M texel fragments, 0.018611 ns/fragment, 343.040000 ns/page
  [vsm] design wind case: 400 dirty pages (20x20), 576 tris/page, edge 8 px: hardware depth (ROP) into a D32 page atlas, no pixel shader       0.0778 ms       0.010556 ns/fragment (c_rop), 194.560000 ns/page
  [vsm] design wind case: 400 dirty pages (20x20), 576 tris/page, edge 8 px: encode atlas -> pool (4 B read + 4 B write per texel) + 8^2/32^2 block min/max       0.0543 ms       0.008281 ns/texel, 966.037736 GB/s, 135.680000 ns/page
  [vsm] design wind case: 400 dirty pages (20x20), 576 tris/page, edge 8 px: ROP + encode total       0.1321 ms       0.962687 x the UAV path
  [vsm] 1440p sun moving: 1936 dirty pages (44x44), 1536 tris/page (3.0 M), edge 8 px: UAV InterlockedMax into the raw pool (current S path)       1.8493 ms       95.158272 M texel fragments, 0.019434 ns/fragment, 955.239669 ns/page
  [vsm] 1440p sun moving: 1936 dirty pages (44x44), 1536 tris/page (3.0 M), edge 8 px: hardware depth (ROP) into a D32 page atlas, no pixel shader       0.9196 ms       0.009663 ns/fragment (c_rop), 474.975207 ns/page
  [vsm] 1440p sun moving: 1936 dirty pages (44x44), 1536 tris/page (3.0 M), edge 8 px: encode atlas -> pool (4 B read + 4 B write per texel) + 8^2/32^2 block min/max       0.3809 ms       0.012009 ns/texel, 666.150538 GB/s, 196.760331 ns/page
  [vsm] 1440p sun moving: 1936 dirty pages (44x44), 1536 tris/page (3.0 M), edge 8 px: ROP + encode total       1.3005 ms       0.703212 x the UAV path
