Adapter: NVIDIA GeForce RTX 4080, driver 32.0.15.9186, D3D12Core: C:\Users\USER\UnravelNext\Tools\DesignBench\build\D3D12\D3D12Core.dll
DXC: C:/Program Files (x86)/Windows Kits/10/bin/10.0.26100.0/x64, shaders: C:/Users/USER/UnravelNext/Tools/DesignBench/Bench/shaders, resolution 3840x2160, reps 9
  [env] timestamp frequency                                                    1000000000.0000 Hz       

== Banded pixel passes (resolve 8 B in / 12 B out, shade 32-48 B in / 4 B out) (after 1.5 s warm-up)
  [bands] 3840x2160 resolve + shade (32 B/px read in shade), 1 band (full screen)       0.7393 ms       0.089136 ns/pixel
  [bands] 3840x2160 resolve + shade (32 B/px read in shade), 4 bands                   0.5100 ms       0.061481 ns/pixel
  [bands] 3840x2160 resolve + shade (32 B/px read in shade), 8 bands                   0.4700 ms       0.056667 ns/pixel
  [bands] 3840x2160 resolve + shade (32 B/px read in shade), 16 bands                  0.4588 ms       0.055309 ns/pixel
  [bands] 3840x2160 resolve + shade (48 B/px read in shade), 1 band (full screen)       0.9400 ms       0.113333 ns/pixel
  [bands] 3840x2160 resolve + shade (48 B/px read in shade), 4 bands                   0.7946 ms       0.095802 ns/pixel
  [bands] 3840x2160 resolve + shade (48 B/px read in shade), 8 bands                   0.6676 ms       0.080494 ns/pixel
  [bands] 3840x2160 resolve + shade (48 B/px read in shade), 16 bands                  0.6851 ms       0.082593 ns/pixel
  [bands] 2560x1440 resolve + shade (32 B/px read in shade), 1 band (full screen)       0.3236 ms       0.087778 ns/pixel
  [bands] 2560x1440 resolve + shade (32 B/px read in shade), 4 bands                   0.2007 ms       0.054444 ns/pixel
  [bands] 2560x1440 resolve + shade (32 B/px read in shade), 8 bands                   0.2007 ms       0.054444 ns/pixel
  [bands] 2560x1440 resolve + shade (32 B/px read in shade), 16 bands                  0.2222 ms       0.060278 ns/pixel
  [bands] 2560x1440 resolve + shade (48 B/px read in shade), 1 band (full screen)       0.4311 ms       0.116944 ns/pixel
  [bands] 2560x1440 resolve + shade (48 B/px read in shade), 4 bands                   0.3031 ms       0.082222 ns/pixel
  [bands] 2560x1440 resolve + shade (48 B/px read in shade), 8 bands                   0.3072 ms       0.083333 ns/pixel
  [bands] 2560x1440 resolve + shade (48 B/px read in shade), 16 bands                  0.3308 ms       0.089722 ns/pixel
