Adapter: NVIDIA GeForce RTX 4080, driver 32.0.15.9186, D3D12Core: C:\Users\USER\UnravelNext\Tools\DesignBench\build\D3D12\D3D12Core.dll
DXC: C:/Program Files (x86)/Windows Kits/10/bin/10.0.26100.0/x64, shaders: C:/Users/USER/UnravelNext/Tools/DesignBench/Bench/shaders, resolution 3840x2160, reps 9
  [env] timestamp frequency                                                    1000000000.0000 Hz       

== Band C brick DDA (16^3 bricks, table indirection, camera and sun marches, entry maps) (after 1.5 s warm-up)
  [bricks] camera march, 1 B voxels (18 MB), 16 steps, 32 B record                      0.7946 ms       0.095802 ns/pixel, 0.005988 ns/step (upper bound: early exits)
  [bricks] sun (orthographic) march, 1 B voxels (18 MB), 16 steps, 32 B record          0.4516 ms       0.054444 ns/pixel, 0.003403 ns/step (upper bound: early exits)
  [bricks] camera march, 1 B voxels (18 MB), 32 steps, 32 B record                      0.9144 ms       0.110247 ns/pixel, 0.003445 ns/step (upper bound: early exits)
  [bricks] sun (orthographic) march, 1 B voxels (18 MB), 32 steps, 32 B record          0.7496 ms       0.090370 ns/pixel, 0.002824 ns/step (upper bound: early exits)
  [bricks] sun texel march (top face down), 1 B voxels, 32 steps, 4 B T only            0.6851 ms       0.082593 ns/pixel (receiver)
  [bricks] receiver sun march (ground up toward the sun), 1 B voxels, 32 steps, 4 B T only       0.6881 ms       0.082963 ns/pixel (receiver)
  [bricks] camera march, 1 B voxels (18 MB), 48 steps, 32 B record                      1.0895 ms       0.131358 ns/pixel, 0.002737 ns/step (upper bound: early exits)
  [bricks] sun (orthographic) march, 1 B voxels (18 MB), 48 steps, 32 B record          1.0813 ms       0.130370 ns/pixel, 0.002716 ns/step (upper bound: early exits)
  [bricks] entry maps: 4608 bricks x 256 cells x 16 steps, 1 B voxels                   0.0451 ms       9.777778 ns/brick
  [bricks] camera march, 8 B voxels (144 MB), 16 steps, 32 B record                     0.7793 ms       0.093951 ns/pixel, 0.005872 ns/step (upper bound: early exits)
  [bricks] sun (orthographic) march, 8 B voxels (144 MB), 16 steps, 32 B record         0.6103 ms       0.073580 ns/pixel, 0.004599 ns/step (upper bound: early exits)
  [bricks] camera march, 8 B voxels (144 MB), 32 steps, 32 B record                     0.9574 ms       0.115432 ns/pixel, 0.003607 ns/step (upper bound: early exits)
  [bricks] sun (orthographic) march, 8 B voxels (144 MB), 32 steps, 32 B record         0.9810 ms       0.118272 ns/pixel, 0.003696 ns/step (upper bound: early exits)
  [bricks] sun texel march (top face down), 8 B voxels, 32 steps, 4 B T only            0.9093 ms       0.109630 ns/pixel (receiver)
  [bricks] receiver sun march (ground up toward the sun), 8 B voxels, 32 steps, 4 B T only       0.8980 ms       0.108272 ns/pixel (receiver)
  [bricks] camera march, 8 B voxels (144 MB), 48 steps, 32 B record                     1.1551 ms       0.139259 ns/pixel, 0.002901 ns/step (upper bound: early exits)
  [bricks] sun (orthographic) march, 8 B voxels (144 MB), 48 steps, 32 B record         1.5565 ms       0.187654 ns/pixel, 0.003909 ns/step (upper bound: early exits)
  [bricks] entry maps: 4608 bricks x 256 cells x 16 steps, 8 B voxels                   0.2744 ms       59.555556 ns/brick
