Adapter: NVIDIA GeForce RTX 4080, driver 32.0.15.9186, D3D12Core: C:\Users\USER\UnravelNext\Tools\DesignBench\build\D3D12\D3D12Core.dll
DXC: C:/Program Files (x86)/Windows Kits/10/bin/10.0.26100.0/x64, shaders: C:/Users/USER/UnravelNext/Tools/DesignBench/Bench/shaders, resolution 3840x2160, reps 9
  [env] timestamp frequency                                                    1000000000.0000 Hz       

== Band C brick DDA (16^3 bricks, table indirection, camera and sun marches, entry maps) (after 1.5 s warm-up)
  [bricks] camera march, 1 B voxels (18 MB), 16 steps, 32 B record                      0.7946 ms       0.095802 ns/pixel, 0.005988 ns/step (upper bound: early exits)
  [bricks] sun (orthographic) march, 1 B voxels (18 MB), 16 steps, 32 B record          0.4516 ms       0.054444 ns/pixel, 0.003403 ns/step (upper bound: early exits)
  [bricks] camera march, 1 B voxels (18 MB), 32 steps, 32 B record                      0.9134 ms       0.110123 ns/pixel, 0.003441 ns/step (upper bound: early exits)
  [bricks] sun (orthographic) march, 1 B voxels (18 MB), 32 steps, 32 B record          0.7485 ms       0.090247 ns/pixel, 0.002820 ns/step (upper bound: early exits)
  [bricks] sun texel march (top face down), 1 B voxels, 32 steps, 4 B T only            0.6840 ms       0.082469 ns/pixel (receiver)
  [bricks] receiver sun march (ground up toward the sun), 1 B voxels, 32 steps, 4 B T only       0.6871 ms       0.082840 ns/pixel (receiver)
  [bricks] receiver sun march, sparse skip, brick occupancy 100 %, 1 B voxels, 32 steps, 4 B T only       0.7301 ms       0.088025 ns/receiver
  [bricks] receiver sun march, sparse skip, brick occupancy 60 %, 1 B voxels, 32 steps, 4 B T only       0.5140 ms       0.061975 ns/receiver
  [bricks] receiver sun march, sparse skip, brick occupancy 40 %, 1 B voxels, 32 steps, 4 B T only       0.5120 ms       0.061728 ns/receiver
  [bricks] receiver sun march, sparse skip, brick occupancy 20 %, 1 B voxels, 32 steps, 4 B T only       0.4874 ms       0.058765 ns/receiver
  [bricks] camera march, 1 B voxels (18 MB), 48 steps, 32 B record                      1.0885 ms       0.131235 ns/pixel, 0.002734 ns/step (upper bound: early exits)
  [bricks] sun (orthographic) march, 1 B voxels (18 MB), 48 steps, 32 B record          1.0793 ms       0.130123 ns/pixel, 0.002711 ns/step (upper bound: early exits)
  [bricks] entry maps: 4608 bricks x 256 cells x 16 steps, 1 B voxels                   0.0451 ms       9.777778 ns/brick
  [bricks] camera march, 8 B voxels (144 MB), 16 steps, 32 B record                     0.7772 ms       0.093704 ns/pixel, 0.005856 ns/step (upper bound: early exits)
  [bricks] sun (orthographic) march, 8 B voxels (144 MB), 16 steps, 32 B record         0.6144 ms       0.074074 ns/pixel, 0.004630 ns/step (upper bound: early exits)
  [bricks] camera march, 8 B voxels (144 MB), 32 steps, 32 B record                     0.9523 ms       0.114815 ns/pixel, 0.003588 ns/step (upper bound: early exits)
  [bricks] sun (orthographic) march, 8 B voxels (144 MB), 32 steps, 32 B record         0.9800 ms       0.118148 ns/pixel, 0.003692 ns/step (upper bound: early exits)
  [bricks] sun texel march (top face down), 8 B voxels, 32 steps, 4 B T only            0.9114 ms       0.109877 ns/pixel (receiver)
  [bricks] receiver sun march (ground up toward the sun), 8 B voxels, 32 steps, 4 B T only       0.8950 ms       0.107901 ns/pixel (receiver)
  [bricks] camera march, 8 B voxels (144 MB), 48 steps, 32 B record                     1.1500 ms       0.138642 ns/pixel, 0.002888 ns/step (upper bound: early exits)
  [bricks] sun (orthographic) march, 8 B voxels (144 MB), 48 steps, 32 B record         1.3742 ms       0.165679 ns/pixel, 0.003452 ns/step (upper bound: early exits)
  [bricks] entry maps: 4608 bricks x 256 cells x 16 steps, 8 B voxels                   0.2703 ms       58.666667 ns/brick
