UnravelNext host: scene committed, 2 meshes, 2 instances, 4096 triangles, 129 clusters, 320.4 ms, hash 48768521ead9f3b4
RayScene: 2 static + 0 dynamic instances (0 deformed), 2 mesh BLAS (4096 tris, 0.1 MB compacted from 0.3 MB), deformed 0 tris / 0 verts (0 above proxy budget), TLAS static 0.0 MB dynamic 0.00 MB, load 34 ms
RayScene resident (MB): static BLAS+TLAS 0.1 (BLAS 0.1, TLAS 0.00, descs+scratch 0.00), dynamic AS 0.0 (deformed BLAS 0.0, scratch 0.0, TLAS+scratch+descs 0.00, emitters 0.000), deformed vertices 0.0, records 0.0 (instances, geometries, proxy indices, vertex map, deform jobs)
V: instance hierarchy: 2 static instances in 1 chunks (64 m cells, <= 256 each), 0 flat instances, 0 skinned (0 joint spheres)
GI cache: 200000 entries, 524288 table slots, 202.0 MB (texels 97.7 MB), finest cell 0.062 m, cell 0.50 deg, 500000 rays = 7812 hemisphere updates per frame
R reflections: 0 planar reflector planes from 0 flat mirror triangles (0 smooth-shaded mirror triangles stay on rays), 0.0 ms
  (same scene twice: no pixel differs by more than 0.1: 0 pixels differ)
  same scene twice: no pixel differs by more than 0.1                      ok
    [diff: 4511 px, worst channel 597/1023, box x 329..880 y 387..615]
  (9 blocks built; 4511 pixels changed by the footprints)
  footprints replace blocks in both tiles                                  ok
  footprints are visible                                                   ok
  (drawn the same twice: 0 pixels differ)
  drawn the same twice                                                     ok
  the same D again rebuilds nothing                                        ok
  (and draws the same: 0 pixels differ)
  and draws the same                                                       ok
    [diff: 171 px, worst channel 120/1023, box x 359..861 y 388..596]
  (D cleared: 171 pixels above 0.1, worst channel 120/1023)
  D cleared: the terrain returns without it (worst <= 0.25)                ok
HOST TERRAIN TEST PASSED
