UnravelNext host: scene committed, 1 meshes, 1 instances, 12 triangles, 1 clusters, 292.8 ms, hash fe88978f591dff91
RayScene: 1 static + 0 dynamic instances (0 deformed), 1 mesh BLAS (12 tris, 0.0 MB compacted from 0.0 MB), deformed 0 tris / 0 verts (0 above proxy budget), TLAS static 0.0 MB dynamic 0.00 MB, load 23 ms
RayScene resident (MB): static BLAS+TLAS 0.0 (BLAS 0.0, TLAS 0.00, descs+scratch 0.00), dynamic AS 0.0 (deformed BLAS 0.0, scratch 0.0, TLAS+scratch+descs 0.00, emitters 0.000), deformed vertices 0.0, records 0.0 (instances, geometries, proxy indices, vertex map, deform jobs)
V: instance hierarchy: 1 static instances in 1 chunks (64 m cells, <= 256 each), 0 flat instances, 0 skinned (0 joint spheres)
GI cache: 200000 entries, 524288 table slots, 202.0 MB (texels 97.7 MB), finest cell 0.062 m, cell 0.50 deg, 500000 rays = 7812 hemisphere updates per frame
R reflections: 0 planar reflector planes from 0 flat mirror triangles (0 smooth-shaded mirror triangles stay on rays), 0.0 ms
UnravelNext host: scene committed, 1 meshes, 1 instances, 12 triangles, 1 clusters, 98.6 ms, hash fe88978f591dff91
RayScene: 1 static + 0 dynamic instances (0 deformed), 1 mesh BLAS (12 tris, 0.0 MB compacted from 0.0 MB), deformed 0 tris / 0 verts (0 above proxy budget), TLAS static 0.0 MB dynamic 0.00 MB, load 29 ms
RayScene resident (MB): static BLAS+TLAS 0.0 (BLAS 0.0, TLAS 0.00, descs+scratch 0.00), dynamic AS 0.0 (deformed BLAS 0.0, scratch 0.0, TLAS+scratch+descs 0.00, emitters 0.000), deformed vertices 0.0, records 0.0 (instances, geometries, proxy indices, vertex map, deform jobs)
V: instance hierarchy: 1 static instances in 1 chunks (64 m cells, <= 256 each), 0 flat instances, 0 skinned (0 joint spheres)
GI cache: 200000 entries, 524288 table slots, 202.0 MB (texels 97.7 MB), finest cell 0.062 m, cell 0.50 deg, 500000 rays = 7812 hemisphere updates per frame
R reflections: 0 planar reflector planes from 0 flat mirror triangles (0 smooth-shaded mirror triangles stay on rays), 0.0 ms
  C0: 85616 live particles, 0 ticks claimed; hitches: 85616 live, 60 claimed
  C0 run: every tick recorded by a frame (none claimed)                          ok
  hitch run: the ticks no frame recorded were claimed by their readbacks         ok
  live particles in the checkpoint                                               ok
  final state bit identical whether ticks ran in frames or at once on compute    ok
  pixels changed by the particles: C0 5498, hitches 5498 (of 518400)
  the particles reach the image (shading composite of the particle layer)        ok
  D3D12 debug layer errors 0                                                     ok
HOST VFX TEST PASSED
