UnravelNext host: scene committed, 1 meshes, 1 instances, 12 triangles, 1 clusters, 285.8 ms, hash fe88978f591dff91
RayScene: 1 static + 0 dynamic instances (0 deformed), 1 mesh BLAS (12 tris, 0.0 MB compacted from 0.0 MB), deformed 0 tris / 0 verts (0 above proxy budget), TLAS static 0.0 MB dynamic 0.00 MB, load 24 ms
RayScene resident (MB): static BLAS+TLAS 0.0 (BLAS 0.0, TLAS 0.00, descs+scratch 0.00), dynamic AS 0.0 (deformed BLAS 0.0, scratch 0.0, TLAS+scratch+descs 0.00, emitters 0.000), deformed vertices 0.0, records 0.0 (instances, geometries, proxy indices, vertex map, deform jobs)
GI cache: 200000 entries, 524288 table slots, 202.0 MB (texels 97.7 MB), finest cell 0.062 m, cell 0.50 deg, 500000 rays = 7812 hemisphere updates per frame
R reflections: 0 planar reflector planes from 0 flat mirror triangles (0 smooth-shaded mirror triangles stay on rays), 0.0 ms
UnravelNext host: scene committed, 1 meshes, 1 instances, 12 triangles, 1 clusters, 41.7 ms, hash fe88978f591dff91
RayScene: 1 static + 0 dynamic instances (0 deformed), 1 mesh BLAS (12 tris, 0.0 MB compacted from 0.0 MB), deformed 0 tris / 0 verts (0 above proxy budget), TLAS static 0.0 MB dynamic 0.00 MB, load 14 ms
RayScene resident (MB): static BLAS+TLAS 0.0 (BLAS 0.0, TLAS 0.00, descs+scratch 0.00), dynamic AS 0.0 (deformed BLAS 0.0, scratch 0.0, TLAS+scratch+descs 0.00, emitters 0.000), deformed vertices 0.0, records 0.0 (instances, geometries, proxy indices, vertex map, deform jobs)
GI cache: 200000 entries, 524288 table slots, 202.0 MB (texels 97.7 MB), finest cell 0.062 m, cell 0.50 deg, 500000 rays = 7812 hemisphere updates per frame
R reflections: 0 planar reflector planes from 0 flat mirror triangles (0 smooth-shaded mirror triangles stay on rays), 0.0 ms
  C0: 85616 live particles, 0 ticks claimed; hitches: 85616 live, 60 claimed
  C0 run: every tick recorded by a frame (none claimed)                          ok
  hitch run: the ticks no frame recorded were claimed by their readbacks         ok
  live particles in the checkpoint                                               ok
  final state bit identical whether ticks ran in frames or at once on compute    ok
  pixels changed by the particles: C0 5495, hitches 5495 (of 518400)
  the particles reach the image (shading composite of the particle layer)        ok
  D3D12 debug layer errors 0                                                     ok
HOST VFX TEST PASSED
GpuLock.ps1: cpu-contended: 8 s >= 4 cores, peak 18.0 cores; top: cl.exe (30968) 14 core-s, dotnet.exe (58380) 9 core-s, cl.exe (26572) 8 core-s, unx_test_fx_particletests.exe (47068) 8 core-s background: Remnant2-Win64-Shipping (13816) 7 s >= 200 ms/s, peak 515 ms/s; cpu 8 s >= 4 cores, peak 9.7 cores
