powershell : scene city_block (scale 1.00): 127 meshes, 1377 instances, 2433614 instanced triangles, 65817 clusters; ge
nerated in 1114 ms, clusters built in 9281 ms
At line:1 char:405
+ ... | Out-Null; powershell -File Tools/CI/GpuLock.ps1 -Track C -- build/C ...
+                 ~~~~~~~~~~~~~~~~~~~~~~~~~~~~~~~~~~~~~~~~~~~~~~~~~~~~~~~~~
    + CategoryInfo          : NotSpecified: (scene city_bloc...uilt in 9281 ms:String) [], RemoteException
    + FullyQualifiedErrorId : NativeCommandError
 
note: track entry point E.viewModelPrepare (track disabled in this build) is not implemented yet; it declares no passes
 (INTERFACES_KO.md 5.2)
note: track entry point E.debugBegin (track disabled in this build) is not implemented yet; it declares no passes (INTE
RFACES_KO.md 5.2)
note: track entry point M.prepareScene (track disabled in this build) is not implemented yet; it declares no passes (IN
TERFACES_KO.md 5.2)
note: track entry point E.lightFunctions (track disabled in this build) is not implemented yet; it declares no passes (
INTERFACES_KO.md 5.2)
note: track entry point FX.simulation (track disabled in this build) is not implemented yet; it declares no passes (INT
ERFACES_KO.md 5.2)
note: track entry point W.waterGeometry (track disabled in this build) is not implemented yet; it declares no passes (I
NTERFACES_KO.md 5.2)
note: track entry point S.atmosphere (track disabled in this build) is not implemented yet; it declares no passes (INTE
RFACES_KO.md 5.2)
note: track entry point R.accelerationStructures (track disabled in this build) is not implemented yet; it declares no 
passes (INTERFACES_KO.md 5.2)
note: track entry point E.hair (track disabled in this build) is not implemented yet; it declares no passes (INTERFACES
_KO.md 5.2)
V: 5 alpha-tested materials have a baseColor texture that is not in the GPU scene (M.prepareScene not run): drawn uncut
V: instance hierarchy: 353 static instances in 55 chunks (64 m cells, <= 256 each), 1024 flat instances, 0 skinned (0 j
oint spheres)
note: track entry point S.shadowPages (track disabled in this build) is not implemented yet; it declares no passes (INT
ERFACES_KO.md 5.2)
note: track entry point E.decals (track disabled in this build) is not implemented yet; it declares no passes (INTERFAC
ES_KO.md 5.2)
note: track entry point E.surfaceState (track disabled in this build) is not implemented yet; it declares no passes (IN
TERFACES_KO.md 5.2)
note: track entry point M.materialResolve (track disabled in this build) is not implemented yet; it declares no passes 
(INTERFACES_KO.md 5.2)
note: track entry point S.froxels (track disabled in this build) is not implemented yet; it declares no passes (INTERFA
CES_KO.md 5.2)
note: track entry point R.globalIllumination (track disabled in this build) is not implemented yet; it declares no pass
es (INTERFACES_KO.md 5.2)
note: track entry point R.reflections (track disabled in this build) is not implemented yet; it declares no passes (INT
ERFACES_KO.md 5.2)
note: track entry point FX.particles (track disabled in this build) is not implemented yet; it declares no passes (INTE
RFACES_KO.md 5.2)
note: track entry point E.distortion (track disabled in this build) is not implemented yet; it declares no passes (INTE
RFACES_KO.md 5.2)
note: track entry point S.shadowVisibility (track disabled in this build) is not implemented yet; it declares no passes
 (INTERFACES_KO.md 5.2)
note: track entry point M.shading (track disabled in this build) is not implemented yet; it declares no passes (INTERFA
CES_KO.md 5.2)
note: track entry point E.debugOverlay (track disabled in this build) is not implemented yet; it declares no passes (IN
TERFACES_KO.md 5.2)
[V city_block static 4K] gpu frame median 1.9006 ms, p95 2.1882, p99 2.2888 (n=300) | cpu frame median 1.1682 ms (recor
d 0.1516, submit 0.0388) | SM clock median 2820 MHz (min 2820) | passes 70, barriers 610 in 68 batches, cross-queue syn
cs 0, command lists 1, transients 25 (576.1 MB aliased / 716.1 MB unaliased) | quality d87a2ff9d9cc7079
[V city_block static 4K] outside passes: graphics 1 lists, head 0.0000, tail 0.0000, gap 0.0000 ms (medians)
V city_block 4K: cull 0.170 ms (design 0.001 on 744 instances, 8273 clusters tested) | HiZ 0.056 ms (design 0.020) | ba
nd A raster 0.076 ms (design 0.006 on 4536 clusters, 38003 triangles) | total V 0.301 ms of frame 1.901 ms | raster ser
vice for other tracks' views 0.000 ms
  raster passes (2): v.cull.raster.p1 0.073, v.cull.raster.p2 0.003
  visible clusters by band A/B/C 2185/2351/0 (of B: 0 mixed sheet clusters split per triangle, 0 triangles)
  nodes tested 4321, triangles by band A/B/C 38003/40840/0, deferred 344/42/720, overflow 0x0 (stats of frame 510)
  service pages (ring): 6758.0 requested per frame (max 6758) = 110.7 M texels
  service svc.atlas32: raster 1.168 ms (0.0106 ns per requested texel), cull 0.322 ms, clear 0.062 ms | 18637 clusters 
visible, 328038 triangles, 157301 tile pairs, overflow 0x0
GpuLock.ps1: contended: Unity (36892) 2 s >= 50 ms/s, peak 400 ms/s background: cpu 7 s >= 4 cores, peak 6.3 cores
