C:\Users\USER\UnravelNext-refl\build\all\bin\unx_gate_shadow_renderergate.exe --scene C:\Users\USER\UnravelGames\BathhouseTycoon\Artifacts\Look\bath_reference.unxscene --resolution 1920x1080 --auto-exposure --warmup-frames 0 --frames 300 --capture-frames 0,3,15,299 --capture-output C:\Users\USER\UnravelNext-refl\Cache\ReflJudge\A\bath_hall_still_1080.pfm --capture-layers final,refl,reflmode --set reflection.layers=false
cluster builder: mesh 3 - a group's simplification made more clusters than the group had: its cut bound is all 1606 clusters
scene C:\Users\USER\UnravelGames\BathhouseTycoon\Artifacts\Look\bath_reference.unxscene (a65abab0ce994e0d), 6668 instances, 31571 clusters, camera 0 (static)
M textures: occlusion textures are not used (their use is not defined in INTERFACES 8.1 v1)
RayScene: 6667 static + 2 dynamic instances (0 deformed), 6668 mesh BLAS (744950 tris, 27.7 MB compacted from 67.1 MB), deformed 0 tris / 0 verts (0 above proxy budget), TLAS static 1.9 MB dynamic 0.02 MB, load 365 ms (records and mesh BLAS 341.5, proxies 0.3, deformed setup 4.0, static TLAS and records 18.0, first dynamic build 1.2)
RayScene resident (MB): static BLAS+TLAS 32.2 (BLAS 29.1, TLAS 2.01, descs+scratch 1.16), dynamic AS 0.0 (deformed BLAS 0.0, scratch 0.0, TLAS+scratch+descs 0.03, emitters 0.011), deformed vertices 0.0, records 0.2 (instances, geometries, proxy indices, vertex map, deform jobs)
V: instance hierarchy: 6667 static instances in 30 chunks (64 m cells, <= 256 each), 1 flat instances, 0 skinned (0 joint spheres)
S VSM: 1 sun and 26 local raster requests (92 active local lights; views packed under the list capacity 1048576)
M textures: occlusion textures are not used (their use is not defined in INTERFACES 8.1 v1)
GI cache: 200000 entries, 524288 table slots, 250.8 MB (texels 97.7 MB), finest cell 0.062 m, cell 0.50 deg, 500000 rays = 7812 hemisphere updates per frame
R reflections: 2953 planar reflector planes from 28652 flat mirror triangles (24120 smooth-shaded mirror triangles stay on rays), 2.2 ms
render graph: plan rebuilt (2): passes 760 -> 740, resources 480 -> 474; first differing pass 0 'r.as.tlas.sync' (was 's.atmosphere.params'); resource 5 'RT static TLAS' (was 'S ms radiance')
render graph: plan rebuilt (3): passes 740 -> 739, resources 474 -> 473; first differing pass 718 'm.exposure.readback' (was 'm.exposure.meter'); resource 439 'R reflection rays' (was 'R reflection rays': 67108864 -> 335544320 bytes)
S shadow overflow: frame 1 needed 966772 words (5361 tiles over capacity): capacity grows to 2097152 words
render graph: plan rebuilt (4): passes 739 -> 742, resources 473 -> 473; first differing pass: none; resource 418 'S shadow overflow' (was 'S shadow overflow': 1048576 -> 10485760 bytes)
render graph: plan rebuilt (5): passes 742 -> 797, resources 473 -> 527; first differing pass 649 'r.refl.begin' (was 'r.refl.begin': other uses or queue); resource 437 'R planar mirror mask' (was 'R planar counts')
render graph: plan rebuilt (6): passes 739 -> 739, resources 473 -> 473; first differing pass: none; resource 418 'S shadow overflow' (was 'S shadow overflow': 1048576 -> 10485760 bytes)
[S C:\Users\USER\UnravelGames\BathhouseTycoon\Artifacts\Look\bath_reference.unxscene static 1920x1080 1080p] gpu frame median 13.1610 ms, p95 13.8137, p99 14.7004 (n=300) | cpu frame median 8.3038 ms (record 1.8445, submit 0.1038) | SM clock median 2820 MHz (min 765) | passes 741, barriers 6233 in 707 batches, cross-queue syncs 0, command lists 1, transients 424 (468.4 MB aliased / 3999.9 MB unaliased), replanned frames 6 | quality 8966dba76b121afe
[S C:\Users\USER\UnravelGames\BathhouseTycoon\Artifacts\Look\bath_reference.unxscene static 1920x1080 1080p] outside passes: graphics 1 lists, head 0.0000, tail 0.0000, gap 0.0000 ms (medians)
captured frame index 299 (warm-up 0 frames)
captured final 1920x1080 (after the temporal upscale, frame 0, ev100 6.16, snap frame metered on itself: x 229.3) -> C:\Users\USER\UnravelNext-refl\Cache\ReflJudge\A\bath_hall_still_1080_f0.pfm
captured refl 1280x720 (internal layer, frame 0, ev100 14.00) -> C:\Users\USER\UnravelNext-refl\Cache\ReflJudge\A\bath_hall_still_1080_refl_f0.pfm
captured reflmode 1280x720 (internal layer, frame 0, ev100 14.00) -> C:\Users\USER\UnravelNext-refl\Cache\ReflJudge\A\bath_hall_still_1080_reflmode_f0.pfm
captured final 1920x1080 (after the temporal upscale, frame 3, ev100 6.16) -> C:\Users\USER\UnravelNext-refl\Cache\ReflJudge\A\bath_hall_still_1080_f3.pfm
captured refl 1280x720 (internal layer, frame 3, ev100 6.16) -> C:\Users\USER\UnravelNext-refl\Cache\ReflJudge\A\bath_hall_still_1080_refl_f3.pfm
captured reflmode 1280x720 (internal layer, frame 3, ev100 6.16) -> C:\Users\USER\UnravelNext-refl\Cache\ReflJudge\A\bath_hall_still_1080_reflmode_f3.pfm
captured final 1920x1080 (after the temporal upscale, frame 15, ev100 6.16) -> C:\Users\USER\UnravelNext-refl\Cache\ReflJudge\A\bath_hall_still_1080_f15.pfm
captured refl 1280x720 (internal layer, frame 15, ev100 6.16) -> C:\Users\USER\UnravelNext-refl\Cache\ReflJudge\A\bath_hall_still_1080_refl_f15.pfm
captured reflmode 1280x720 (internal layer, frame 15, ev100 6.16) -> C:\Users\USER\UnravelNext-refl\Cache\ReflJudge\A\bath_hall_still_1080_reflmode_f15.pfm
captured final 1920x1080 (after the temporal upscale, frame 299, ev100 6.24) -> C:\Users\USER\UnravelNext-refl\Cache\ReflJudge\A\bath_hall_still_1080_f299.pfm
captured refl 1280x720 (internal layer, frame 299, ev100 6.24) -> C:\Users\USER\UnravelNext-refl\Cache\ReflJudge\A\bath_hall_still_1080_refl_f299.pfm
captured reflmode 1280x720 (internal layer, frame 299, ev100 6.24) -> C:\Users\USER\UnravelNext-refl\Cache\ReflJudge\A\bath_hall_still_1080_reflmode_f299.pfm
local shadows: 92 slots assigned, 92 raster-active, 0 shadowed lights without a slot
  s.atmosphere.ms.density          median 29.3896 ms  P95 29.3896 ms
  s.atmosphere.ms.final            median 0.8469 ms  P95 0.8469 ms
  s.atmosphere.ms.irradiance       median 7.8379 ms  P95 7.8379 ms
  s.atmosphere.ms.project          median 53.7783 ms  P95 53.7783 ms
  s.atmosphere.ms.radiance         median 325.8799 ms  P95 325.8799 ms
  s.atmosphere.ms.single           median 49.8062 ms  P95 49.8062 ms
  s.atmosphere.params              median 0.0020 ms  P95 0.0020 ms
  s.atmosphere.skyview             median 0.2827 ms  P95 0.2827 ms
  s.atmosphere.transmittance       median 0.1189 ms  P95 0.1189 ms
  s.froxel.begin                   median 0.0010 ms  P95 0.0012 ms
  s.froxel.begin.planar            median 0.0011 ms  P95 0.0012 ms
  s.froxel.count                   median 0.0388 ms  P95 0.0400 ms
  s.froxel.count.planar            median 0.0193 ms  P95 0.0193 ms
  s.froxel.integrate               median 0.2234 ms  P95 0.4260 ms
  s.froxel.integrate.planar        median 0.0952 ms  P95 0.0962 ms
  s.froxel.lists                   median 0.1455 ms  P95 0.1465 ms
  s.froxel.lists.planar            median 0.0363 ms  P95 0.0369 ms
  s.froxel.queue.args              median 0.0010 ms  P95 0.0022 ms
  s.froxel.queue.args.planar       median 0.0010 ms  P95 0.0010 ms
  s.froxel.queue.begin             median 0.0010 ms  P95 0.0020 ms
  s.froxel.queue.begin.planar      median 0.0011 ms  P95 0.0012 ms
  s.froxel.queue.integrate         median 0.0686 ms  P95 0.0769 ms
  s.froxel.queue.integrate.planar  median 0.0226 ms  P95 0.0237 ms
  s.froxel.queue.prepare           median 0.0542 ms  P95 0.0574 ms
  s.froxel.queue.prepare.planar    median 0.0061 ms  P95 0.0061 ms
  s.froxel.scan.blocks             median 0.0051 ms  P95 0.0051 ms
  s.froxel.scan.blocks.planar      median 0.0042 ms  P95 0.0042 ms
  s.froxel.scan.top                median 0.0029 ms  P95 0.0032 ms
  s.froxel.scan.top.planar         median 0.0032 ms  P95 0.0032 ms
  s.froxel.stats                   median 0.0000 ms  P95 0.0012 ms
  s.froxel.tiledepth               median 0.0071 ms  P95 0.0083 ms
  s.froxel.tiledepth.planar        median 0.0067 ms  P95 0.0073 ms
  s.gate.capture                   median 1.0869 ms  P95 1.1104 ms
  s.shadow.filterargs              median 0.0010 ms  P95 0.0022 ms
  s.shadow.fragments               median 0.0583 ms  P95 0.0615 ms
  s.shadow.fragmentsun             median 0.0491 ms  P95 0.0532 ms
  s.shadow.listargs                median 0.0020 ms  P95 0.0022 ms
  s.shadow.listclear               median 0.0010 ms  P95 0.0020 ms
  s.shadow.overflow                median 0.0869 ms  P95 0.0901 ms
  s.shadow.overflow.args           median 0.0010 ms  P95 0.0022 ms
  s.shadow.overflow.begin          median 0.0010 ms  P95 0.0012 ms
  s.shadow.overflow.count          median 0.0164 ms  P95 0.0183 ms
  s.shadow.overflow.filter         median 0.0029 ms  P95 0.0039 ms
  s.shadow.overflow.scan.blocks    median 0.0022 ms  P95 0.0032 ms
  s.shadow.overflow.scan.top       median 0.0020 ms  P95 0.0032 ms
  s.shadow.penumbra                median 0.0850 ms  P95 0.0862 ms
  s.shadow.penumbra.filter         median 0.0420 ms  P95 0.0442 ms
  s.shadow.visibility              median 0.2161 ms  P95 0.2405 ms
  s.vsm.begin                      median 0.0010 ms  P95 0.0022 ms
  s.vsm.cache.casters              median 0.0042 ms  P95 0.0049 ms
  s.vsm.cache.free                 median 0.0103 ms  P95 0.0103 ms
  s.vsm.cache.keep                 median 0.0225 ms  P95 0.0234 ms
  s.vsm.cache.locallights          median 0.0022 ms  P95 0.0032 ms
  s.vsm.cache.reset                median 0.0010 ms  P95 0.0022 ms
  s.vsm.cache.stale                median 0.0010 ms  P95 0.0022 ms
  s.vsm.clear                      median 0.0081 ms  P95 0.0093 ms
  s.vsm.cullmask                   median 0.0042 ms  P95 0.0042 ms
  s.vsm.init                       median 0.0500 ms  P95 0.0500 ms
  s.vsm.localcullmask              median 0.0359 ms  P95 0.0359 ms
  s.vsm.localmark                  median 0.1147 ms  P95 0.1167 ms
  s.vsm.localmarkair               median 0.0593 ms  P95 0.0615 ms
  s.vsm.localraster0.chunks.p1     median 0.0042 ms  P95 0.0051 ms
  s.vsm.localraster0.clusters.p1   median 0.0022 ms  P95 0.0032 ms
  s.vsm.localraster0.instances.chunks.p1 median 0.0020 ms  P95 0.0032 ms
  s.vsm.localraster0.instances.p1  median 0.0042 ms  P95 0.0042 ms
  s.vsm.localraster0.nodes.p1.0    median 0.0022 ms  P95 0.0032 ms
  s.vsm.localraster0.nodes.p1.1    median 0.0022 ms  P95 0.0032 ms
  s.vsm.localraster0.nodes.p1.2    median 0.0022 ms  P95 0.0032 ms
  s.vsm.localraster0.nodes.p1.3    median 0.0022 ms  P95 0.0032 ms
  s.vsm.localraster0.prepare.chunks.p1 median 0.0022 ms  P95 0.0032 ms
  s.vsm.localraster0.prepare.draw.p1 median 0.0032 ms  P95 0.0042 ms
  s.vsm.localraster0.prepare.groups.p1 median 0.0022 ms  P95 0.0032 ms
  s.vsm.localraster0.prepare.nodes.p1.0 median 0.0029 ms  P95 0.0032 ms
  s.vsm.localraster0.prepare.nodes.p1.1 median 0.0029 ms  P95 0.0032 ms
  s.vsm.localraster0.prepare.nodes.p1.2 median 0.0022 ms  P95 0.0032 ms
  s.vsm.localraster0.prepare.nodes.p1.3 median 0.0022 ms  P95 0.0032 ms
  s.vsm.localraster0.raster        median 0.0022 ms  P95 0.0032 ms
  s.vsm.localraster0.reset         median 0.0032 ms  P95 0.0042 ms
  s.vsm.localraster0.stats         median 0.0000 ms  P95 0.0012 ms
  s.vsm.localraster0.tilemask      median 0.0042 ms  P95 0.0051 ms
  s.vsm.localraster1.chunks.p1     median 0.0042 ms  P95 0.0093 ms
  s.vsm.localraster1.clusters.p1   median 0.0022 ms  P95 0.0103 ms
  s.vsm.localraster1.instances.chunks.p1 median 0.0022 ms  P95 0.0215 ms
  s.vsm.localraster1.instances.p1  median 0.0042 ms  P95 0.0071 ms
  s.vsm.localraster1.nodes.p1.0    median 0.0022 ms  P95 0.0073 ms
  s.vsm.localraster1.nodes.p1.1    median 0.0022 ms  P95 0.0071 ms
  s.vsm.localraster1.nodes.p1.2    median 0.0022 ms  P95 0.0071 ms
  s.vsm.localraster1.nodes.p1.3    median 0.0022 ms  P95 0.0063 ms
  s.vsm.localraster1.prepare.chunks.p1 median 0.0022 ms  P95 0.0032 ms
  s.vsm.localraster1.prepare.draw.p1 median 0.0032 ms  P95 0.0042 ms
  s.vsm.localraster1.prepare.groups.p1 median 0.0022 ms  P95 0.0032 ms
  s.vsm.localraster1.prepare.nodes.p1.0 median 0.0029 ms  P95 0.0032 ms
  s.vsm.localraster1.prepare.nodes.p1.1 median 0.0029 ms  P95 0.0032 ms
  s.vsm.localraster1.prepare.nodes.p1.2 median 0.0022 ms  P95 0.0032 ms
  s.vsm.localraster1.prepare.nodes.p1.3 median 0.0022 ms  P95 0.0032 ms
  s.vsm.localraster1.raster        median 0.0022 ms  P95 0.0173 ms
  s.vsm.localraster1.reset         median 0.0032 ms  P95 0.0042 ms
  s.vsm.localraster1.stats         median 0.0000 ms  P95 0.0000 ms
  s.vsm.localraster1.tilemask      median 0.0045 ms  P95 0.0051 ms
  s.vsm.localraster10.chunks.p1    median 0.0051 ms  P95 0.0103 ms
  s.vsm.localraster10.clusters.p1  median 0.0032 ms  P95 0.0103 ms
  s.vsm.localraster10.instances.chunks.p1 median 0.0032 ms  P95 0.0186 ms
  s.vsm.localraster10.instances.p1 median 0.0042 ms  P95 0.0071 ms
  s.vsm.localraster10.nodes.p1.0   median 0.0032 ms  P95 0.0083 ms
  s.vsm.localraster10.nodes.p1.1   median 0.0032 ms  P95 0.0083 ms
  s.vsm.localraster10.nodes.p1.2   median 0.0032 ms  P95 0.0083 ms
  s.vsm.localraster10.nodes.p1.3   median 0.0032 ms  P95 0.0063 ms
  s.vsm.localraster10.prepare.chunks.p1 median 0.0022 ms  P95 0.0032 ms
  s.vsm.localraster10.prepare.draw.p1 median 0.0032 ms  P95 0.0042 ms
  s.vsm.localraster10.prepare.groups.p1 median 0.0022 ms  P95 0.0032 ms
  s.vsm.localraster10.prepare.nodes.p1.0 median 0.0029 ms  P95 0.0032 ms
  s.vsm.localraster10.prepare.nodes.p1.1 median 0.0022 ms  P95 0.0032 ms
  s.vsm.localraster10.prepare.nodes.p1.2 median 0.0022 ms  P95 0.0032 ms
  s.vsm.localraster10.prepare.nodes.p1.3 median 0.0022 ms  P95 0.0032 ms
  s.vsm.localraster10.raster       median 0.0032 ms  P95 0.0103 ms
  s.vsm.localraster10.reset        median 0.0032 ms  P95 0.0042 ms
  s.vsm.localraster10.stats        median 0.0000 ms  P95 0.0000 ms
  s.vsm.localraster10.tilemask     median 0.0051 ms  P95 0.0051 ms
  s.vsm.localraster11.chunks.p1    median 0.0042 ms  P95 0.0051 ms
  s.vsm.localraster11.clusters.p1  median 0.0020 ms  P95 0.0032 ms
  s.vsm.localraster11.instances.chunks.p1 median 0.0022 ms  P95 0.0032 ms
  s.vsm.localraster11.instances.p1 median 0.0042 ms  P95 0.0042 ms
  s.vsm.localraster11.nodes.p1.0   median 0.0022 ms  P95 0.0032 ms
  s.vsm.localraster11.nodes.p1.1   median 0.0020 ms  P95 0.0032 ms
  s.vsm.localraster11.nodes.p1.2   median 0.0022 ms  P95 0.0032 ms
  s.vsm.localraster11.nodes.p1.3   median 0.0022 ms  P95 0.0032 ms
  s.vsm.localraster11.prepare.chunks.p1 median 0.0022 ms  P95 0.0032 ms
  s.vsm.localraster11.prepare.draw.p1 median 0.0032 ms  P95 0.0042 ms
  s.vsm.localraster11.prepare.groups.p1 median 0.0029 ms  P95 0.0032 ms
  s.vsm.localraster11.prepare.nodes.p1.0 median 0.0029 ms  P95 0.0032 ms
  s.vsm.localraster11.prepare.nodes.p1.1 median 0.0029 ms  P95 0.0032 ms
  s.vsm.localraster11.prepare.nodes.p1.2 median 0.0022 ms  P95 0.0032 ms
  s.vsm.localraster11.prepare.nodes.p1.3 median 0.0022 ms  P95 0.0032 ms
  s.vsm.localraster11.raster       median 0.0022 ms  P95 0.0032 ms
  s.vsm.localraster11.reset        median 0.0032 ms  P95 0.0042 ms
  s.vsm.localraster11.stats        median 0.0000 ms  P95 0.0000 ms
  s.vsm.localraster11.tilemask     median 0.0051 ms  P95 0.0051 ms
  s.vsm.localraster12.chunks.p1    median 0.0051 ms  P95 0.0083 ms
  s.vsm.localraster12.clusters.p1  median 0.0029 ms  P95 0.0103 ms
  s.vsm.localraster12.instances.chunks.p1 median 0.0029 ms  P95 0.0166 ms
  s.vsm.localraster12.instances.p1 median 0.0042 ms  P95 0.0073 ms
  s.vsm.localraster12.nodes.p1.0   median 0.0022 ms  P95 0.0073 ms
  s.vsm.localraster12.nodes.p1.1   median 0.0029 ms  P95 0.0073 ms
  s.vsm.localraster12.nodes.p1.2   median 0.0022 ms  P95 0.0073 ms
  s.vsm.localraster12.nodes.p1.3   median 0.0029 ms  P95 0.0073 ms
  s.vsm.localraster12.prepare.chunks.p1 median 0.0022 ms  P95 0.0032 ms
  s.vsm.localraster12.prepare.draw.p1 median 0.0032 ms  P95 0.0042 ms
  s.vsm.localraster12.prepare.groups.p1 median 0.0022 ms  P95 0.0032 ms
  s.vsm.localraster12.prepare.nodes.p1.0 median 0.0029 ms  P95 0.0032 ms
  s.vsm.localraster12.prepare.nodes.p1.1 median 0.0026 ms  P95 0.0032 ms
  s.vsm.localraster12.prepare.nodes.p1.2 median 0.0022 ms  P95 0.0032 ms
  s.vsm.localraster12.prepare.nodes.p1.3 median 0.0022 ms  P95 0.0032 ms
  s.vsm.localraster12.raster       median 0.0031 ms  P95 0.0154 ms
  s.vsm.localraster12.reset        median 0.0032 ms  P95 0.0042 ms
  s.vsm.localraster12.stats        median 0.0000 ms  P95 0.0000 ms
  s.vsm.localraster12.tilemask     median 0.0042 ms  P95 0.0051 ms
  s.vsm.localraster13.chunks.p1    median 0.0051 ms  P95 0.0093 ms
  s.vsm.localraster13.clusters.p1  median 0.0029 ms  P95 0.0103 ms
  s.vsm.localraster13.instances.chunks.p1 median 0.0029 ms  P95 0.0186 ms
  s.vsm.localraster13.instances.p1 median 0.0042 ms  P95 0.0073 ms
  s.vsm.localraster13.nodes.p1.0   median 0.0029 ms  P95 0.0083 ms
  s.vsm.localraster13.nodes.p1.1   median 0.0029 ms  P95 0.0081 ms
  s.vsm.localraster13.nodes.p1.2   median 0.0029 ms  P95 0.0081 ms
  s.vsm.localraster13.nodes.p1.3   median 0.0029 ms  P95 0.0063 ms
  s.vsm.localraster13.prepare.chunks.p1 median 0.0022 ms  P95 0.0032 ms
  s.vsm.localraster13.prepare.draw.p1 median 0.0032 ms  P95 0.0042 ms
  s.vsm.localraster13.prepare.groups.p1 median 0.0022 ms  P95 0.0032 ms
  s.vsm.localraster13.prepare.nodes.p1.0 median 0.0029 ms  P95 0.0032 ms
  s.vsm.localraster13.prepare.nodes.p1.1 median 0.0022 ms  P95 0.0032 ms
  s.vsm.localraster13.prepare.nodes.p1.2 median 0.0022 ms  P95 0.0032 ms
  s.vsm.localraster13.prepare.nodes.p1.3 median 0.0022 ms  P95 0.0032 ms
  s.vsm.localraster13.raster       median 0.0029 ms  P95 0.0112 ms
  s.vsm.localraster13.reset        median 0.0032 ms  P95 0.0042 ms
  s.vsm.localraster13.stats        median 0.0000 ms  P95 0.0000 ms
  s.vsm.localraster13.tilemask     median 0.0051 ms  P95 0.0051 ms
  s.vsm.localraster14.chunks.p1    median 0.0081 ms  P95 0.0093 ms
  s.vsm.localraster14.clusters.p1  median 0.0090 ms  P95 0.0103 ms
  s.vsm.localraster14.instances.chunks.p1 median 0.0164 ms  P95 0.0195 ms
  s.vsm.localraster14.instances.p1 median 0.0051 ms  P95 0.0073 ms
  s.vsm.localraster14.nodes.p1.0   median 0.0071 ms  P95 0.0083 ms
  s.vsm.localraster14.nodes.p1.1   median 0.0071 ms  P95 0.0083 ms
  s.vsm.localraster14.nodes.p1.2   median 0.0071 ms  P95 0.0083 ms
  s.vsm.localraster14.nodes.p1.3   median 0.0051 ms  P95 0.0073 ms
  s.vsm.localraster14.prepare.chunks.p1 median 0.0022 ms  P95 0.0032 ms
  s.vsm.localraster14.prepare.draw.p1 median 0.0032 ms  P95 0.0042 ms
  s.vsm.localraster14.prepare.groups.p1 median 0.0022 ms  P95 0.0032 ms
  s.vsm.localraster14.prepare.nodes.p1.0 median 0.0022 ms  P95 0.0032 ms
  s.vsm.localraster14.prepare.nodes.p1.1 median 0.0029 ms  P95 0.0032 ms
  s.vsm.localraster14.prepare.nodes.p1.2 median 0.0022 ms  P95 0.0032 ms
  s.vsm.localraster14.prepare.nodes.p1.3 median 0.0022 ms  P95 0.0032 ms
  s.vsm.localraster14.raster       median 0.0093 ms  P95 0.0132 ms
  s.vsm.localraster14.reset        median 0.0032 ms  P95 0.0042 ms
  s.vsm.localraster14.stats        median 0.0000 ms  P95 0.0000 ms
  s.vsm.localraster14.tilemask     median 0.0051 ms  P95 0.0051 ms
  s.vsm.localraster15.chunks.p1    median 0.0093 ms  P95 0.0103 ms
  s.vsm.localraster15.clusters.p1  median 0.0103 ms  P95 0.0142 ms
  s.vsm.localraster15.instances.chunks.p1 median 0.0164 ms  P95 0.0186 ms
  s.vsm.localraster15.instances.p1 median 0.0061 ms  P95 0.0073 ms
  s.vsm.localraster15.nodes.p1.0   median 0.0077 ms  P95 0.0083 ms
  s.vsm.localraster15.nodes.p1.1   median 0.0073 ms  P95 0.0083 ms
  s.vsm.localraster15.nodes.p1.2   median 0.0071 ms  P95 0.0083 ms
  s.vsm.localraster15.nodes.p1.3   median 0.0071 ms  P95 0.0073 ms
  s.vsm.localraster15.prepare.chunks.p1 median 0.0022 ms  P95 0.0032 ms
  s.vsm.localraster15.prepare.draw.p1 median 0.0032 ms  P95 0.0042 ms
  s.vsm.localraster15.prepare.groups.p1 median 0.0029 ms  P95 0.0032 ms
  s.vsm.localraster15.prepare.nodes.p1.0 median 0.0026 ms  P95 0.0032 ms
  s.vsm.localraster15.prepare.nodes.p1.1 median 0.0022 ms  P95 0.0032 ms
  s.vsm.localraster15.prepare.nodes.p1.2 median 0.0022 ms  P95 0.0032 ms
  s.vsm.localraster15.prepare.nodes.p1.3 median 0.0022 ms  P95 0.0032 ms
  s.vsm.localraster15.raster       median 0.0134 ms  P95 0.0173 ms
  s.vsm.localraster15.reset        median 0.0032 ms  P95 0.0042 ms
  s.vsm.localraster15.stats        median 0.0000 ms  P95 0.0000 ms
  s.vsm.localraster15.tilemask     median 0.0051 ms  P95 0.0051 ms
  s.vsm.localraster16.chunks.p1    median 0.0093 ms  P95 0.0103 ms
  s.vsm.localraster16.clusters.p1  median 0.0093 ms  P95 0.0103 ms
  s.vsm.localraster16.instances.chunks.p1 median 0.0183 ms  P95 0.0195 ms
  s.vsm.localraster16.instances.p1 median 0.0061 ms  P95 0.0073 ms
  s.vsm.localraster16.nodes.p1.0   median 0.0073 ms  P95 0.0083 ms
  s.vsm.localraster16.nodes.p1.1   median 0.0073 ms  P95 0.0083 ms
  s.vsm.localraster16.nodes.p1.2   median 0.0071 ms  P95 0.0083 ms
  s.vsm.localraster16.nodes.p1.3   median 0.0071 ms  P95 0.0073 ms
  s.vsm.localraster16.prepare.chunks.p1 median 0.0022 ms  P95 0.0032 ms
  s.vsm.localraster16.prepare.draw.p1 median 0.0032 ms  P95 0.0039 ms
  s.vsm.localraster16.prepare.groups.p1 median 0.0022 ms  P95 0.0032 ms
  s.vsm.localraster16.prepare.nodes.p1.0 median 0.0029 ms  P95 0.0032 ms
  s.vsm.localraster16.prepare.nodes.p1.1 median 0.0022 ms  P95 0.0032 ms
  s.vsm.localraster16.prepare.nodes.p1.2 median 0.0022 ms  P95 0.0032 ms
  s.vsm.localraster16.prepare.nodes.p1.3 median 0.0022 ms  P95 0.0032 ms
  s.vsm.localraster16.raster       median 0.0112 ms  P95 0.0132 ms
  s.vsm.localraster16.reset        median 0.0032 ms  P95 0.0042 ms
  s.vsm.localraster16.stats        median 0.0000 ms  P95 0.0000 ms
  s.vsm.localraster16.tilemask     median 0.0051 ms  P95 0.0051 ms
  s.vsm.localraster17.chunks.p1    median 0.0042 ms  P95 0.0093 ms
  s.vsm.localraster17.clusters.p1  median 0.0022 ms  P95 0.0093 ms
  s.vsm.localraster17.instances.chunks.p1 median 0.0022 ms  P95 0.0183 ms
  s.vsm.localraster17.instances.p1 median 0.0042 ms  P95 0.0063 ms
  s.vsm.localraster17.nodes.p1.0   median 0.0022 ms  P95 0.0073 ms
  s.vsm.localraster17.nodes.p1.1   median 0.0022 ms  P95 0.0073 ms
  s.vsm.localraster17.nodes.p1.2   median 0.0022 ms  P95 0.0073 ms
  s.vsm.localraster17.nodes.p1.3   median 0.0022 ms  P95 0.0071 ms
  s.vsm.localraster17.prepare.chunks.p1 median 0.0022 ms  P95 0.0032 ms
  s.vsm.localraster17.prepare.draw.p1 median 0.0032 ms  P95 0.0042 ms
  s.vsm.localraster17.prepare.groups.p1 median 0.0022 ms  P95 0.0032 ms
  s.vsm.localraster17.prepare.nodes.p1.0 median 0.0029 ms  P95 0.0032 ms
  s.vsm.localraster17.prepare.nodes.p1.1 median 0.0029 ms  P95 0.0032 ms
  s.vsm.localraster17.prepare.nodes.p1.2 median 0.0022 ms  P95 0.0032 ms
  s.vsm.localraster17.prepare.nodes.p1.3 median 0.0022 ms  P95 0.0032 ms
  s.vsm.localraster17.raster       median 0.0022 ms  P95 0.0093 ms
  s.vsm.localraster17.reset        median 0.0032 ms  P95 0.0042 ms
  s.vsm.localraster17.stats        median 0.0000 ms  P95 0.0000 ms
  s.vsm.localraster17.tilemask     median 0.0051 ms  P95 0.0051 ms
  s.vsm.localraster18.chunks.p1    median 0.0050 ms  P95 0.0093 ms
  s.vsm.localraster18.clusters.p1  median 0.0022 ms  P95 0.0103 ms
  s.vsm.localraster18.instances.chunks.p1 median 0.0022 ms  P95 0.0195 ms
  s.vsm.localraster18.instances.p1 median 0.0042 ms  P95 0.0071 ms
  s.vsm.localraster18.nodes.p1.0   median 0.0022 ms  P95 0.0083 ms
  s.vsm.localraster18.nodes.p1.1   median 0.0022 ms  P95 0.0081 ms
  s.vsm.localraster18.nodes.p1.2   median 0.0022 ms  P95 0.0073 ms
  s.vsm.localraster18.nodes.p1.3   median 0.0022 ms  P95 0.0071 ms
  s.vsm.localraster18.prepare.chunks.p1 median 0.0022 ms  P95 0.0032 ms
  s.vsm.localraster18.prepare.draw.p1 median 0.0032 ms  P95 0.0042 ms
  s.vsm.localraster18.prepare.groups.p1 median 0.0022 ms  P95 0.0032 ms
  s.vsm.localraster18.prepare.nodes.p1.0 median 0.0029 ms  P95 0.0032 ms
  s.vsm.localraster18.prepare.nodes.p1.1 median 0.0029 ms  P95 0.0032 ms
  s.vsm.localraster18.prepare.nodes.p1.2 median 0.0022 ms  P95 0.0032 ms
  s.vsm.localraster18.prepare.nodes.p1.3 median 0.0022 ms  P95 0.0032 ms
  s.vsm.localraster18.raster       median 0.0022 ms  P95 0.0195 ms
  s.vsm.localraster18.reset        median 0.0032 ms  P95 0.0042 ms
  s.vsm.localraster18.stats        median 0.0000 ms  P95 0.0000 ms
  s.vsm.localraster18.tilemask     median 0.0042 ms  P95 0.0051 ms
  s.vsm.localraster19.chunks.p1    median 0.0042 ms  P95 0.0051 ms
  s.vsm.localraster19.clusters.p1  median 0.0022 ms  P95 0.0032 ms
  s.vsm.localraster19.instances.chunks.p1 median 0.0022 ms  P95 0.0032 ms
  s.vsm.localraster19.instances.p1 median 0.0042 ms  P95 0.0042 ms
  s.vsm.localraster19.nodes.p1.0   median 0.0022 ms  P95 0.0032 ms
  s.vsm.localraster19.nodes.p1.1   median 0.0022 ms  P95 0.0032 ms
  s.vsm.localraster19.nodes.p1.2   median 0.0020 ms  P95 0.0032 ms
  s.vsm.localraster19.nodes.p1.3   median 0.0020 ms  P95 0.0032 ms
  s.vsm.localraster19.prepare.chunks.p1 median 0.0022 ms  P95 0.0032 ms
  s.vsm.localraster19.prepare.draw.p1 median 0.0032 ms  P95 0.0042 ms
  s.vsm.localraster19.prepare.groups.p1 median 0.0022 ms  P95 0.0032 ms
  s.vsm.localraster19.prepare.nodes.p1.0 median 0.0029 ms  P95 0.0032 ms
  s.vsm.localraster19.prepare.nodes.p1.1 median 0.0029 ms  P95 0.0032 ms
  s.vsm.localraster19.prepare.nodes.p1.2 median 0.0022 ms  P95 0.0032 ms
  s.vsm.localraster19.prepare.nodes.p1.3 median 0.0022 ms  P95 0.0032 ms
  s.vsm.localraster19.raster       median 0.0022 ms  P95 0.0032 ms
  s.vsm.localraster19.reset        median 0.0032 ms  P95 0.0042 ms
  s.vsm.localraster19.stats        median 0.0000 ms  P95 0.0000 ms
  s.vsm.localraster19.tilemask     median 0.0042 ms  P95 0.0051 ms
  s.vsm.localraster2.chunks.p1     median 0.0051 ms  P95 0.0093 ms
  s.vsm.localraster2.clusters.p1   median 0.0032 ms  P95 0.0122 ms
  s.vsm.localraster2.instances.chunks.p1 median 0.0032 ms  P95 0.0225 ms
  s.vsm.localraster2.instances.p1  median 0.0042 ms  P95 0.0073 ms
  s.vsm.localraster2.nodes.p1.0    median 0.0032 ms  P95 0.0090 ms
  s.vsm.localraster2.nodes.p1.1    median 0.0029 ms  P95 0.0083 ms
  s.vsm.localraster2.nodes.p1.2    median 0.0032 ms  P95 0.0083 ms
  s.vsm.localraster2.nodes.p1.3    median 0.0029 ms  P95 0.0063 ms
  s.vsm.localraster2.prepare.chunks.p1 median 0.0022 ms  P95 0.0032 ms
  s.vsm.localraster2.prepare.draw.p1 median 0.0032 ms  P95 0.0042 ms
  s.vsm.localraster2.prepare.groups.p1 median 0.0022 ms  P95 0.0032 ms
  s.vsm.localraster2.prepare.nodes.p1.0 median 0.0029 ms  P95 0.0032 ms
  s.vsm.localraster2.prepare.nodes.p1.1 median 0.0022 ms  P95 0.0032 ms
  s.vsm.localraster2.prepare.nodes.p1.2 median 0.0022 ms  P95 0.0032 ms
  s.vsm.localraster2.prepare.nodes.p1.3 median 0.0022 ms  P95 0.0032 ms
  s.vsm.localraster2.raster        median 0.0032 ms  P95 0.0144 ms
  s.vsm.localraster2.reset         median 0.0032 ms  P95 0.0042 ms
  s.vsm.localraster2.stats         median 0.0000 ms  P95 0.0000 ms
  s.vsm.localraster2.tilemask      median 0.0051 ms  P95 0.0051 ms
  s.vsm.localraster20.chunks.p1    median 0.0042 ms  P95 0.0051 ms
  s.vsm.localraster20.clusters.p1  median 0.0022 ms  P95 0.0032 ms
  s.vsm.localraster20.instances.chunks.p1 median 0.0020 ms  P95 0.0032 ms
  s.vsm.localraster20.instances.p1 median 0.0042 ms  P95 0.0042 ms
  s.vsm.localraster20.nodes.p1.0   median 0.0020 ms  P95 0.0032 ms
  s.vsm.localraster20.nodes.p1.1   median 0.0020 ms  P95 0.0032 ms
  s.vsm.localraster20.nodes.p1.2   median 0.0022 ms  P95 0.0032 ms
  s.vsm.localraster20.nodes.p1.3   median 0.0020 ms  P95 0.0032 ms
  s.vsm.localraster20.prepare.chunks.p1 median 0.0022 ms  P95 0.0032 ms
  s.vsm.localraster20.prepare.draw.p1 median 0.0032 ms  P95 0.0042 ms
  s.vsm.localraster20.prepare.groups.p1 median 0.0022 ms  P95 0.0032 ms
  s.vsm.localraster20.prepare.nodes.p1.0 median 0.0029 ms  P95 0.0032 ms
  s.vsm.localraster20.prepare.nodes.p1.1 median 0.0029 ms  P95 0.0032 ms
  s.vsm.localraster20.prepare.nodes.p1.2 median 0.0022 ms  P95 0.0032 ms
  s.vsm.localraster20.prepare.nodes.p1.3 median 0.0022 ms  P95 0.0032 ms
  s.vsm.localraster20.raster       median 0.0022 ms  P95 0.0032 ms
  s.vsm.localraster20.reset        median 0.0032 ms  P95 0.0042 ms
  s.vsm.localraster20.stats        median 0.0000 ms  P95 0.0000 ms
  s.vsm.localraster20.tilemask     median 0.0042 ms  P95 0.0051 ms
  s.vsm.localraster21.chunks.p1    median 0.0042 ms  P95 0.0051 ms
  s.vsm.localraster21.clusters.p1  median 0.0020 ms  P95 0.0032 ms
  s.vsm.localraster21.instances.chunks.p1 median 0.0022 ms  P95 0.0032 ms
  s.vsm.localraster21.instances.p1 median 0.0042 ms  P95 0.0042 ms
  s.vsm.localraster21.nodes.p1.0   median 0.0022 ms  P95 0.0032 ms
  s.vsm.localraster21.nodes.p1.1   median 0.0022 ms  P95 0.0032 ms
  s.vsm.localraster21.nodes.p1.2   median 0.0022 ms  P95 0.0032 ms
  s.vsm.localraster21.nodes.p1.3   median 0.0020 ms  P95 0.0032 ms
  s.vsm.localraster21.prepare.chunks.p1 median 0.0022 ms  P95 0.0032 ms
  s.vsm.localraster21.prepare.draw.p1 median 0.0032 ms  P95 0.0042 ms
  s.vsm.localraster21.prepare.groups.p1 median 0.0022 ms  P95 0.0032 ms
  s.vsm.localraster21.prepare.nodes.p1.0 median 0.0029 ms  P95 0.0032 ms
  s.vsm.localraster21.prepare.nodes.p1.1 median 0.0029 ms  P95 0.0032 ms
  s.vsm.localraster21.prepare.nodes.p1.2 median 0.0022 ms  P95 0.0032 ms
  s.vsm.localraster21.prepare.nodes.p1.3 median 0.0022 ms  P95 0.0032 ms
  s.vsm.localraster21.raster       median 0.0022 ms  P95 0.0032 ms
  s.vsm.localraster21.reset        median 0.0032 ms  P95 0.0042 ms
  s.vsm.localraster21.stats        median 0.0000 ms  P95 0.0000 ms
  s.vsm.localraster21.tilemask     median 0.0051 ms  P95 0.0051 ms
  s.vsm.localraster22.chunks.p1    median 0.0042 ms  P95 0.0051 ms
  s.vsm.localraster22.clusters.p1  median 0.0022 ms  P95 0.0032 ms
  s.vsm.localraster22.instances.chunks.p1 median 0.0022 ms  P95 0.0032 ms
  s.vsm.localraster22.instances.p1 median 0.0042 ms  P95 0.0042 ms
  s.vsm.localraster22.nodes.p1.0   median 0.0022 ms  P95 0.0032 ms
  s.vsm.localraster22.nodes.p1.1   median 0.0020 ms  P95 0.0032 ms
  s.vsm.localraster22.nodes.p1.2   median 0.0022 ms  P95 0.0032 ms
  s.vsm.localraster22.nodes.p1.3   median 0.0022 ms  P95 0.0032 ms
  s.vsm.localraster22.prepare.chunks.p1 median 0.0022 ms  P95 0.0032 ms
  s.vsm.localraster22.prepare.draw.p1 median 0.0032 ms  P95 0.0042 ms
  s.vsm.localraster22.prepare.groups.p1 median 0.0022 ms  P95 0.0032 ms
  s.vsm.localraster22.prepare.nodes.p1.0 median 0.0029 ms  P95 0.0032 ms
  s.vsm.localraster22.prepare.nodes.p1.1 median 0.0029 ms  P95 0.0032 ms
  s.vsm.localraster22.prepare.nodes.p1.2 median 0.0022 ms  P95 0.0032 ms
  s.vsm.localraster22.prepare.nodes.p1.3 median 0.0022 ms  P95 0.0032 ms
  s.vsm.localraster22.raster       median 0.0022 ms  P95 0.0032 ms
  s.vsm.localraster22.reset        median 0.0032 ms  P95 0.0042 ms
  s.vsm.localraster22.stats        median 0.0000 ms  P95 0.0000 ms
  s.vsm.localraster22.tilemask     median 0.0051 ms  P95 0.0051 ms
  s.vsm.localraster23.chunks.p1    median 0.0042 ms  P95 0.0051 ms
  s.vsm.localraster23.clusters.p1  median 0.0022 ms  P95 0.0032 ms
  s.vsm.localraster23.instances.chunks.p1 median 0.0020 ms  P95 0.0032 ms
  s.vsm.localraster23.instances.p1 median 0.0042 ms  P95 0.0042 ms
  s.vsm.localraster23.nodes.p1.0   median 0.0022 ms  P95 0.0032 ms
  s.vsm.localraster23.nodes.p1.1   median 0.0022 ms  P95 0.0032 ms
  s.vsm.localraster23.nodes.p1.2   median 0.0020 ms  P95 0.0032 ms
  s.vsm.localraster23.nodes.p1.3   median 0.0022 ms  P95 0.0032 ms
  s.vsm.localraster23.prepare.chunks.p1 median 0.0022 ms  P95 0.0032 ms
  s.vsm.localraster23.prepare.draw.p1 median 0.0032 ms  P95 0.0042 ms
  s.vsm.localraster23.prepare.groups.p1 median 0.0022 ms  P95 0.0032 ms
  s.vsm.localraster23.prepare.nodes.p1.0 median 0.0029 ms  P95 0.0032 ms
  s.vsm.localraster23.prepare.nodes.p1.1 median 0.0022 ms  P95 0.0032 ms
  s.vsm.localraster23.prepare.nodes.p1.2 median 0.0022 ms  P95 0.0032 ms
  s.vsm.localraster23.prepare.nodes.p1.3 median 0.0022 ms  P95 0.0032 ms
  s.vsm.localraster23.raster       median 0.0022 ms  P95 0.0032 ms
  s.vsm.localraster23.reset        median 0.0032 ms  P95 0.0042 ms
  s.vsm.localraster23.stats        median 0.0000 ms  P95 0.0000 ms
  s.vsm.localraster23.tilemask     median 0.0049 ms  P95 0.0051 ms
  s.vsm.localraster24.chunks.p1    median 0.0042 ms  P95 0.0051 ms
  s.vsm.localraster24.clusters.p1  median 0.0020 ms  P95 0.0032 ms
  s.vsm.localraster24.instances.chunks.p1 median 0.0021 ms  P95 0.0032 ms
  s.vsm.localraster24.instances.p1 median 0.0042 ms  P95 0.0042 ms
  s.vsm.localraster24.nodes.p1.0   median 0.0022 ms  P95 0.0032 ms
  s.vsm.localraster24.nodes.p1.1   median 0.0022 ms  P95 0.0032 ms
  s.vsm.localraster24.nodes.p1.2   median 0.0020 ms  P95 0.0032 ms
  s.vsm.localraster24.nodes.p1.3   median 0.0022 ms  P95 0.0032 ms
  s.vsm.localraster24.prepare.chunks.p1 median 0.0022 ms  P95 0.0032 ms
  s.vsm.localraster24.prepare.draw.p1 median 0.0032 ms  P95 0.0042 ms
  s.vsm.localraster24.prepare.groups.p1 median 0.0022 ms  P95 0.0032 ms
  s.vsm.localraster24.prepare.nodes.p1.0 median 0.0029 ms  P95 0.0032 ms
  s.vsm.localraster24.prepare.nodes.p1.1 median 0.0022 ms  P95 0.0032 ms
  s.vsm.localraster24.prepare.nodes.p1.2 median 0.0022 ms  P95 0.0032 ms
  s.vsm.localraster24.prepare.nodes.p1.3 median 0.0022 ms  P95 0.0032 ms
  s.vsm.localraster24.raster       median 0.0022 ms  P95 0.0032 ms
  s.vsm.localraster24.reset        median 0.0032 ms  P95 0.0042 ms
  s.vsm.localraster24.stats        median 0.0000 ms  P95 0.0000 ms
  s.vsm.localraster24.tilemask     median 0.0051 ms  P95 0.0051 ms
  s.vsm.localraster25.chunks.p1    median 0.0042 ms  P95 0.0051 ms
  s.vsm.localraster25.clusters.p1  median 0.0020 ms  P95 0.0032 ms
  s.vsm.localraster25.instances.chunks.p1 median 0.0022 ms  P95 0.0032 ms
  s.vsm.localraster25.instances.p1 median 0.0042 ms  P95 0.0042 ms
  s.vsm.localraster25.nodes.p1.0   median 0.0022 ms  P95 0.0032 ms
  s.vsm.localraster25.nodes.p1.1   median 0.0022 ms  P95 0.0032 ms
  s.vsm.localraster25.nodes.p1.2   median 0.0022 ms  P95 0.0032 ms
  s.vsm.localraster25.nodes.p1.3   median 0.0022 ms  P95 0.0032 ms
  s.vsm.localraster25.prepare.chunks.p1 median 0.0022 ms  P95 0.0032 ms
  s.vsm.localraster25.prepare.draw.p1 median 0.0032 ms  P95 0.0042 ms
  s.vsm.localraster25.prepare.groups.p1 median 0.0022 ms  P95 0.0032 ms
  s.vsm.localraster25.prepare.nodes.p1.0 median 0.0029 ms  P95 0.0032 ms
  s.vsm.localraster25.prepare.nodes.p1.1 median 0.0022 ms  P95 0.0032 ms
  s.vsm.localraster25.prepare.nodes.p1.2 median 0.0022 ms  P95 0.0032 ms
  s.vsm.localraster25.prepare.nodes.p1.3 median 0.0022 ms  P95 0.0032 ms
  s.vsm.localraster25.raster       median 0.0022 ms  P95 0.0032 ms
  s.vsm.localraster25.reset        median 0.0032 ms  P95 0.0042 ms
  s.vsm.localraster25.stats        median 0.0000 ms  P95 0.0000 ms
  s.vsm.localraster25.tilemask     median 0.0042 ms  P95 0.0051 ms
  s.vsm.localraster3.chunks.p1     median 0.0072 ms  P95 0.0083 ms
  s.vsm.localraster3.clusters.p1   median 0.0085 ms  P95 0.0115 ms
  s.vsm.localraster3.instances.chunks.p1 median 0.0157 ms  P95 0.0205 ms
  s.vsm.localraster3.instances.p1  median 0.0061 ms  P95 0.0073 ms
  s.vsm.localraster3.nodes.p1.0    median 0.0066 ms  P95 0.0083 ms
  s.vsm.localraster3.nodes.p1.1    median 0.0071 ms  P95 0.0083 ms
  s.vsm.localraster3.nodes.p1.2    median 0.0056 ms  P95 0.0073 ms
  s.vsm.localraster3.nodes.p1.3    median 0.0042 ms  P95 0.0071 ms
  s.vsm.localraster3.prepare.chunks.p1 median 0.0022 ms  P95 0.0032 ms
  s.vsm.localraster3.prepare.draw.p1 median 0.0032 ms  P95 0.0042 ms
  s.vsm.localraster3.prepare.groups.p1 median 0.0022 ms  P95 0.0032 ms
  s.vsm.localraster3.prepare.nodes.p1.0 median 0.0029 ms  P95 0.0032 ms
  s.vsm.localraster3.prepare.nodes.p1.1 median 0.0022 ms  P95 0.0032 ms
  s.vsm.localraster3.prepare.nodes.p1.2 median 0.0022 ms  P95 0.0032 ms
  s.vsm.localraster3.prepare.nodes.p1.3 median 0.0022 ms  P95 0.0032 ms
  s.vsm.localraster3.raster        median 0.0090 ms  P95 0.0134 ms
  s.vsm.localraster3.reset         median 0.0032 ms  P95 0.0042 ms
  s.vsm.localraster3.stats         median 0.0000 ms  P95 0.0000 ms
  s.vsm.localraster3.tilemask      median 0.0051 ms  P95 0.0051 ms
  s.vsm.localraster4.chunks.p1     median 0.0083 ms  P95 0.0093 ms
  s.vsm.localraster4.clusters.p1   median 0.0093 ms  P95 0.0112 ms
  s.vsm.localraster4.instances.chunks.p1 median 0.0173 ms  P95 0.0215 ms
  s.vsm.localraster4.instances.p1  median 0.0063 ms  P95 0.0073 ms
  s.vsm.localraster4.nodes.p1.0    median 0.0071 ms  P95 0.0083 ms
  s.vsm.localraster4.nodes.p1.1    median 0.0071 ms  P95 0.0083 ms
  s.vsm.localraster4.nodes.p1.2    median 0.0071 ms  P95 0.0083 ms
  s.vsm.localraster4.nodes.p1.3    median 0.0061 ms  P95 0.0071 ms
  s.vsm.localraster4.prepare.chunks.p1 median 0.0022 ms  P95 0.0032 ms
  s.vsm.localraster4.prepare.draw.p1 median 0.0032 ms  P95 0.0042 ms
  s.vsm.localraster4.prepare.groups.p1 median 0.0022 ms  P95 0.0032 ms
  s.vsm.localraster4.prepare.nodes.p1.0 median 0.0026 ms  P95 0.0032 ms
  s.vsm.localraster4.prepare.nodes.p1.1 median 0.0022 ms  P95 0.0032 ms
  s.vsm.localraster4.prepare.nodes.p1.2 median 0.0022 ms  P95 0.0032 ms
  s.vsm.localraster4.prepare.nodes.p1.3 median 0.0022 ms  P95 0.0032 ms
  s.vsm.localraster4.raster        median 0.0122 ms  P95 0.0164 ms
  s.vsm.localraster4.reset         median 0.0032 ms  P95 0.0042 ms
  s.vsm.localraster4.stats         median 0.0000 ms  P95 0.0000 ms
  s.vsm.localraster4.tilemask      median 0.0051 ms  P95 0.0051 ms
  s.vsm.localraster5.chunks.p1     median 0.0046 ms  P95 0.0083 ms
  s.vsm.localraster5.clusters.p1   median 0.0022 ms  P95 0.0093 ms
  s.vsm.localraster5.instances.chunks.p1 median 0.0022 ms  P95 0.0186 ms
  s.vsm.localraster5.instances.p1  median 0.0042 ms  P95 0.0073 ms
  s.vsm.localraster5.nodes.p1.0    median 0.0022 ms  P95 0.0073 ms
  s.vsm.localraster5.nodes.p1.1    median 0.0022 ms  P95 0.0073 ms
  s.vsm.localraster5.nodes.p1.2    median 0.0022 ms  P95 0.0073 ms
  s.vsm.localraster5.nodes.p1.3    median 0.0022 ms  P95 0.0061 ms
  s.vsm.localraster5.prepare.chunks.p1 median 0.0022 ms  P95 0.0032 ms
  s.vsm.localraster5.prepare.draw.p1 median 0.0032 ms  P95 0.0042 ms
  s.vsm.localraster5.prepare.groups.p1 median 0.0022 ms  P95 0.0032 ms
  s.vsm.localraster5.prepare.nodes.p1.0 median 0.0029 ms  P95 0.0032 ms
  s.vsm.localraster5.prepare.nodes.p1.1 median 0.0029 ms  P95 0.0032 ms
  s.vsm.localraster5.prepare.nodes.p1.2 median 0.0022 ms  P95 0.0032 ms
  s.vsm.localraster5.prepare.nodes.p1.3 median 0.0022 ms  P95 0.0032 ms
  s.vsm.localraster5.raster        median 0.0022 ms  P95 0.0103 ms
  s.vsm.localraster5.reset         median 0.0032 ms  P95 0.0042 ms
  s.vsm.localraster5.stats         median 0.0000 ms  P95 0.0000 ms
  s.vsm.localraster5.tilemask      median 0.0051 ms  P95 0.0051 ms
  s.vsm.localraster6.chunks.p1     median 0.0042 ms  P95 0.0051 ms
  s.vsm.localraster6.clusters.p1   median 0.0022 ms  P95 0.0032 ms
  s.vsm.localraster6.instances.chunks.p1 median 0.0022 ms  P95 0.0032 ms
  s.vsm.localraster6.instances.p1  median 0.0042 ms  P95 0.0042 ms
  s.vsm.localraster6.nodes.p1.0    median 0.0022 ms  P95 0.0032 ms
  s.vsm.localraster6.nodes.p1.1    median 0.0022 ms  P95 0.0032 ms
  s.vsm.localraster6.nodes.p1.2    median 0.0021 ms  P95 0.0032 ms
  s.vsm.localraster6.nodes.p1.3    median 0.0022 ms  P95 0.0032 ms
  s.vsm.localraster6.prepare.chunks.p1 median 0.0022 ms  P95 0.0032 ms
  s.vsm.localraster6.prepare.draw.p1 median 0.0032 ms  P95 0.0042 ms
  s.vsm.localraster6.prepare.groups.p1 median 0.0022 ms  P95 0.0032 ms
  s.vsm.localraster6.prepare.nodes.p1.0 median 0.0029 ms  P95 0.0032 ms
  s.vsm.localraster6.prepare.nodes.p1.1 median 0.0029 ms  P95 0.0032 ms
  s.vsm.localraster6.prepare.nodes.p1.2 median 0.0022 ms  P95 0.0032 ms
  s.vsm.localraster6.prepare.nodes.p1.3 median 0.0022 ms  P95 0.0032 ms
  s.vsm.localraster6.raster        median 0.0029 ms  P95 0.0032 ms
  s.vsm.localraster6.reset         median 0.0032 ms  P95 0.0042 ms
  s.vsm.localraster6.stats         median 0.0000 ms  P95 0.0000 ms
  s.vsm.localraster6.tilemask      median 0.0042 ms  P95 0.0051 ms
  s.vsm.localraster7.chunks.p1     median 0.0042 ms  P95 0.0051 ms
  s.vsm.localraster7.clusters.p1   median 0.0020 ms  P95 0.0032 ms
  s.vsm.localraster7.instances.chunks.p1 median 0.0022 ms  P95 0.0032 ms
  s.vsm.localraster7.instances.p1  median 0.0042 ms  P95 0.0042 ms
  s.vsm.localraster7.nodes.p1.0    median 0.0022 ms  P95 0.0032 ms
  s.vsm.localraster7.nodes.p1.1    median 0.0022 ms  P95 0.0032 ms
  s.vsm.localraster7.nodes.p1.2    median 0.0020 ms  P95 0.0032 ms
  s.vsm.localraster7.nodes.p1.3    median 0.0021 ms  P95 0.0032 ms
  s.vsm.localraster7.prepare.chunks.p1 median 0.0022 ms  P95 0.0032 ms
  s.vsm.localraster7.prepare.draw.p1 median 0.0032 ms  P95 0.0042 ms
  s.vsm.localraster7.prepare.groups.p1 median 0.0029 ms  P95 0.0032 ms
  s.vsm.localraster7.prepare.nodes.p1.0 median 0.0029 ms  P95 0.0032 ms
  s.vsm.localraster7.prepare.nodes.p1.1 median 0.0029 ms  P95 0.0032 ms
  s.vsm.localraster7.prepare.nodes.p1.2 median 0.0022 ms  P95 0.0032 ms
  s.vsm.localraster7.prepare.nodes.p1.3 median 0.0022 ms  P95 0.0032 ms
  s.vsm.localraster7.raster        median 0.0022 ms  P95 0.0032 ms
  s.vsm.localraster7.reset         median 0.0032 ms  P95 0.0042 ms
  s.vsm.localraster7.stats         median 0.0000 ms  P95 0.0000 ms
  s.vsm.localraster7.tilemask      median 0.0051 ms  P95 0.0051 ms
  s.vsm.localraster8.chunks.p1     median 0.0042 ms  P95 0.0051 ms
  s.vsm.localraster8.clusters.p1   median 0.0022 ms  P95 0.0032 ms
  s.vsm.localraster8.instances.chunks.p1 median 0.0020 ms  P95 0.0032 ms
  s.vsm.localraster8.instances.p1  median 0.0042 ms  P95 0.0042 ms
  s.vsm.localraster8.nodes.p1.0    median 0.0020 ms  P95 0.0032 ms
  s.vsm.localraster8.nodes.p1.1    median 0.0020 ms  P95 0.0032 ms
  s.vsm.localraster8.nodes.p1.2    median 0.0020 ms  P95 0.0032 ms
  s.vsm.localraster8.nodes.p1.3    median 0.0022 ms  P95 0.0032 ms
  s.vsm.localraster8.prepare.chunks.p1 median 0.0022 ms  P95 0.0032 ms
  s.vsm.localraster8.prepare.draw.p1 median 0.0032 ms  P95 0.0042 ms
  s.vsm.localraster8.prepare.groups.p1 median 0.0022 ms  P95 0.0032 ms
  s.vsm.localraster8.prepare.nodes.p1.0 median 0.0029 ms  P95 0.0032 ms
  s.vsm.localraster8.prepare.nodes.p1.1 median 0.0022 ms  P95 0.0032 ms
  s.vsm.localraster8.prepare.nodes.p1.2 median 0.0022 ms  P95 0.0032 ms
  s.vsm.localraster8.prepare.nodes.p1.3 median 0.0022 ms  P95 0.0032 ms
  s.vsm.localraster8.raster        median 0.0022 ms  P95 0.0032 ms
  s.vsm.localraster8.reset         median 0.0032 ms  P95 0.0042 ms
  s.vsm.localraster8.stats         median 0.0000 ms  P95 0.0010 ms
  s.vsm.localraster8.tilemask      median 0.0045 ms  P95 0.0051 ms
  s.vsm.localraster9.chunks.p1     median 0.0083 ms  P95 0.0103 ms
  s.vsm.localraster9.clusters.p1   median 0.0093 ms  P95 0.0112 ms
  s.vsm.localraster9.instances.chunks.p1 median 0.0173 ms  P95 0.0215 ms
  s.vsm.localraster9.instances.p1  median 0.0061 ms  P95 0.0073 ms
  s.vsm.localraster9.nodes.p1.0    median 0.0073 ms  P95 0.0093 ms
  s.vsm.localraster9.nodes.p1.1    median 0.0073 ms  P95 0.0093 ms
  s.vsm.localraster9.nodes.p1.2    median 0.0071 ms  P95 0.0090 ms
  s.vsm.localraster9.nodes.p1.3    median 0.0061 ms  P95 0.0063 ms
  s.vsm.localraster9.prepare.chunks.p1 median 0.0022 ms  P95 0.0032 ms
  s.vsm.localraster9.prepare.draw.p1 median 0.0032 ms  P95 0.0042 ms
  s.vsm.localraster9.prepare.groups.p1 median 0.0022 ms  P95 0.0032 ms
  s.vsm.localraster9.prepare.nodes.p1.0 median 0.0029 ms  P95 0.0032 ms
  s.vsm.localraster9.prepare.nodes.p1.1 median 0.0029 ms  P95 0.0032 ms
  s.vsm.localraster9.prepare.nodes.p1.2 median 0.0022 ms  P95 0.0032 ms
  s.vsm.localraster9.prepare.nodes.p1.3 median 0.0022 ms  P95 0.0032 ms
  s.vsm.localraster9.raster        median 0.0103 ms  P95 0.0173 ms
  s.vsm.localraster9.reset         median 0.0032 ms  P95 0.0042 ms
  s.vsm.localraster9.stats         median 0.0000 ms  P95 0.0000 ms
  s.vsm.localraster9.tilemask      median 0.0051 ms  P95 0.0051 ms
  s.vsm.mark                       median 0.0154 ms  P95 0.0173 ms
  s.vsm.markair                    median 0.0142 ms  P95 0.0154 ms
  s.vsm.markfragments              median 0.0100 ms  P95 0.0103 ms
  s.vsm.pagemax                    median 0.0144 ms  P95 0.0154 ms
  s.vsm.propagate                  median 0.0032 ms  P95 0.0042 ms
  s.vsm.raster.chunks.p1           median 0.0051 ms  P95 0.0112 ms
  s.vsm.raster.clusters.p1         median 0.0022 ms  P95 0.0142 ms
  s.vsm.raster.instances.chunks.p1 median 0.0022 ms  P95 0.0237 ms
  s.vsm.raster.instances.p1        median 0.0042 ms  P95 0.0083 ms
  s.vsm.raster.nodes.p1.0          median 0.0022 ms  P95 0.0093 ms
  s.vsm.raster.nodes.p1.1          median 0.0022 ms  P95 0.0093 ms
  s.vsm.raster.nodes.p1.2          median 0.0022 ms  P95 0.0103 ms
  s.vsm.raster.nodes.p1.3          median 0.0022 ms  P95 0.0093 ms
  s.vsm.raster.prepare.chunks.p1   median 0.0022 ms  P95 0.0032 ms
  s.vsm.raster.prepare.draw.p1     median 0.0032 ms  P95 0.0042 ms
  s.vsm.raster.prepare.groups.p1   median 0.0022 ms  P95 0.0032 ms
  s.vsm.raster.prepare.nodes.p1.0  median 0.0029 ms  P95 0.0032 ms
  s.vsm.raster.prepare.nodes.p1.1  median 0.0029 ms  P95 0.0032 ms
  s.vsm.raster.prepare.nodes.p1.2  median 0.0022 ms  P95 0.0032 ms
  s.vsm.raster.prepare.nodes.p1.3  median 0.0022 ms  P95 0.0032 ms
  s.vsm.raster.raster              median 0.0029 ms  P95 0.0144 ms
  s.vsm.raster.reset               median 0.0042 ms  P95 0.0042 ms
  s.vsm.raster.stats               median 0.0000 ms  P95 0.0000 ms
  s.vsm.raster.tilemask            median 0.0042 ms  P95 0.0051 ms
  s.vsm.scan.assign                median 0.0850 ms  P95 0.0869 ms
  s.vsm.scan.count                 median 0.0063 ms  P95 0.0073 ms
  s.vsm.scan.prefix                median 0.0039 ms  P95 0.0042 ms
  s.vsm.searchdilate               median 0.0132 ms  P95 0.0134 ms
  s.vsm.searchgrid                 median 0.0081 ms  P95 0.0093 ms
  s.vsm.stats                      median 0.0000 ms  P95 0.0012 ms
1920x1080: S passes 472.5112 ms (page raster 0.0515 ms) of GPU frame 13.1610 ms | pages requested mean 3979 max 3987, dirty mean 13.8, T_sun mean 0.00 M, pool exhausted 0
  froxels: 211600 light entries (0.92 per froxel), 0 lists cut by the capacity, 0 entries lost, max 50 per froxel; needed 232020 of capacity 1048576 (scene bound 846999) ok
  requested sun pages by level (last frame): L0:0 L1:55 L2:126 L3:116 L4:62 L5:33 L6:20 L7:17 L8:12 L9:12 L10:12 L11:12 L12:15 L13:15 L14:12 L15:12 L16:15 L17:15 L18:12 L19:6
  shadow overflow: lights past the third max 1226396, words needed max 969989, tiles over capacity 0 ok
  S error bits (INTERFACES 3.6, shader loop caps) 0x0 ok
  coverage fragments: 13701 pixels with records, 4332 pair (31.6 %)
  coverage layer: 75983 records in 558 tiles (558 blocks, 0 heavy tiles), 20683 special, pool 983040
  visibility paths (% of 0.92 M pixels): no caster 0.0, reach lit 0.0, reach umbra 72.1, search lit 0.0, disk lit 0.0, disk umbra 13.8, filtered 14.1
