waiting for the GPU measurement lock; held by: (unknown)
waiting for the GPU measurement lock; held by: (unknown)
waiting for the GPU measurement lock; held by: (unknown)
waiting for the GPU measurement lock; held by: (unknown)
waiting for the GPU measurement lock; held by: (unknown)
note: track entry point W.waterGeometry (track disabled in this build) is not implemented yet; it declares no passes (INTERFACES_KO.md 5.2)
RayScene: 1 static + 0 dynamic instances (0 deformed), 1 mesh BLAS (12 tris, 0.0 MB compacted from 0.0 MB), deformed 0 tris / 0 verts (0 above proxy budget), TLAS static 0.0 MB dynamic 0.00 MB, load 8 ms (records and mesh BLAS 4.0, proxies 0.0, deformed setup 1.1, static TLAS and records 1.8, first dynamic build 0.9)
RayScene resident (MB): static BLAS+TLAS 0.0 (BLAS 0.0, TLAS 0.00, descs+scratch 0.00), dynamic AS 0.0 (deformed BLAS 0.0, scratch 0.0, TLAS+scratch+descs 0.00, emitters 0.000), deformed vertices 0.0, records 0.0 (instances, geometries, proxy indices, vertex map, deform jobs)
V: instance hierarchy: 1 static instances in 1 chunks (64 m cells, <= 256 each), 0 flat instances, 0 skinned (0 joint spheres)
GI cache: 200000 entries, 524288 table slots, 202.0 MB (texels 97.7 MB), finest cell 0.062 m, cell 0.50 deg, 500000 rays = 7812 hemisphere updates per frame
R reflections: 0 planar reflector planes from 0 flat mirror triangles (0 smooth-shaded mirror triangles stay on rays), 0.0 ms
M shading: experiment mask 8192 leaves terms out (cost attribution run, not an image)
note: track entry point W.water (track disabled in this build) is not implemented yet; it declares no passes (INTERFACES_KO.md 5.2)
    GPU: worst frame 287.545 ms over 4 frames; 170 passes; longest passes (worst of the frames):
        31.268 ms  s.atmosphere.ms.radiance
         4.589 ms  s.atmosphere.ms.project
         3.434 ms  s.atmosphere.ms.density
         0.863 ms  s.atmosphere.ms.single.z14
         0.824 ms  s.atmosphere.ms.final
         0.785 ms  s.atmosphere.ms.irradiance
         0.655 ms  s.atmosphere.ms.single.z12
         0.648 ms  s.atmosphere.ms.single.z22
         0.646 ms  s.atmosphere.ms.single.z7
         0.644 ms  s.atmosphere.ms.single.z8
         0.640 ms  s.atmosphere.ms.single.z21
         0.435 ms  s.atmosphere.ms.single.z10
    3387 hair records (0 others), area 1426.5367 px^2 vs exact ribbons 1426.6348 px^2 (rounding bound 1.6554); 0 records off the frame's segments, 0 with u outside their segment
PASS hair_records_are_exact
1/1 passed
