sheen r 0.20  rect  : energy-weighted 0.00131, worst 0.01507 (45 placements)
sheen r 0.20  disk  : energy-weighted 0.00030, worst 0.00058 (45 placements)
sheen r 0.20  sphere: energy-weighted 0.00492, worst 0.01478 (45 placements)
sheen r 0.20  tube  : energy-weighted 0.00220, worst 0.01923 (45 placements)
sheen r 0.50  rect  : energy-weighted 0.00058, worst 0.00333 (45 placements)
sheen r 0.50  disk  : energy-weighted 0.00012, worst 0.00029 (45 placements)
sheen r 0.50  sphere: energy-weighted 0.00046, worst 0.00124 (45 placements)
sheen r 0.50  tube  : energy-weighted 0.00066, worst 0.00252 (45 placements)
aniso r 0.30 s 0.8 rect  : energy-weighted 0.00239, worst 0.01878 (45 placements, 6 x 6 cells)
aniso r 0.30 s 0.8 disk  : energy-weighted 0.00057, worst 0.00924 (45 placements, 6 x 6 cells)
aniso r 0.30 s 0.8 sphere: energy-weighted 0.00225, worst 0.02936 (45 placements, 6 x 6 cells)
aniso r 0.30 s 0.8 tube  : energy-weighted 0.00982, worst 0.96835 (45 placements, 6 x 6 cells)
aniso r 0.08 s 1.0 rect  : energy-weighted 0.00619, worst 0.00618 (45 placements, 6 x 6 cells)
aniso r 0.08 s 1.0 disk  : energy-weighted 0.00628, worst 0.01301 (45 placements, 6 x 6 cells)
aniso r 0.08 s 1.0 sphere: energy-weighted 0.00848, worst 0.71751 (45 placements, 6 x 6 cells)
aniso r 0.08 s 1.0 tube  : energy-weighted 0.03515, worst 4.62090 (45 placements, 6 x 6 cells)
aniso r 0.50 s 0.4 rect  : energy-weighted 0.00143, worst 0.01520 (45 placements, 6 x 6 cells)
aniso r 0.50 s 0.4 disk  : energy-weighted 0.00037, worst 0.00819 (45 placements, 6 x 6 cells)
aniso r 0.50 s 0.4 sphere: energy-weighted 0.00533, worst 0.02880 (45 placements, 6 x 6 cells)
aniso r 0.50 s 0.4 tube  : energy-weighted 0.00701, worst 0.20152 (45 placements, 6 x 6 cells)
