powershell : scene city_block (ee15d94a67cda9b3), camera 'street', 353 instances, quality 3c14221cb135a898
At line:1 char:404
+ ... ct -Last 1; powershell -ExecutionPolicy Bypass -File Tools/CI/GpuLock ...
+                 ~~~~~~~~~~~~~~~~~~~~~~~~~~~~~~~~~~~~~~~~~~~~~~~~~~~~~~~~~
    + CategoryInfo          : NotSpecified: (scene city_bloc...c14221cb135a898:String) [], RemoteException
    + FullyQualifiedErrorId : NativeCommandError
 
RayScene: 353 static + 0 dynamic instances (0 deformed), 110 mesh BLAS (2000276 tris, 44.6 MB compacted from 133.7 MB),
 deformed 0 tris / 0 verts (0 above proxy budget), TLAS static 0.1 MB dynamic 0.02 MB, load 21 ms (records and mesh BLA
S 15.3, proxies 0.0, deformed setup 1.4, static TLAS and records 2.7, first dynamic build 1.3)
RayScene resident (MB): static BLAS+TLAS 47.0 (BLAS 46.8, TLAS 0.11, descs+scratch 0.06), dynamic AS 0.0 (deformed BLAS
 0.0, scratch 0.0, TLAS+scratch+descs 0.03, emitters 0.000), deformed vertices 0.0, records 0.0 (instances, geometries,
 proxy indices, vertex map, deform jobs)
GI cache: 200000 entries, 524288 table slots, 202.0 MB (texels 97.7 MB), finest cell 0.062 m, cell 0.50 deg, 500000 ray
s = 7812 hemisphere updates per frame
R reflections: 96 planar reflector planes from 34840 flat mirror triangles (0 smooth-shaded mirror triangles stay on ra
ys), 1.5 ms
[city_block_street_4K 4K] gpu frame median 12.5154 ms, p95 12.9568, p99 14.0491 (n=600) | cpu frame median 0.3345 ms (r
ecord 0.2049, submit 0.0713) | SM clock median 2805 MHz (min 2805) | passes 41, barriers 94 in 39 batches, cross-queue 
syncs 0, command lists 1, transients 13 (1360.1 MB aliased / 1447.3 MB unaliased) | quality 3c14221cb135a898
[city_block_street_4K 4K] outside passes: graphics 1 lists, head 0.0000, tail 0.0000, gap 0.0000 ms (medians)
R 4K: reflections 1.962 ms (trace 0.266 ms, classify 0.145, resolve 0.130)
R 4K: GI 0.917 ms (trace 0.364 ms = 1.38 G rays/s incl. hit shading), acceleration structures 0.012 ms; stand-in primar
y visibility 0.995 ms (not R)
R 4K: GI cache irradiance at every pixel (M's lookup, own kernel): per pixel 2.536 ms, group-resolved (tile) 2.861 ms
R 4K: M-facing probe lookups at every pixel: irradiance 0.356 ms, K radiance 0.525 ms, both 0.744 ms, footprint alone 0
.246 ms (lookup-free kernel 0.146 ms), screenProbeGather 0.547 ms
R 4K: over 602 frames: exact set 0.00 of 0 slots occupied, 0.000 slot builds / frame (0), 0 exact vertices deformed / f
rame; proxy cut switches 0.000 / frame (0); per frame 0.00 instances wanted, 0.00 hit often but within their proxy's er
ror bound
R 4K: dynamic TLAS input: 0 instances, 0 distinct BLAS, 0 non-finite transforms, 0 mask 0, 0 null BLAS, max scale 0.000
, translation span -2000000030094932439753377710080.0 x -2000000030094932439753377710080.0 x -2000000030094932439753377
710080.0 m
R 4K: last frame: proxy cuts 0 triangles refit, 0 vertices deformed; finest cut's posed error bound up to 0.0 x V's bin
d-pose error
R 4K: reflection jobs 942661 (M 746397 = rays 746397; G samples 107865 = rays 431460), G pixels 1919845
R 4K: planar candidates 0 visible, largest plane 0 mirror pixels, 0 views (0 px) (no renderView in this gate), CPU 0.00
0 ms
R 4K: planar cost choice: rays 1.476 ns/ray (measured), views 0.050 ms + 0.340 ns per mirror pixel (prior), last views 
0.000 ms over 0 rectangle px
R 4K: cache 189244 live, 107834 requested, 7812 selected + 0 background updates, 142330 hit entries, 1817 created, 0 al
location failures, 0 table overflows
R 4K: reflection hits' cache lookups 1025350, with no data at any level searched 0 (0.000 %)
R 4K: reflection G samples 107865, estimated by the ratio branch (beta < 1) 0 (0.00 %)
R 4K: G samples by log2(mean L / mean g): <-3 0, -3 0, -2 0, -1 0, 0 0, 1 0, 2 0, 3 0, >=4 0; mean g = 0 107865
GpuLock.ps1: background: cpu 25 s >= 4 cores, peak 7.1 cores
