powershell : scene Results/M/D0Timing_0927/fp_1000.unxscene (e997ab46aba067a1), 974 instances, 6683 clusters, camera 0 
(static)
At line:1 char:416
+ ...  in 0,64) { powershell -ExecutionPolicy Bypass -File Tools/CI/GpuLock ...
+                 ~~~~~~~~~~~~~~~~~~~~~~~~~~~~~~~~~~~~~~~~~~~~~~~~~~~~~~~~~
    + CategoryInfo          : NotSpecified: (scene Results/M...mera 0 (static):String) [], RemoteException
    + FullyQualifiedErrorId : NativeCommandError
 
RayScene: 26 static + 949 dynamic instances (0 deformed), 42 mesh BLAS (205500 tris, 4.7 MB compacted from 13.8 MB), de
formed 0 tris / 0 verts (0 above proxy budget), TLAS static 0.0 MB dynamic 0.29 MB, load 10 ms (records and mesh BLAS 5
.8, proxies 0.1, deformed setup 1.1, static TLAS and records 2.4, first dynamic build 1.0)
RayScene resident (MB): static BLAS+TLAS 4.9 (BLAS 4.9, TLAS 0.01, descs+scratch 0.01), dynamic AS 0.5 (deformed BLAS 0
.0, scratch 0.0, TLAS+scratch+descs 0.48, emitters 0.003), deformed vertices 0.0, records 0.0 (instances, geometries, p
roxy indices, vertex map, deform jobs)
V: instance hierarchy: 26 static instances in 9 chunks (64 m cells, <= 256 each), 948 flat instances, 0 skinned (0 join
t spheres)
GI cache: 200000 entries, 524288 table slots, 202.0 MB (texels 97.7 MB), finest cell 0.062 m, cell 0.50 deg, 500000 ray
s = 7812 hemisphere updates per frame
R reflections: 6 planar reflector planes from 12 flat mirror triangles (0 smooth-shaded mirror triangles stay on rays),
 0.0 ms
S VSM: 1249 page requests exceeded the 7168-page atlas (frame 1): the atlas grows to 10624 pages
S shadow overflow: frame 1 needed 2525942 words (17472 tiles over capacity): capacity grows to 4194304 words
[S Results/M/D0Timing_0927/fp_1000.unxscene static 4K 4K] gpu frame median 21.9521 ms, p95 22.3755, p99 22.9980 (n=300)
 | cpu frame median 1.0045 ms (record 0.5197, submit 0.0840) | SM clock median 2820 MHz (min 2820) | passes 165, barrie
rs 1121 in 156 batches, cross-queue syncs 0, command lists 1, transients 82 (1519.1 MB aliased / 2214.6 MB unaliased) |
 quality 3c14221cb135a898
[S Results/M/D0Timing_0927/fp_1000.unxscene static 4K 4K] outside passes: graphics 1 lists, head 0.0000, tail 0.0000, g
ap 0.0000 ms (medians)
  s.froxel.begin                   median 0.0010 ms  P95 0.0020 ms
  s.froxel.integrate               median 4.5947 ms  P95 5.0874 ms
  s.froxel.lists                   median 0.2305 ms  P95 0.4045 ms
  s.froxel.stats                   median 0.0010 ms  P95 0.0012 ms
  s.froxel.tiledepth               median 0.0276 ms  P95 0.0288 ms
  s.shadow.listargs                median 0.0020 ms  P95 0.0022 ms
  s.shadow.listclear               median 0.0032 ms  P95 0.0032 ms
  s.shadow.overflow                median 0.2273 ms  P95 0.2324 ms
  s.shadow.penumbra                median 0.2773 ms  P95 0.4893 ms
  s.shadow.visibility              median 1.1562 ms  P95 1.5369 ms
  s.vsm.begin                      median 0.0010 ms  P95 0.0022 ms
  s.vsm.clear                      median 0.0554 ms  P95 0.0564 ms
  s.vsm.cullmask                   median 0.0042 ms  P95 0.0042 ms
  s.vsm.init                       median 0.0378 ms  P95 0.0378 ms
  s.vsm.localcullmask              median 0.0063 ms  P95 0.0073 ms
  s.vsm.localmark                  median 0.6289 ms  P95 0.8704 ms
  s.vsm.localmarkair               median 1.2522 ms  P95 1.7397 ms
  s.vsm.localraster0.chunks.p1     median 0.0112 ms  P95 0.0115 ms
  s.vsm.localraster0.clusters.p1   median 0.2622 ms  P95 0.4333 ms
  s.vsm.localraster0.instances.chunks.p1 median 0.0122 ms  P95 0.0125 ms
  s.vsm.localraster0.instances.p1  median 0.0410 ms  P95 0.0430 ms
  s.vsm.localraster0.nodes.p1.0    median 0.0112 ms  P95 0.0125 ms
  s.vsm.localraster0.nodes.p1.1    median 0.0081 ms  P95 0.0083 ms
  s.vsm.localraster0.nodes.p1.2    median 0.0083 ms  P95 0.0093 ms
  s.vsm.localraster0.nodes.p1.3    median 0.0090 ms  P95 0.0093 ms
  s.vsm.localraster0.prepare.chunks.p1 median 0.0032 ms  P95 0.0042 ms
  s.vsm.localraster0.prepare.draw.p1 median 0.0042 ms  P95 0.0051 ms
  s.vsm.localraster0.prepare.groups.p1 median 0.0032 ms  P95 0.0042 ms
  s.vsm.localraster0.prepare.nodes.p1.0 median 0.0032 ms  P95 0.0042 ms
  s.vsm.localraster0.prepare.nodes.p1.1 median 0.0032 ms  P95 0.0042 ms
  s.vsm.localraster0.prepare.nodes.p1.2 median 0.0032 ms  P95 0.0042 ms
  s.vsm.localraster0.prepare.nodes.p1.3 median 0.0032 ms  P95 0.0042 ms
  s.vsm.localraster0.raster        median 0.9031 ms  P95 0.9084 ms
  s.vsm.localraster0.reset         median 0.0032 ms  P95 0.0042 ms
  s.vsm.localraster0.stats         median 0.0000 ms  P95 0.0000 ms
  s.vsm.localraster0.tilemask      median 0.0061 ms  P95 0.1853 ms
  s.vsm.localraster1.chunks.p1     median 0.0093 ms  P95 0.0103 ms
  s.vsm.localraster1.clusters.p1   median 0.1106 ms  P95 0.1147 ms
  s.vsm.localraster1.instances.chunks.p1 median 0.0122 ms  P95 0.0125 ms
  s.vsm.localraster1.instances.p1  median 0.0215 ms  P95 0.0225 ms
  s.vsm.localraster1.nodes.p1.0    median 0.0103 ms  P95 0.0103 ms
  s.vsm.localraster1.nodes.p1.1    median 0.0081 ms  P95 0.0083 ms
  s.vsm.localraster1.nodes.p1.2    median 0.0081 ms  P95 0.0083 ms
  s.vsm.localraster1.nodes.p1.3    median 0.0073 ms  P95 0.0083 ms
  s.vsm.localraster1.prepare.chunks.p1 median 0.0032 ms  P95 0.0042 ms
  s.vsm.localraster1.prepare.draw.p1 median 0.0042 ms  P95 0.0051 ms
  s.vsm.localraster1.prepare.groups.p1 median 0.0032 ms  P95 0.0042 ms
  s.vsm.localraster1.prepare.nodes.p1.0 median 0.0032 ms  P95 0.0042 ms
  s.vsm.localraster1.prepare.nodes.p1.1 median 0.0032 ms  P95 0.0042 ms
  s.vsm.localraster1.prepare.nodes.p1.2 median 0.0032 ms  P95 0.0042 ms
  s.vsm.localraster1.prepare.nodes.p1.3 median 0.0032 ms  P95 0.0042 ms
  s.vsm.localraster1.raster        median 0.2765 ms  P95 0.2795 ms
  s.vsm.localraster1.reset         median 0.0032 ms  P95 0.0042 ms
  s.vsm.localraster1.stats         median 0.0000 ms  P95 0.0000 ms
  s.vsm.localraster1.tilemask      median 0.0051 ms  P95 0.2764 ms
  s.vsm.mark                       median 0.0603 ms  P95 0.0605 ms
  s.vsm.markair                    median 0.0603 ms  P95 0.0605 ms
  s.vsm.pagemax                    median 2.4180 ms  P95 2.8662 ms
  s.vsm.propagate                  median 0.0061 ms  P95 0.0071 ms
  s.vsm.raster.chunks.p1           median 0.0134 ms  P95 0.0144 ms
  s.vsm.raster.clusters.p1         median 0.3738 ms  P95 0.5500 ms
  s.vsm.raster.instances.chunks.p1 median 0.0112 ms  P95 0.0125 ms
  s.vsm.raster.instances.p1        median 0.0112 ms  P95 0.0125 ms
  s.vsm.raster.nodes.p1.0          median 0.0112 ms  P95 0.0115 ms
  s.vsm.raster.nodes.p1.1          median 0.0081 ms  P95 0.0083 ms
  s.vsm.raster.nodes.p1.2          median 0.0093 ms  P95 0.0093 ms
  s.vsm.raster.nodes.p1.3          median 0.0093 ms  P95 0.0103 ms
  s.vsm.raster.prepare.chunks.p1   median 0.0032 ms  P95 0.0042 ms
  s.vsm.raster.prepare.draw.p1     median 0.0042 ms  P95 0.0061 ms
  s.vsm.raster.prepare.groups.p1   median 0.0032 ms  P95 0.0042 ms
  s.vsm.raster.prepare.nodes.p1.0  median 0.0032 ms  P95 0.0042 ms
  s.vsm.raster.prepare.nodes.p1.1  median 0.0032 ms  P95 0.0042 ms
  s.vsm.raster.prepare.nodes.p1.2  median 0.0032 ms  P95 0.0042 ms
  s.vsm.raster.prepare.nodes.p1.3  median 0.0032 ms  P95 0.0042 ms
  s.vsm.raster.raster              median 0.5491 ms  P95 0.5552 ms
  s.vsm.raster.reset               median 0.0032 ms  P95 0.0042 ms
  s.vsm.raster.stats               median 0.0000 ms  P95 0.0000 ms
  s.vsm.raster.tilemask            median 0.0042 ms  P95 0.0051 ms
  s.vsm.scan.assign                median 0.0205 ms  P95 0.0227 ms
  s.vsm.scan.count                 median 0.0039 ms  P95 0.0042 ms
  s.vsm.scan.prefix                median 0.0022 ms  P95 0.0032 ms
  s.vsm.searchdilate               median 0.0125 ms  P95 0.0134 ms
  s.vsm.searchgrid                 median 0.0142 ms  P95 0.0151 ms
  s.vsm.stats                      median 0.0000 ms  P95 0.0012 ms
4K: S passes 13.9257 ms (page raster 1.0271 ms) of GPU frame 21.9521 ms | pages requested mean 8417 max 8417, dirty mea
n 8417.0, T_sun mean 0.11 M, pool exhausted 0
  froxels: 2246088 light entries (2.44 per froxel), 0 truncated lists, 0 lights dropped, max 16 per froxel
  requested sun pages by level (last frame): L0:410 L1:661 L2:698 L3:615 L4:493 L5:435 L6:253 L7:127 L8:55 L9:48 L10:45
 L11:46 L12:38 L13:41 L14:44 L15:46 L16:37 L17:28 L18:0 L19:0
  shadow overflow: lights past the third max 2068137, words needed max 2525942, tiles over capacity 0 ok
  S error bits (INTERFACES 3.6, shader loop caps) 0x0 ok
  coverage fragments: 0 pixels with records, 0 pair (0.0 %)
  visibility paths (% of 5.21 M pixels): no caster 0.0, reach lit 86.3, reach umbra 8.6, search lit 1.6, disk lit 0.0, 
disk umbra 0.8, filtered 2.7
GpuLock.ps1: background: cpu 16 s >= 4 cores, peak 5.8 cores
