[0/2] Re-checking globbed directories...
[1/1169] Generating CXX dyndep file Tools\ShaderCompiler\CMakeFiles\unx_shaderc.dir\CXX.dd
[2/614] Generating CXX dyndep file CMakeFiles\unx_meshoptimizer.dir\CXX.dd
[3/593] Generating CXX dyndep file Tools\Cook\CMakeFiles\unx_directxtex.dir\CXX.dd
[4/572] Generating CXX dyndep file Native\Render\CMakeFiles\unx_agility_exports.dir\CXX.dd
[5/571] C:\WINDOWS\system32\cmd.exe /C "cd /D C:\Users\USER\UnravelNext-refl\build\all\Native\Render && "C:\Program Files\Microsoft Visual Studio\18\Community\Common7\IDE\CommonExtensions\Microsoft\CMake\CMake\bin\cmake.exe" -E copy_if_different C:/Users/USER/UnravelNext-refl/build/all/Native/Render/abi.stamp C:/Users/USER/UnravelNext-refl/build/all/bin/shaders/abi.stamp"
[6/571] DirectStorage runtime DLLs
[7/571] Build identity
[8/571] Generating CXX dyndep file Native\Render\CMakeFiles\unx_module_material.dir\CXX.dd
[9/567] Generating CXX dyndep file Native\Render\CMakeFiles\unx_render.dir\CXX.dd
[10/561] Generating CXX dyndep file Native\Core\CMakeFiles\unx_core.dir\CXX.dd
[11/555] Generating CXX dyndep file Native\Scene\CMakeFiles\unx_scene.dir\CXX.dd
[12/551] Generating CXX dyndep file Native\Render\CMakeFiles\unx_module_fx.dir\CXX.dd
[13/545] Generating CXX dyndep file Native\Render\CMakeFiles\unx_module_raytracing.dir\CXX.dd
[14/540] Generating CXX dyndep file Native\Render\CMakeFiles\unx_module_gi.dir\CXX.dd
[15/537] Generating CXX dyndep file Native\Render\CMakeFiles\unx_module_atmosphere.dir\CXX.dd
[16/529] Generating CXX dyndep file Reference\CMakeFiles\unx_metrics.dir\CXX.dd
[17/526] Generating CXX dyndep file Native\Render\CMakeFiles\unx_module_debug.dir\CXX.dd
[18/524] Generating CXX dyndep file Native\Render\CMakeFiles\unx_module_hair.dir\CXX.dd
[19/522] Generating CXX dyndep file Native\Render\CMakeFiles\unx_module_lights.dir\CXX.dd
[20/520] Generating CXX dyndep file Native\Render\CMakeFiles\unx_module_decal.dir\CXX.dd
[21/517] Generating CXX dyndep file Native\Render\CMakeFiles\unx_module_shadow.dir\CXX.dd
[22/513] Generating CXX dyndep file Native\Render\CMakeFiles\unx_module_shading.dir\CXX.dd
[23/505] Generating CXX dyndep file Native\Render\CMakeFiles\unx_module_streaming.dir\CXX.dd
[24/503] Generating CXX dyndep file Native\Render\CMakeFiles\unx_module_viewmodel.dir\CXX.dd
[25/501] Generating CXX dyndep file Tools\SceneGen\CMakeFiles\unx_scenegen.dir\CXX.dd
[26/494] Generating CXX dyndep file Native\Render\CMakeFiles\unx_module_water.dir\CXX.dd
[27/482] Generating CXX dyndep file Native\Render\CMakeFiles\unx_module_volume.dir\CXX.dd
[28/479] Generating CXX dyndep file Reference\CMakeFiles\unx_reference_gpu.dir\CXX.dd
[29/476] Generating CXX dyndep file Tools\RppBuild\CMakeFiles\unx_rppbuild.dir\CXX.dd
[30/469] Generating CXX dyndep file Reference\CMakeFiles\unx_reference.dir\CXX.dd
[31/464] Generating CXX dyndep file Native\Scene\CMakeFiles\unx_test_scene_sheen.dir\CXX.dd
[32/462] Generating CXX dyndep file Native\Scene\CMakeFiles\unx_test_scene_morph.dir\CXX.dd
[33/460] Generating CXX dyndep file Native\Scene\CMakeFiles\unx_test_scene_terrainpatch.dir\CXX.dd
[34/458] Generating CXX dyndep file Tools\RppBuild\CMakeFiles\unx_rppbuild_tool.dir\CXX.dd
[35/456] Generating CXX dyndep file Native\Scene\CMakeFiles\unx_test_scene_film.dir\CXX.dd
[36/454] Generating CXX dyndep file Native\Scene\CMakeFiles\unx_test_scene_aniso.dir\CXX.dd
[37/452] Generating CXX dyndep file Tools\RppBuild\CMakeFiles\unx_gamebench_tool.dir\CXX.dd
[38/450] Generating CXX dyndep file Reference\CMakeFiles\unx_metrics_tool.dir\CXX.dd
[39/448] Generating CXX dyndep file Tools\SceneGen\CMakeFiles\unx_test_scenegen.dir\CXX.dd
[40/446] Generating CXX dyndep file Tools\SceneGen\CMakeFiles\unx_scenegen_tool.dir\CXX.dd
[41/444] Generating CXX dyndep file Reference\CMakeFiles\unx_test_metrics.dir\CXX.dd
[42/442] Generating CXX dyndep file Reference\CMakeFiles\unx_test_reference.dir\CXX.dd
[43/441] Generating CXX dyndep file Reference\CMakeFiles\unx_reference_tool.dir\CXX.dd
[44/440] Generating CXX dyndep file Reference\CMakeFiles\unx_test_reference_gpu.dir\CXX.dd
[45/438] Generating CXX dyndep file Reference\CMakeFiles\unx_study_material_layers.dir\CXX.dd
[46/434] Generating CXX dyndep file Reference\CMakeFiles\unx_test_reference_photo.dir\CXX.dd
[47/433] Generating CXX dyndep file Reference\CMakeFiles\unx_test_census_replica.dir\CXX.dd
[48/431] Building CXX object Native\Render\CMakeFiles\unx_render.dir\src\Harness.cpp.obj
[49/431] Linking CXX static library lib\unx_render.lib
[50/431] Generating CXX dyndep file Tools\ClusterBuilder\CMakeFiles\unx_clusterbuilder.dir\CXX.dd
[51/427] Generating CXX dyndep file Native\Render\CMakeFiles\unx_module_visibility.dir\CXX.dd
[52/425] Generating CXX dyndep file Native\Render\CMakeFiles\unx_frame.dir\CXX.dd
[53/422] Generating CXX dyndep file Tools\Cook\CMakeFiles\unx_cook.dir\CXX.dd
[54/419] Generating CXX dyndep file Native\Host\CMakeFiles\unx_host_core.dir\CXX.dd
[55/415] Generating CXX dyndep file Native\Render\CMakeFiles\unx_test_atmosphere_atmospheretests.dir\CXX.dd
[56/414] Generating CXX dyndep file Native\Render\CMakeFiles\unx_test_atmosphere_celestialtests.dir\CXX.dd
[57/413] Generating CXX dyndep file Native\Render\CMakeFiles\unx_test_atmosphere_cloudmodeltests.dir\CXX.dd
[58/412] Generating CXX dyndep file Native\Render\CMakeFiles\unx_test_atmosphere_cloudmsfit.dir\CXX.dd
[59/411] Generating CXX dyndep file Native\Render\CMakeFiles\unx_test_atmosphere_cloudtests.dir\CXX.dd
[60/410] Generating CXX dyndep file Native\Render\CMakeFiles\unx_test_atmosphere_nightskytests.dir\CXX.dd
[61/409] Generating CXX dyndep file Native\Render\CMakeFiles\unx_test_atmosphere_rainshadowtests.dir\CXX.dd
[62/408] Generating CXX dyndep file Native\Render\CMakeFiles\unx_test_atmosphere_windcachetests.dir\CXX.dd
[63/407] Generating CXX dyndep file Native\Render\CMakeFiles\unx_test_atmosphere_windfieldtests.dir\CXX.dd
[64/406] Generating CXX dyndep file Native\Render\CMakeFiles\unx_gate_atmosphere_skyorders.dir\CXX.dd
[65/405] Generating CXX dyndep file Native\Render\CMakeFiles\unx_test_debug_debugtests.dir\CXX.dd
[66/404] Generating CXX dyndep file Native\Render\CMakeFiles\unx_gate_debug_egate.dir\CXX.dd
[67/403] Generating CXX dyndep file Native\Render\CMakeFiles\unx_test_decal_decaltests.dir\CXX.dd
[68/402] Generating CXX dyndep file Native\Render\CMakeFiles\unx_test_decal_surfacetests.dir\CXX.dd
[69/401] Generating CXX dyndep file Native\Render\CMakeFiles\unx_test_fx_fxlighttests.dir\CXX.dd
[70/400] Generating CXX dyndep file Native\Render\CMakeFiles\unx_test_fx_meshparticletests.dir\CXX.dd
[71/399] Generating CXX dyndep file Native\Render\CMakeFiles\unx_test_fx_particlelayertests.dir\CXX.dd
[72/398] Generating CXX dyndep file Native\Render\CMakeFiles\unx_test_fx_particletests.dir\CXX.dd
[73/397] Generating CXX dyndep file Native\Render\CMakeFiles\unx_gate_fx_particlegate.dir\CXX.dd
[74/396] Generating CXX dyndep file Native\Render\CMakeFiles\unx_test_gi_admission.dir\CXX.dd
[75/395] Generating CXX dyndep file Native\Render\CMakeFiles\unx_test_gi_gianalytic.dir\CXX.dd
[76/394] Generating CXX dyndep file Native\Render\CMakeFiles\unx_test_gi_probemapsatlas.dir\CXX.dd
[77/393] Generating CXX dyndep file Native\Render\CMakeFiles\unx_gate_gi_gigate.dir\CXX.dd
[78/392] Generating CXX dyndep file Native\Render\CMakeFiles\unx_gate_gi_proxylevels.dir\CXX.dd
[79/391] Generating CXX dyndep file Native\Render\CMakeFiles\unx_test_hair_hairtests.dir\CXX.dd
[80/390] Generating CXX dyndep file Native\Render\CMakeFiles\unx_test_lights_lightfunctiontests.dir\CXX.dd
[81/389] Generating CXX dyndep file Native\Render\CMakeFiles\unx_test_material_anisotests.dir\CXX.dd
[82/388] Generating CXX dyndep file Native\Render\CMakeFiles\unx_test_material_materialtests.dir\CXX.dd
[83/387] Generating CXX dyndep file Native\Render\CMakeFiles\unx_test_reflection_planarmirror.dir\CXX.dd
[84/386] Generating CXX dyndep file Native\Render\CMakeFiles\unx_test_reflection_reflectionanalytic.dir\CXX.dd
[85/385] Generating CXX dyndep file Native\Render\CMakeFiles\unx_test_shading_areaquad.dir\CXX.dd
[86/384] Generating CXX dyndep file Native\Render\CMakeFiles\unx_test_shading_ltcfit.dir\CXX.dd
[87/383] Generating CXX dyndep file Native\Render\CMakeFiles\unx_test_shading_posttests.dir\CXX.dd
[88/382] Generating CXX dyndep file Native\Render\CMakeFiles\unx_test_shading_shadingtests.dir\CXX.dd
[89/381] Generating CXX dyndep file Native\Render\CMakeFiles\unx_gate_shading_mgate.dir\CXX.dd
[90/380] Generating CXX dyndep file Native\Render\CMakeFiles\unx_test_shadow_froxeltests.dir\CXX.dd
[91/379] Generating CXX dyndep file Native\Render\CMakeFiles\unx_test_shadow_localshadowtests.dir\CXX.dd
[92/378] Generating CXX dyndep file Native\Render\CMakeFiles\unx_test_shadow_vsmtests.dir\CXX.dd
[93/377] Generating CXX dyndep file Native\Render\CMakeFiles\unx_gate_shadow_renderergate.dir\CXX.dd
[94/376] Generating CXX dyndep file Native\Render\CMakeFiles\unx_gate_shadow_shadowgate.dir\CXX.dd
[95/375] Generating CXX dyndep file Native\Render\CMakeFiles\unx_test_streaming_streamingtests.dir\CXX.dd
[96/374] Generating CXX dyndep file Native\Render\CMakeFiles\unx_test_viewmodel_viewmodeltests.dir\CXX.dd
[97/373] Generating CXX dyndep file Native\Render\CMakeFiles\unx_gate_streaming_streaminggate.dir\CXX.dd
[98/372] Generating CXX dyndep file Native\Render\CMakeFiles\unx_test_visibility_auxviewtests.dir\CXX.dd
[99/371] Generating CXX dyndep file Native\Render\CMakeFiles\unx_test_visibility_fragmenttests.dir\CXX.dd
[100/370] Generating CXX dyndep file Native\Render\CMakeFiles\unx_test_visibility_haircoveragetests.dir\CXX.dd
[101/369] Generating CXX dyndep file Native\Render\CMakeFiles\unx_test_visibility_instancehierarchytests.dir\CXX.dd
[102/368] Generating CXX dyndep file Native\Render\CMakeFiles\unx_test_visibility_morphtests.dir\CXX.dd
[103/367] Generating CXX dyndep file Native\Render\CMakeFiles\unx_test_visibility_oceanlayertests.dir\CXX.dd
[104/366] Generating CXX dyndep file Native\Render\CMakeFiles\unx_test_visibility_originrebasetests.dir\CXX.dd
[105/365] Generating CXX dyndep file Native\Render\CMakeFiles\unx_test_visibility_runtimepooltests.dir\CXX.dd
[106/364] Generating CXX dyndep file Native\Render\CMakeFiles\unx_test_visibility_streamcoveragetests.dir\CXX.dd
[107/363] Generating CXX dyndep file Native\Render\CMakeFiles\unx_test_visibility_translucenttests.dir\CXX.dd
[108/362] Generating CXX dyndep file Native\Render\CMakeFiles\unx_test_visibility_visibilitytests.dir\CXX.dd
[109/361] Generating CXX dyndep file Native\Render\CMakeFiles\unx_test_visibility_wateredgetests.dir\CXX.dd
[110/360] Generating CXX dyndep file Native\Render\CMakeFiles\unx_test_visibility_waterlayertests.dir\CXX.dd
[111/359] Generating CXX dyndep file Native\Render\CMakeFiles\unx_gate_visibility_streamgate.dir\CXX.dd
[112/358] Generating CXX dyndep file Native\Render\CMakeFiles\unx_gate_visibility_visibilitygate.dir\CXX.dd
[113/357] Generating CXX dyndep file Native\Render\CMakeFiles\unx_test_volume_volumetests.dir\CXX.dd
[114/356] Generating CXX dyndep file Native\Render\CMakeFiles\unx_test_water_fluidsurfacetests.dir\CXX.dd
[115/355] Generating CXX dyndep file Native\Render\CMakeFiles\unx_test_water_foamtests.dir\CXX.dd
[116/354] Generating CXX dyndep file Native\Render\CMakeFiles\unx_test_water_oceanheighttests.dir\CXX.dd
[117/353] Scanning C:\Users\USER\UnravelNext-refl\Native\Render\Passes\Reflection\ReflectionSystem.cpp for CXX dependencies
참고: 포함 파일: C:\Users\USER\UnravelNext-refl\Native\Render\Passes\Reflection\include\unx/refl/ReflectionSystem.h
참고: 포함 파일:  C:\Users\USER\UnravelNext-refl\Native\Render\Passes\GI\include\unx/gi/GiSystem.h
참고: 포함 파일:   C:\Users\USER\UnravelNext-refl\Native\Render\include\unx/render/Frame.h
참고: 포함 파일:    C:\Users\USER\UnravelNext-refl\Native\Core\include\unx/core/Config.h
참고: 포함 파일:     C:\Program Files\Microsoft Visual Studio\18\Community\VC\Tools\MSVC\14.51.36231\include\cstdint
참고: 포함 파일:      C:\Program Files\Microsoft Visual Studio\18\Community\VC\Tools\MSVC\14.51.36231\include\yvals_core.h
참고: 포함 파일:       C:\Program Files\Microsoft Visual Studio\18\Community\VC\Tools\MSVC\14.51.36231\include\vcruntime.h
참고: 포함 파일:        C:\Program Files\Microsoft Visual Studio\18\Community\VC\Tools\MSVC\14.51.36231\include\sal.h
참고: 포함 파일:         C:\Program Files\Microsoft Visual Studio\18\Community\VC\Tools\MSVC\14.51.36231\include\concurrencysal.h
참고: 포함 파일:        C:\Program Files\Microsoft Visual Studio\18\Community\VC\Tools\MSVC\14.51.36231\include\vadefs.h
참고: 포함 파일:       C:\Program Files\Microsoft Visual Studio\18\Community\VC\Tools\MSVC\14.51.36231\include\xkeycheck.h
참고: 포함 파일:      C:\Program Files\Microsoft Visual Studio\18\Community\VC\Tools\MSVC\14.51.36231\include\stdint.h
참고: 포함 파일:     C:\Program Files\Microsoft Visual Studio\18\Community\VC\Tools\MSVC\14.51.36231\include\filesystem
참고: 포함 파일:      C:\Program Files\Microsoft Visual Studio\18\Community\VC\Tools\MSVC\14.51.36231\include\algorithm
참고: 포함 파일:       C:\Program Files\Microsoft Visual Studio\18\Community\VC\Tools\MSVC\14.51.36231\include\__msvc_heap_algorithms.hpp
참고: 포함 파일:        C:\Program Files\Microsoft Visual Studio\18\Community\VC\Tools\MSVC\14.51.36231\include\xutility
참고: 포함 파일:         C:\Program Files\Microsoft Visual Studio\18\Community\VC\Tools\MSVC\14.51.36231\include\yvals.h
참고: 포함 파일:          C:\Program Files\Microsoft Visual Studio\18\Community\VC\Tools\MSVC\14.51.36231\include\__msvc_doom_core.hpp
참고: 포함 파일:          C:\Program Files (x86)\Windows Kits\10\include\10.0.26100.0\ucrt\crtdbg.h
참고: 포함 파일:           C:\Program Files (x86)\Windows Kits\10\include\10.0.26100.0\ucrt\corecrt.h
참고: 포함 파일:           C:\Program Files\Microsoft Visual Studio\18\Community\VC\Tools\MSVC\14.51.36231\include\vcruntime_new_debug.h
참고: 포함 파일:            C:\Program Files\Microsoft Visual Studio\18\Community\VC\Tools\MSVC\14.51.36231\include\vcruntime_new.h
참고: 포함 파일:          C:\Program Files\Microsoft Visual Studio\18\Community\VC\Tools\MSVC\14.51.36231\include\crtdefs.h
참고: 포함 파일:          C:\Program Files\Microsoft Visual Studio\18\Community\VC\Tools\MSVC\14.51.36231\include\use_ansi.h
참고: 포함 파일:         C:\Program Files\Microsoft Visual Studio\18\Community\VC\Tools\MSVC\14.51.36231\include\__msvc_iter_core.hpp
참고: 포함 파일:          C:\Program Files\Microsoft Visual Studio\18\Community\VC\Tools\MSVC\14.51.36231\include\utility
참고: 포함 파일:           C:\Program Files\Microsoft Visual Studio\18\Community\VC\Tools\MSVC\14.51.36231\include\initializer_list
참고: 포함 파일:            C:\Program Files\Microsoft Visual Studio\18\Community\VC\Tools\MSVC\14.51.36231\include\cstddef
참고: 포함 파일:             C:\Program Files (x86)\Windows Kits\10\include\10.0.26100.0\ucrt\stddef.h
참고: 포함 파일:             C:\Program Files\Microsoft Visual Studio\18\Community\VC\Tools\MSVC\14.51.36231\include\xtr1common
참고: 포함 파일:           C:\Program Files\Microsoft Visual Studio\18\Community\VC\Tools\MSVC\14.51.36231\include\type_traits
참고: 포함 파일:           C:\Program Files\Microsoft Visual Studio\18\Community\VC\Tools\MSVC\14.51.36231\include\compare
참고: 포함 파일:            C:\Program Files\Microsoft Visual Studio\18\Community\VC\Tools\MSVC\14.51.36231\include\concepts
참고: 포함 파일:         C:\Program Files\Microsoft Visual Studio\18\Community\VC\Tools\MSVC\14.51.36231\include\climits
참고: 포함 파일:          C:\Program Files\Microsoft Visual Studio\18\Community\VC\Tools\MSVC\14.51.36231\include\limits.h
참고: 포함 파일:         C:\Program Files\Microsoft Visual Studio\18\Community\VC\Tools\MSVC\14.51.36231\include\cstdlib
참고: 포함 파일:          C:\Program Files (x86)\Windows Kits\10\include\10.0.26100.0\ucrt\math.h
참고: 포함 파일:           C:\Program Files (x86)\Windows Kits\10\include\10.0.26100.0\ucrt\corecrt_math.h
참고: 포함 파일:          C:\Program Files (x86)\Windows Kits\10\include\10.0.26100.0\ucrt\stdlib.h
참고: 포함 파일:           C:\Program Files (x86)\Windows Kits\10\include\10.0.26100.0\ucrt\corecrt_malloc.h
참고: 포함 파일:           C:\Program Files (x86)\Windows Kits\10\include\10.0.26100.0\ucrt\corecrt_search.h
참고: 포함 파일:           C:\Program Files (x86)\Windows Kits\10\include\10.0.26100.0\ucrt\corecrt_wstdlib.h
참고: 포함 파일:         C:\Program Files\Microsoft Visual Studio\18\Community\VC\Tools\MSVC\14.51.36231\include\cstring
참고: 포함 파일:          C:\Program Files (x86)\Windows Kits\10\include\10.0.26100.0\ucrt\string.h
참고: 포함 파일:           C:\Program Files (x86)\Windows Kits\10\include\10.0.26100.0\ucrt\corecrt_memory.h
참고: 포함 파일:            C:\Program Files (x86)\Windows Kits\10\include\10.0.26100.0\ucrt\corecrt_memcpy_s.h
참고: 포함 파일:             C:\Program Files (x86)\Windows Kits\10\include\10.0.26100.0\ucrt\errno.h
참고: 포함 파일:             C:\Program Files\Microsoft Visual Studio\18\Community\VC\Tools\MSVC\14.51.36231\include\vcruntime_string.h
참고: 포함 파일:           C:\Program Files (x86)\Windows Kits\10\include\10.0.26100.0\ucrt\corecrt_wstring.h
참고: 포함 파일:         C:\Program Files\Microsoft Visual Studio\18\Community\VC\Tools\MSVC\14.51.36231\include\cwchar
참고: 포함 파일:          C:\Program Files\Microsoft Visual Studio\18\Community\VC\Tools\MSVC\14.51.36231\include\cstdio
참고: 포함 파일:           C:\Program Files (x86)\Windows Kits\10\include\10.0.26100.0\ucrt\stdio.h
참고: 포함 파일:            C:\Program Files (x86)\Windows Kits\10\include\10.0.26100.0\ucrt\corecrt_wstdio.h
참고: 포함 파일:             C:\Program Files (x86)\Windows Kits\10\include\10.0.26100.0\ucrt\corecrt_stdio_config.h
참고: 포함 파일:          C:\Program Files (x86)\Windows Kits\10\include\10.0.26100.0\ucrt\wchar.h
참고: 포함 파일:           C:\Program Files (x86)\Windows Kits\10\include\10.0.26100.0\ucrt\corecrt_wconio.h
참고: 포함 파일:           C:\Program Files (x86)\Windows Kits\10\include\10.0.26100.0\ucrt\corecrt_wctype.h
참고: 포함 파일:           C:\Program Files (x86)\Windows Kits\10\include\10.0.26100.0\ucrt\corecrt_wdirect.h
참고: 포함 파일:           C:\Program Files (x86)\Windows Kits\10\include\10.0.26100.0\ucrt\corecrt_wio.h
참고: 포함 파일:            C:\Program Files (x86)\Windows Kits\10\include\10.0.26100.0\ucrt\corecrt_share.h
참고: 포함 파일:           C:\Program Files (x86)\Windows Kits\10\include\10.0.26100.0\ucrt\corecrt_wprocess.h
참고: 포함 파일:           C:\Program Files (x86)\Windows Kits\10\include\10.0.26100.0\ucrt\corecrt_wtime.h
참고: 포함 파일:           C:\Program Files (x86)\Windows Kits\10\include\10.0.26100.0\ucrt\sys/stat.h
참고: 포함 파일:            C:\Program Files (x86)\Windows Kits\10\include\10.0.26100.0\ucrt\sys/types.h
참고: 포함 파일:           C:\Program Files\Microsoft Visual Studio\18\Community\VC\Tools\MSVC\14.51.36231\include\intrin.h
참고: 포함 파일:            C:\Program Files\Microsoft Visual Studio\18\Community\VC\Tools\MSVC\14.51.36231\include\intrin0.inl.h
참고: 포함 파일:            C:\Program Files\Microsoft Visual Studio\18\Community\VC\Tools\MSVC\14.51.36231\include\setjmp.h
참고: 포함 파일:            C:\Program Files\Microsoft Visual Studio\18\Community\VC\Tools\MSVC\14.51.36231\include\immintrin.h
참고: 포함 파일:             C:\Program Files\Microsoft Visual Studio\18\Community\VC\Tools\MSVC\14.51.36231\include\wmmintrin.h
참고: 포함 파일:              C:\Program Files\Microsoft Visual Studio\18\Community\VC\Tools\MSVC\14.51.36231\include\nmmintrin.h
참고: 포함 파일:               C:\Program Files\Microsoft Visual Studio\18\Community\VC\Tools\MSVC\14.51.36231\include\smmintrin.h
참고: 포함 파일:                C:\Program Files\Microsoft Visual Studio\18\Community\VC\Tools\MSVC\14.51.36231\include\tmmintrin.h
참고: 포함 파일:                 C:\Program Files\Microsoft Visual Studio\18\Community\VC\Tools\MSVC\14.51.36231\include\pmmintrin.h
참고: 포함 파일:                  C:\Program Files\Microsoft Visual Studio\18\Community\VC\Tools\MSVC\14.51.36231\include\emmintrin.h
참고: 포함 파일:                   C:\Program Files\Microsoft Visual Studio\18\Community\VC\Tools\MSVC\14.51.36231\include\xmmintrin.h
참고: 포함 파일:                    C:\Program Files\Microsoft Visual Studio\18\Community\VC\Tools\MSVC\14.51.36231\include\mmintrin.h
참고: 포함 파일:                    C:\Program Files (x86)\Windows Kits\10\include\10.0.26100.0\ucrt\malloc.h
참고: 포함 파일:             C:\Program Files\Microsoft Visual Studio\18\Community\VC\Tools\MSVC\14.51.36231\include\zmmintrin.h
참고: 포함 파일:            C:\Program Files\Microsoft Visual Studio\18\Community\VC\Tools\MSVC\14.51.36231\include\ammintrin.h
참고: 포함 파일:       C:\Program Files\Microsoft Visual Studio\18\Community\VC\Tools\MSVC\14.51.36231\include\__msvc_int128.hpp
참고: 포함 파일:        C:\Program Files\Microsoft Visual Studio\18\Community\VC\Tools\MSVC\14.51.36231\include\__msvc_bit_utils.hpp
참고: 포함 파일:         C:\Program Files\Microsoft Visual Studio\18\Community\VC\Tools\MSVC\14.51.36231\include\intrin0.h
참고: 포함 파일:        C:\Program Files\Microsoft Visual Studio\18\Community\VC\Tools\MSVC\14.51.36231\include\limits
참고: 포함 파일:         C:\Program Files\Microsoft Visual Studio\18\Community\VC\Tools\MSVC\14.51.36231\include\cfloat
참고: 포함 파일:          C:\Program Files (x86)\Windows Kits\10\include\10.0.26100.0\ucrt\float.h
참고: 포함 파일:       C:\Program Files\Microsoft Visual Studio\18\Community\VC\Tools\MSVC\14.51.36231\include\__msvc_minmax.hpp
참고: 포함 파일:       C:\Program Files\Microsoft Visual Studio\18\Community\VC\Tools\MSVC\14.51.36231\include\xmemory
참고: 포함 파일:        C:\Program Files\Microsoft Visual Studio\18\Community\VC\Tools\MSVC\14.51.36231\include\new
참고: 포함 파일:         C:\Program Files\Microsoft Visual Studio\18\Community\VC\Tools\MSVC\14.51.36231\include\exception
참고: 포함 파일:          C:\Program Files\Microsoft Visual Studio\18\Community\VC\Tools\MSVC\14.51.36231\include\vcruntime_exception.h
참고: 포함 파일:           C:\Program Files\Microsoft Visual Studio\18\Community\VC\Tools\MSVC\14.51.36231\include\eh.h
참고: 포함 파일:            C:\Program Files (x86)\Windows Kits\10\include\10.0.26100.0\ucrt\corecrt_terminate.h
참고: 포함 파일:        C:\Program Files\Microsoft Visual Studio\18\Community\VC\Tools\MSVC\14.51.36231\include\xatomic.h
참고: 포함 파일:        C:\Program Files\Microsoft Visual Studio\18\Community\VC\Tools\MSVC\14.51.36231\include\tuple
참고: 포함 파일:      C:\Program Files\Microsoft Visual Studio\18\Community\VC\Tools\MSVC\14.51.36231\include\chrono
참고: 포함 파일:       C:\Program Files\Microsoft Visual Studio\18\Community\VC\Tools\MSVC\14.51.36231\include\__msvc_chrono.hpp
참고: 포함 파일:        C:\Program Files\Microsoft Visual Studio\18\Community\VC\Tools\MSVC\14.51.36231\include\ctime
참고: 포함 파일:         C:\Program Files (x86)\Windows Kits\10\include\10.0.26100.0\ucrt\time.h
참고: 포함 파일:        C:\Program Files\Microsoft Visual Studio\18\Community\VC\Tools\MSVC\14.51.36231\include\ratio
참고: 포함 파일:        C:\Program Files\Microsoft Visual Studio\18\Community\VC\Tools\MSVC\14.51.36231\include\xtimec.h
참고: 포함 파일:       C:\Program Files\Microsoft Visual Studio\18\Community\VC\Tools\MSVC\14.51.36231\include\system_error
참고: 포함 파일:        C:\Program Files\Microsoft Visual Studio\18\Community\VC\Tools\MSVC\14.51.36231\include\__msvc_system_error_abi.hpp
참고: 포함 파일:        C:\Program Files\Microsoft Visual Studio\18\Community\VC\Tools\MSVC\14.51.36231\include\cerrno
참고: 포함 파일:        C:\Program Files\Microsoft Visual Studio\18\Community\VC\Tools\MSVC\14.51.36231\include\stdexcept
참고: 포함 파일:         C:\Program Files\Microsoft Visual Studio\18\Community\VC\Tools\MSVC\14.51.36231\include\xstring
참고: 포함 파일:          C:\Program Files\Microsoft Visual Studio\18\Community\VC\Tools\MSVC\14.51.36231\include\__msvc_sanitizer_annotate_container.hpp
참고: 포함 파일:          C:\Program Files\Microsoft Visual Studio\18\Community\VC\Tools\MSVC\14.51.36231\include\__msvc_string_view.hpp
참고: 포함 파일:           C:\Program Files\Microsoft Visual Studio\18\Community\VC\Tools\MSVC\14.51.36231\include\iosfwd
참고: 포함 파일:          C:\Program Files\Microsoft Visual Studio\18\Community\VC\Tools\MSVC\14.51.36231\include\xpolymorphic_allocator.h
참고: 포함 파일:        C:\Program Files\Microsoft Visual Studio\18\Community\VC\Tools\MSVC\14.51.36231\include\xcall_once.h
참고: 포함 파일:        C:\Program Files\Microsoft Visual Studio\18\Community\VC\Tools\MSVC\14.51.36231\include\xerrc.h
참고: 포함 파일:        C:\Program Files\Microsoft Visual Studio\18\Community\VC\Tools\MSVC\14.51.36231\include\atomic
참고: 포함 파일:         C:\Program Files\Microsoft Visual Studio\18\Community\VC\Tools\MSVC\14.51.36231\include\xthreads.h
참고: 포함 파일:          C:\Program Files\Microsoft Visual Studio\18\Community\VC\Tools\MSVC\14.51.36231\include\__msvc_threads_core.hpp
참고: 포함 파일:         C:\Program Files\Microsoft Visual Studio\18\Community\VC\Tools\MSVC\14.51.36231\include\xatomic_wait.h
참고: 포함 파일:       C:\Program Files\Microsoft Visual Studio\18\Community\VC\Tools\MSVC\14.51.36231\include\xfilesystem_abi.h
참고: 포함 파일:       C:\Program Files\Microsoft Visual Studio\18\Community\VC\Tools\MSVC\14.51.36231\include\__msvc_tzdb.hpp
참고: 포함 파일:       C:\Program Files\Microsoft Visual Studio\18\Community\VC\Tools\MSVC\14.51.36231\include\cmath
참고: 포함 파일:       C:\Program Files\Microsoft Visual Studio\18\Community\VC\Tools\MSVC\14.51.36231\include\format
참고: 포함 파일:        C:\Program Files\Microsoft Visual Studio\18\Community\VC\Tools\MSVC\14.51.36231\include\__msvc_format_ucd_tables.hpp
참고: 포함 파일:        C:\Program Files\Microsoft Visual Studio\18\Community\VC\Tools\MSVC\14.51.36231\include\__msvc_formatter.hpp
참고: 포함 파일:        C:\Program Files\Microsoft Visual Studio\18\Community\VC\Tools\MSVC\14.51.36231\include\__msvc_print.hpp
참고: 포함 파일:        C:\Program Files\Microsoft Visual Studio\18\Community\VC\Tools\MSVC\14.51.36231\include\__msvc_ranges_tuple_formatter.hpp
참고: 포함 파일:         C:\Program Files\Microsoft Visual Studio\18\Community\VC\Tools\MSVC\14.51.36231\include\bit
참고: 포함 파일:         C:\Program Files\Microsoft Visual Studio\18\Community\VC\Tools\MSVC\14.51.36231\include\iterator
참고: 포함 파일:         C:\Program Files\Microsoft Visual Studio\18\Community\VC\Tools\MSVC\14.51.36231\include\xlocale
참고: 포함 파일:          C:\Program Files\Microsoft Visual Studio\18\Community\VC\Tools\MSVC\14.51.36231\include\memory
참고: 포함 파일:           C:\Program Files\Microsoft Visual Studio\18\Community\VC\Tools\MSVC\14.51.36231\include\typeinfo
참고: 포함 파일:            C:\Program Files\Microsoft Visual Studio\18\Community\VC\Tools\MSVC\14.51.36231\include\vcruntime_typeinfo.h
참고: 포함 파일:          C:\Program Files\Microsoft Visual Studio\18\Community\VC\Tools\MSVC\14.51.36231\include\xfacet
참고: 포함 파일:          C:\Program Files\Microsoft Visual Studio\18\Community\VC\Tools\MSVC\14.51.36231\include\xlocinfo
참고: 포함 파일:           C:\Program Files\Microsoft Visual Studio\18\Community\VC\Tools\MSVC\14.51.36231\include\__msvc_xlocinfo_types.hpp
참고: 포함 파일:           C:\Program Files\Microsoft Visual Studio\18\Community\VC\Tools\MSVC\14.51.36231\include\cctype
참고: 포함 파일:            C:\Program Files (x86)\Windows Kits\10\include\10.0.26100.0\ucrt\ctype.h
참고: 포함 파일:           C:\Program Files\Microsoft Visual Studio\18\Community\VC\Tools\MSVC\14.51.36231\include\clocale
참고: 포함 파일:            C:\Program Files (x86)\Windows Kits\10\include\10.0.26100.0\ucrt\locale.h
참고: 포함 파일:        C:\Program Files\Microsoft Visual Studio\18\Community\VC\Tools\MSVC\14.51.36231\include\charconv
참고: 포함 파일:         C:\Program Files\Microsoft Visual Studio\18\Community\VC\Tools\MSVC\14.51.36231\include\xbit_ops.h
참고: 포함 파일:         C:\Program Files\Microsoft Visual Studio\18\Community\VC\Tools\MSVC\14.51.36231\include\xcharconv.h
참고: 포함 파일:         C:\Program Files\Microsoft Visual Studio\18\Community\VC\Tools\MSVC\14.51.36231\include\xcharconv_ryu.h
참고: 포함 파일:          C:\Program Files\Microsoft Visual Studio\18\Community\VC\Tools\MSVC\14.51.36231\include\xcharconv_ryu_tables.h
참고: 포함 파일:         C:\Program Files\Microsoft Visual Studio\18\Community\VC\Tools\MSVC\14.51.36231\include\xcharconv_tables.h
참고: 포함 파일:        C:\Program Files\Microsoft Visual Studio\18\Community\VC\Tools\MSVC\14.51.36231\include\locale
참고: 포함 파일:         C:\Program Files\Microsoft Visual Studio\18\Community\VC\Tools\MSVC\14.51.36231\include\xlocbuf
참고: 포함 파일:          C:\Program Files\Microsoft Visual Studio\18\Community\VC\Tools\MSVC\14.51.36231\include\streambuf
참고: 포함 파일:           C:\Program Files\Microsoft Visual Studio\18\Community\VC\Tools\MSVC\14.51.36231\include\xiosbase
참고: 포함 파일:            C:\Program Files (x86)\Windows Kits\10\include\10.0.26100.0\ucrt\share.h
참고: 포함 파일:         C:\Program Files\Microsoft Visual Studio\18\Community\VC\Tools\MSVC\14.51.36231\include\xlocmes
참고: 포함 파일:         C:\Program Files\Microsoft Visual Studio\18\Community\VC\Tools\MSVC\14.51.36231\include\xlocmon
참고: 포함 파일:          C:\Program Files\Microsoft Visual Studio\18\Community\VC\Tools\MSVC\14.51.36231\include\xlocnum
참고: 포함 파일:         C:\Program Files\Microsoft Visual Studio\18\Community\VC\Tools\MSVC\14.51.36231\include\xloctime
참고: 포함 파일:       C:\Program Files\Microsoft Visual Studio\18\Community\VC\Tools\MSVC\14.51.36231\include\forward_list
참고: 포함 파일:       C:\Program Files\Microsoft Visual Studio\18\Community\VC\Tools\MSVC\14.51.36231\include\iomanip
참고: 포함 파일:        C:\Program Files\Microsoft Visual Studio\18\Community\VC\Tools\MSVC\14.51.36231\include\istream
참고: 포함 파일:         C:\Program Files\Microsoft Visual Studio\18\Community\VC\Tools\MSVC\14.51.36231\include\__msvc_ostream.hpp
참고: 포함 파일:          C:\Program Files\Microsoft Visual Studio\18\Community\VC\Tools\MSVC\14.51.36231\include\ios
참고: 포함 파일:       C:\Program Files\Microsoft Visual Studio\18\Community\VC\Tools\MSVC\14.51.36231\include\optional
참고: 포함 파일:        C:\Program Files\Microsoft Visual Studio\18\Community\VC\Tools\MSVC\14.51.36231\include\xsmf_control.h
참고: 포함 파일:       C:\Program Files\Microsoft Visual Studio\18\Community\VC\Tools\MSVC\14.51.36231\include\sstream
참고: 포함 파일:        C:\Program Files\Microsoft Visual Studio\18\Community\VC\Tools\MSVC\14.51.36231\include\string
참고: 포함 파일:       C:\Program Files\Microsoft Visual Studio\18\Community\VC\Tools\MSVC\14.51.36231\include\vector
참고: 포함 파일:     C:\Program Files\Microsoft Visual Studio\18\Community\VC\Tools\MSVC\14.51.36231\include\map
참고: 포함 파일:      C:\Program Files\Microsoft Visual Studio\18\Community\VC\Tools\MSVC\14.51.36231\include\xtree
참고: 포함 파일:       C:\Program Files\Microsoft Visual Studio\18\Community\VC\Tools\MSVC\14.51.36231\include\xnode_handle.h
참고: 포함 파일:     C:\Program Files\Microsoft Visual Studio\18\Community\VC\Tools\MSVC\14.51.36231\include\mutex
참고: 포함 파일:      C:\Program Files\Microsoft Visual Studio\18\Community\VC\Tools\MSVC\14.51.36231\include\thread
참고: 포함 파일:       C:\Program Files (x86)\Windows Kits\10\include\10.0.26100.0\ucrt\process.h
참고: 포함 파일:        C:\Program Files (x86)\Windows Kits\10\include\10.0.26100.0\ucrt\corecrt_startup.h
참고: 포함 파일:         C:\Program Files (x86)\Windows Kits\10\include\10.0.26100.0\ucrt\math.h
참고: 포함 파일:         C:\Program Files\Microsoft Visual Studio\18\Community\VC\Tools\MSVC\14.51.36231\include\vcruntime_startup.h
참고: 포함 파일:       C:\Program Files\Microsoft Visual Studio\18\Community\VC\Tools\MSVC\14.51.36231\include\stop_token
참고: 포함 파일:     C:\Program Files\Microsoft Visual Studio\18\Community\VC\Tools\MSVC\14.51.36231\include\set
참고: 포함 파일:     C:\Program Files\Microsoft Visual Studio\18\Community\VC\Tools\MSVC\14.51.36231\include\string_view
참고: 포함 파일:    C:\Users\USER\UnravelNext-refl\Native\Core\include\unx/core/Math.h
참고: 포함 파일:    C:\Users\USER\UnravelNext-refl\Native\Render\include\unx/render/DepthRaster.h
참고: 포함 파일:     C:\Users\USER\UnravelNext-refl\Native\Render\include\unx/render/GraphTypes.h
참고: 포함 파일:      C:\Users\USER\UnravelNext-refl\Native\Render\include\unx/render/D3D12.h
참고: 포함 파일:       C:\Program Files (x86)\Windows Kits\10\include\10.0.26100.0\um\windows.h
참고: 포함 파일:        C:\Program Files (x86)\Windows Kits\10\include\10.0.26100.0\shared\winapifamily.h
참고: 포함 파일:         C:\Program Files (x86)\Windows Kits\10\include\10.0.26100.0\shared\winpackagefamily.h
참고: 포함 파일:        C:\Program Files (x86)\Windows Kits\10\include\10.0.26100.0\shared\sdkddkver.h
참고: 포함 파일:        C:\Program Files\Microsoft Visual Studio\18\Community\VC\Tools\MSVC\14.51.36231\include\excpt.h
참고: 포함 파일:        C:\Program Files\Microsoft Visual Studio\18\Community\VC\Tools\MSVC\14.51.36231\include\stdarg.h
참고: 포함 파일:        C:\Program Files (x86)\Windows Kits\10\include\10.0.26100.0\shared\windef.h
참고: 포함 파일:         C:\Program Files (x86)\Windows Kits\10\include\10.0.26100.0\shared\minwindef.h
참고: 포함 파일:          C:\Program Files (x86)\Windows Kits\10\include\10.0.26100.0\shared\specstrings.h
참고: 포함 파일:           C:\Program Files (x86)\Windows Kits\10\include\10.0.26100.0\shared\specstrings_strict.h
참고: 포함 파일:            C:\Program Files (x86)\Windows Kits\10\include\10.0.26100.0\shared\specstrings_undef.h
참고: 포함 파일:           C:\Program Files (x86)\Windows Kits\10\include\10.0.26100.0\shared\driverspecs.h
참고: 포함 파일:            C:\Program Files (x86)\Windows Kits\10\include\10.0.26100.0\shared\sdv_driverspecs.h
참고: 포함 파일:          C:\Program Files (x86)\Windows Kits\10\include\10.0.26100.0\um\winnt.h
참고: 포함 파일:           C:\Program Files (x86)\Windows Kits\10\include\10.0.26100.0\shared\kernelspecs.h
참고: 포함 파일:           C:\Program Files (x86)\Windows Kits\10\include\10.0.26100.0\shared\basetsd.h
참고: 포함 파일:           C:\Program Files (x86)\Windows Kits\10\include\10.0.26100.0\shared\guiddef.h
참고: 포함 파일:           C:\Program Files (x86)\Windows Kits\10\include\10.0.26100.0\shared\pshpack4.h
참고: 포함 파일:           C:\Program Files (x86)\Windows Kits\10\include\10.0.26100.0\shared\poppack.h
참고: 포함 파일:           C:\Program Files (x86)\Windows Kits\10\include\10.0.26100.0\shared\pshpack4.h
참고: 포함 파일:           C:\Program Files (x86)\Windows Kits\10\include\10.0.26100.0\shared\poppack.h
참고: 포함 파일:           C:\Program Files (x86)\Windows Kits\10\include\10.0.26100.0\shared\pshpack4.h
참고: 포함 파일:           C:\Program Files (x86)\Windows Kits\10\include\10.0.26100.0\shared\pshpack2.h
참고: 포함 파일:           C:\Program Files (x86)\Windows Kits\10\include\10.0.26100.0\shared\poppack.h
참고: 포함 파일:           C:\Program Files (x86)\Windows Kits\10\include\10.0.26100.0\shared\pshpack2.h
참고: 포함 파일:           C:\Program Files (x86)\Windows Kits\10\include\10.0.26100.0\shared\pshpack2.h
참고: 포함 파일:           C:\Program Files (x86)\Windows Kits\10\include\10.0.26100.0\shared\poppack.h
참고: 포함 파일:           C:\Program Files (x86)\Windows Kits\10\include\10.0.26100.0\shared\poppack.h
참고: 포함 파일:           C:\Program Files (x86)\Windows Kits\10\include\10.0.26100.0\shared\pshpack8.h
참고: 포함 파일:           C:\Program Files (x86)\Windows Kits\10\include\10.0.26100.0\shared\poppack.h
참고: 포함 파일:           C:\Program Files (x86)\Windows Kits\10\include\10.0.26100.0\shared\pshpack1.h
참고: 포함 파일:           C:\Program Files (x86)\Windows Kits\10\include\10.0.26100.0\shared\poppack.h
참고: 포함 파일:           C:\Program Files (x86)\Windows Kits\10\include\10.0.26100.0\shared\pshpack1.h
참고: 포함 파일:           C:\Program Files (x86)\Windows Kits\10\include\10.0.26100.0\shared\poppack.h
참고: 포함 파일:           C:\Program Files (x86)\Windows Kits\10\include\10.0.26100.0\shared\poppack.h
참고: 포함 파일:           C:\Program Files (x86)\Windows Kits\10\include\10.0.26100.0\shared\apiset.h
참고: 포함 파일:           C:\Program Files (x86)\Windows Kits\10\include\10.0.26100.0\shared\ktmtypes.h
참고: 포함 파일:        C:\Program Files (x86)\Windows Kits\10\include\10.0.26100.0\um\winbase.h
참고: 포함 파일:         C:\Program Files (x86)\Windows Kits\10\include\10.0.26100.0\shared\apisetcconv.h
참고: 포함 파일:         C:\Program Files (x86)\Windows Kits\10\include\10.0.26100.0\um\minwinbase.h
참고: 포함 파일:         C:\Program Files (x86)\Windows Kits\10\include\10.0.26100.0\um\apiquery2.h
참고: 포함 파일:         C:\Program Files (x86)\Windows Kits\10\include\10.0.26100.0\um\processenv.h
참고: 포함 파일:         C:\Program Files (x86)\Windows Kits\10\include\10.0.26100.0\um\fileapifromapp.h
참고: 포함 파일:          C:\Program Files (x86)\Windows Kits\10\include\10.0.26100.0\um\fileapi.h
참고: 포함 파일:         C:\Program Files (x86)\Windows Kits\10\include\10.0.26100.0\um\debugapi.h
참고: 포함 파일:         C:\Program Files (x86)\Windows Kits\10\include\10.0.26100.0\um\utilapiset.h
참고: 포함 파일:         C:\Program Files (x86)\Windows Kits\10\include\10.0.26100.0\um\handleapi.h
참고: 포함 파일:         C:\Program Files (x86)\Windows Kits\10\include\10.0.26100.0\um\errhandlingapi.h
참고: 포함 파일:         C:\Program Files (x86)\Windows Kits\10\include\10.0.26100.0\um\fibersapi.h
참고: 포함 파일:         C:\Program Files (x86)\Windows Kits\10\include\10.0.26100.0\um\namedpipeapi.h
참고: 포함 파일:         C:\Program Files (x86)\Windows Kits\10\include\10.0.26100.0\um\profileapi.h
참고: 포함 파일:         C:\Program Files (x86)\Windows Kits\10\include\10.0.26100.0\um\heapapi.h
참고: 포함 파일:         C:\Program Files (x86)\Windows Kits\10\include\10.0.26100.0\um\ioapiset.h
참고: 포함 파일:         C:\Program Files (x86)\Windows Kits\10\include\10.0.26100.0\um\synchapi.h
참고: 포함 파일:         C:\Program Files (x86)\Windows Kits\10\include\10.0.26100.0\um\interlockedapi.h
참고: 포함 파일:         C:\Program Files (x86)\Windows Kits\10\include\10.0.26100.0\um\processthreadsapi.h
참고: 포함 파일:         C:\Program Files (x86)\Windows Kits\10\include\10.0.26100.0\um\sysinfoapi.h
참고: 포함 파일:         C:\Program Files (x86)\Windows Kits\10\include\10.0.26100.0\um\memoryapi.h
참고: 포함 파일:         C:\Program Files (x86)\Windows Kits\10\include\10.0.26100.0\um\enclaveapi.h
참고: 포함 파일:         C:\Program Files (x86)\Windows Kits\10\include\10.0.26100.0\um\threadpoollegacyapiset.h
참고: 포함 파일:         C:\Program Files (x86)\Windows Kits\10\include\10.0.26100.0\um\threadpoolapiset.h
참고: 포함 파일:         C:\Program Files (x86)\Windows Kits\10\include\10.0.26100.0\um\jobapi.h
참고: 포함 파일:         C:\Program Files (x86)\Windows Kits\10\include\10.0.26100.0\um\jobapi2.h
참고: 포함 파일:         C:\Program Files (x86)\Windows Kits\10\include\10.0.26100.0\um\wow64apiset.h
참고: 포함 파일:         C:\Program Files (x86)\Windows Kits\10\include\10.0.26100.0\um\libloaderapi.h
참고: 포함 파일:         C:\Program Files (x86)\Windows Kits\10\include\10.0.26100.0\um\securitybaseapi.h
참고: 포함 파일:         C:\Program Files (x86)\Windows Kits\10\include\10.0.26100.0\um\namespaceapi.h
참고: 포함 파일:         C:\Program Files (x86)\Windows Kits\10\include\10.0.26100.0\um\systemtopologyapi.h
참고: 포함 파일:         C:\Program Files (x86)\Windows Kits\10\include\10.0.26100.0\um\processtopologyapi.h
참고: 포함 파일:         C:\Program Files (x86)\Windows Kits\10\include\10.0.26100.0\um\securityappcontainer.h
참고: 포함 파일:         C:\Program Files (x86)\Windows Kits\10\include\10.0.26100.0\um\realtimeapiset.h
참고: 포함 파일:         C:\Program Files (x86)\Windows Kits\10\include\10.0.26100.0\shared\winerror.h
참고: 포함 파일:         C:\Program Files (x86)\Windows Kits\10\include\10.0.26100.0\um\timezoneapi.h
참고: 포함 파일:        C:\Program Files (x86)\Windows Kits\10\include\10.0.26100.0\um\wingdi.h
참고: 포함 파일:         C:\Program Files (x86)\Windows Kits\10\include\10.0.26100.0\shared\pshpack1.h
참고: 포함 파일:         C:\Program Files (x86)\Windows Kits\10\include\10.0.26100.0\shared\poppack.h
참고: 포함 파일:         C:\Program Files (x86)\Windows Kits\10\include\10.0.26100.0\shared\pshpack2.h
참고: 포함 파일:         C:\Program Files (x86)\Windows Kits\10\include\10.0.26100.0\shared\poppack.h
참고: 포함 파일:         C:\Program Files (x86)\Windows Kits\10\include\10.0.26100.0\shared\pshpack2.h
참고: 포함 파일:         C:\Program Files (x86)\Windows Kits\10\include\10.0.26100.0\shared\poppack.h
참고: 포함 파일:         C:\Program Files (x86)\Windows Kits\10\include\10.0.26100.0\shared\pshpack4.h
참고: 포함 파일:         C:\Program Files (x86)\Windows Kits\10\include\10.0.26100.0\shared\poppack.h
참고: 포함 파일:         C:\Program Files (x86)\Windows Kits\10\include\10.0.26100.0\shared\pshpack4.h
참고: 포함 파일:         C:\Program Files (x86)\Windows Kits\10\include\10.0.26100.0\shared\poppack.h
참고: 포함 파일:        C:\Program Files (x86)\Windows Kits\10\include\10.0.26100.0\um\winuser.h
참고: 포함 파일:         C:\Program Files (x86)\Windows Kits\10\include\10.0.26100.0\shared\pshpack2.h
참고: 포함 파일:         C:\Program Files (x86)\Windows Kits\10\include\10.0.26100.0\shared\poppack.h
참고: 포함 파일:         C:\Program Files (x86)\Windows Kits\10\include\10.0.26100.0\shared\tvout.h
참고: 포함 파일:        C:\Program Files (x86)\Windows Kits\10\include\10.0.26100.0\um\winnls.h
참고: 포함 파일:         C:\Program Files (x86)\Windows Kits\10\include\10.0.26100.0\um\datetimeapi.h
참고: 포함 파일:         C:\Program Files (x86)\Windows Kits\10\include\10.0.26100.0\um\stringapiset.h
참고: 포함 파일:          C:\Program Files (x86)\Windows Kits\10\include\10.0.26100.0\um\winnls.h
참고: 포함 파일:        C:\Program Files (x86)\Windows Kits\10\include\10.0.26100.0\um\wincon.h
참고: 포함 파일:         C:\Program Files (x86)\Windows Kits\10\include\10.0.26100.0\um\wincontypes.h
참고: 포함 파일:         C:\Program Files (x86)\Windows Kits\10\include\10.0.26100.0\um\consoleapi.h
참고: 포함 파일:         C:\Program Files (x86)\Windows Kits\10\include\10.0.26100.0\um\consoleapi2.h
참고: 포함 파일:         C:\Program Files (x86)\Windows Kits\10\include\10.0.26100.0\um\consoleapi3.h
참고: 포함 파일:        C:\Program Files (x86)\Windows Kits\10\include\10.0.26100.0\um\winver.h
참고: 포함 파일:         C:\Program Files (x86)\Windows Kits\10\include\10.0.26100.0\um\verrsrc.h
참고: 포함 파일:        C:\Program Files (x86)\Windows Kits\10\include\10.0.26100.0\um\winreg.h
참고: 포함 파일:         C:\Program Files (x86)\Windows Kits\10\include\10.0.26100.0\um\reason.h
참고: 포함 파일:        C:\Program Files (x86)\Windows Kits\10\include\10.0.26100.0\um\winnetwk.h
참고: 포함 파일:         C:\Program Files (x86)\Windows Kits\10\include\10.0.26100.0\shared\wnnc.h
참고: 포함 파일:        C:\Program Files (x86)\Windows Kits\10\include\10.0.26100.0\shared\stralign.h
참고: 포함 파일:        C:\Program Files (x86)\Windows Kits\10\include\10.0.26100.0\um\winsvc.h
참고: 포함 파일:        C:\Program Files (x86)\Windows Kits\10\include\10.0.26100.0\um\mcx.h
참고: 포함 파일:        C:\Program Files (x86)\Windows Kits\10\include\10.0.26100.0\um\imm.h
참고: 포함 파일:         C:\Program Files (x86)\Windows Kits\10\include\10.0.26100.0\um\ime_cmodes.h
참고: 포함 파일:       C:\Users\USER\UnravelNext-refl\External\.cache\microsoft.direct3d.d3d12.1.618.5\build\native\include\d3d12.h
참고: 포함 파일:        C:\Program Files (x86)\Windows Kits\10\include\10.0.26100.0\shared\rpc.h
참고: 포함 파일:         C:\Program Files (x86)\Windows Kits\10\include\10.0.26100.0\shared\pshpack8.h
참고: 포함 파일:         C:\Program Files (x86)\Windows Kits\10\include\10.0.26100.0\shared\rpcdce.h
참고: 포함 파일:          C:\Program Files (x86)\Windows Kits\10\include\10.0.26100.0\shared\rpcdcep.h
참고: 포함 파일:         C:\Program Files (x86)\Windows Kits\10\include\10.0.26100.0\um\rpcnsi.h
참고: 포함 파일:         C:\Program Files (x86)\Windows Kits\10\include\10.0.26100.0\shared\rpcnterr.h
참고: 포함 파일:         C:\Program Files (x86)\Windows Kits\10\include\10.0.26100.0\shared\rpcasync.h
참고: 포함 파일:          C:\Program Files (x86)\Windows Kits\10\include\10.0.26100.0\shared\pshpack8.h
참고: 포함 파일:          C:\Program Files (x86)\Windows Kits\10\include\10.0.26100.0\shared\poppack.h
참고: 포함 파일:         C:\Program Files (x86)\Windows Kits\10\include\10.0.26100.0\shared\poppack.h
참고: 포함 파일:        C:\Program Files (x86)\Windows Kits\10\include\10.0.26100.0\shared\rpcndr.h
참고: 포함 파일:         C:\Program Files (x86)\Windows Kits\10\include\10.0.26100.0\shared\pshpack8.h
참고: 포함 파일:         C:\Program Files (x86)\Windows Kits\10\include\10.0.26100.0\um\rpcnsip.h
참고: 포함 파일:         C:\Program Files (x86)\Windows Kits\10\include\10.0.26100.0\shared\rpcsal.h
참고: 포함 파일:         C:\Program Files (x86)\Windows Kits\10\include\10.0.26100.0\shared\poppack.h
참고: 포함 파일:        C:\Program Files (x86)\Windows Kits\10\include\10.0.26100.0\um\ole2.h
참고: 포함 파일:         C:\Program Files (x86)\Windows Kits\10\include\10.0.26100.0\shared\pshpack8.h
참고: 포함 파일:         C:\Program Files (x86)\Windows Kits\10\include\10.0.26100.0\um\objbase.h
참고: 포함 파일:          C:\Program Files (x86)\Windows Kits\10\include\10.0.26100.0\shared\pshpack8.h
참고: 포함 파일:          C:\Program Files (x86)\Windows Kits\10\include\10.0.26100.0\um\combaseapi.h
참고: 포함 파일:           C:\Program Files (x86)\Windows Kits\10\include\10.0.26100.0\shared\pshpack8.h
참고: 포함 파일:           C:\Program Files (x86)\Windows Kits\10\include\10.0.26100.0\shared\wtypesbase.h
참고: 포함 파일:            C:\Program Files (x86)\Windows Kits\10\include\10.0.26100.0\shared\guiddef.h
참고: 포함 파일:           C:\Program Files (x86)\Windows Kits\10\include\10.0.26100.0\um\unknwnbase.h
참고: 포함 파일:           C:\Program Files (x86)\Windows Kits\10\include\10.0.26100.0\um\objidlbase.h
참고: 포함 파일:           C:\Program Files (x86)\Windows Kits\10\include\10.0.26100.0\shared\guiddef.h
참고: 포함 파일:           C:\Program Files (x86)\Windows Kits\10\include\10.0.26100.0\um\cguid.h
참고: 포함 파일:           C:\Program Files (x86)\Windows Kits\10\include\10.0.26100.0\shared\poppack.h
참고: 포함 파일:          C:\Program Files (x86)\Windows Kits\10\include\10.0.26100.0\um\coml2api.h
참고: 포함 파일:           C:\Program Files (x86)\Windows Kits\10\include\10.0.26100.0\um\objidl.h
참고: 포함 파일:            C:\Program Files (x86)\Windows Kits\10\include\10.0.26100.0\um\unknwn.h
참고: 포함 파일:             C:\Program Files (x86)\Windows Kits\10\include\10.0.26100.0\shared\wtypes.h
참고: 포함 파일:           C:\Program Files (x86)\Windows Kits\10\include\10.0.26100.0\um\propidlbase.h
참고: 포함 파일:            C:\Program Files (x86)\Windows Kits\10\include\10.0.26100.0\um\oaidl.h
참고: 포함 파일:          C:\Program Files (x86)\Windows Kits\10\include\10.0.26100.0\um\urlmon.h
참고: 포함 파일:           C:\Program Files (x86)\Windows Kits\10\include\10.0.26100.0\um\oleidl.h
참고: 포함 파일:           C:\Program Files (x86)\Windows Kits\10\include\10.0.26100.0\um\servprov.h
참고: 포함 파일:           C:\Program Files (x86)\Windows Kits\10\include\10.0.26100.0\um\msxml.h
참고: 포함 파일:          C:\Program Files (x86)\Windows Kits\10\include\10.0.26100.0\um\propidl.h
참고: 포함 파일:          C:\Program Files (x86)\Windows Kits\10\include\10.0.26100.0\shared\poppack.h
참고: 포함 파일:         C:\Program Files (x86)\Windows Kits\10\include\10.0.26100.0\um\oleauto.h
참고: 포함 파일:          C:\Program Files (x86)\Windows Kits\10\include\10.0.26100.0\shared\pshpack8.h
참고: 포함 파일:          C:\Program Files (x86)\Windows Kits\10\include\10.0.26100.0\shared\poppack.h
참고: 포함 파일:         C:\Program Files (x86)\Windows Kits\10\include\10.0.26100.0\shared\poppack.h
참고: 포함 파일:        C:\Program Files (x86)\Windows Kits\10\include\10.0.26100.0\um\ocidl.h
참고: 포함 파일:        C:\Program Files (x86)\Windows Kits\10\include\10.0.26100.0\shared\dxgicommon.h
참고: 포함 파일:        C:\Users\USER\UnravelNext-refl\External\.cache\microsoft.direct3d.d3d12.1.618.5\build\native\include\dxgiformat.h
참고: 포함 파일:        C:\Users\USER\UnravelNext-refl\External\.cache\microsoft.direct3d.d3d12.1.618.5\build\native\include\d3dcommon.h
참고: 포함 파일:        C:\Users\USER\UnravelNext-refl\External\.cache\microsoft.direct3d.d3d12.1.618.5\build\native\include\d3d12sdklayers.h
참고: 포함 파일:       C:\Program Files (x86)\Windows Kits\10\include\10.0.26100.0\shared\dxgi1_6.h
참고: 포함 파일:        C:\Program Files (x86)\Windows Kits\10\include\10.0.26100.0\shared\dxgi1_5.h
참고: 포함 파일:         C:\Program Files (x86)\Windows Kits\10\include\10.0.26100.0\shared\dxgi1_4.h
참고: 포함 파일:          C:\Program Files (x86)\Windows Kits\10\include\10.0.26100.0\shared\dxgi1_3.h
참고: 포함 파일:           C:\Program Files (x86)\Windows Kits\10\include\10.0.26100.0\shared\dxgi1_2.h
참고: 포함 파일:            C:\Program Files (x86)\Windows Kits\10\include\10.0.26100.0\shared\dxgi.h
참고: 포함 파일:             C:\Program Files (x86)\Windows Kits\10\include\10.0.26100.0\shared\dxgitype.h
참고: 포함 파일:              C:\Program Files (x86)\Windows Kits\10\include\10.0.26100.0\shared\dxgiformat.h
참고: 포함 파일:       C:\Program Files (x86)\Windows Kits\10\include\10.0.26100.0\winrt\wrl/client.h
참고: 포함 파일:        C:\Program Files (x86)\Windows Kits\10\include\10.0.26100.0\winrt\weakreference.h
참고: 포함 파일:         C:\Program Files (x86)\Windows Kits\10\include\10.0.26100.0\winrt\inspectable.h
참고: 포함 파일:          C:\Program Files (x86)\Windows Kits\10\include\10.0.26100.0\winrt\hstring.h
참고: 포함 파일:        C:\Program Files (x86)\Windows Kits\10\include\10.0.26100.0\winrt\roapi.h
참고: 포함 파일:         C:\Program Files (x86)\Windows Kits\10\include\10.0.26100.0\winrt\activation.h
참고: 포함 파일:        C:\Program Files (x86)\Windows Kits\10\include\10.0.26100.0\winrt\wrl\def.h
참고: 포함 파일:        C:\Program Files (x86)\Windows Kits\10\include\10.0.26100.0\winrt\wrl\internal.h
참고: 포함 파일:        C:\Program Files (x86)\Windows Kits\10\include\10.0.26100.0\shared\pshpack8.h
참고: 포함 파일:        C:\Program Files (x86)\Windows Kits\10\include\10.0.26100.0\shared\poppack.h
참고: 포함 파일:       C:\Users\USER\UnravelNext-refl\Native\Core\include\unx/core/Log.h
참고: 포함 파일:        C:\Program Files\Microsoft Visual Studio\18\Community\VC\Tools\MSVC\14.51.36231\include\cstdarg
참고: 포함 파일:     C:\Users\USER\UnravelNext-refl\Native\Scene\include\unx/scene/SceneData.h
참고: 포함 파일:    C:\Users\USER\UnravelNext-refl\Native\Render\include\unx/render/Device.h
참고: 포함 파일:     C:\Users\USER\UnravelNext-refl\Native\Render\include\unx/render/Descriptors.h
참고: 포함 파일:     C:\Program Files\Microsoft Visual Studio\18\Community\VC\Tools\MSVC\14.51.36231\include\array
참고: 포함 파일:     C:\Program Files\Microsoft Visual Studio\18\Community\VC\Tools\MSVC\14.51.36231\include\deque
참고: 포함 파일:     C:\Program Files\Microsoft Visual Studio\18\Community\VC\Tools\MSVC\14.51.36231\include\functional
참고: 포함 파일:      C:\Program Files\Microsoft Visual Studio\18\Community\VC\Tools\MSVC\14.51.36231\include\unordered_map
참고: 포함 파일:       C:\Program Files\Microsoft Visual Studio\18\Community\VC\Tools\MSVC\14.51.36231\include\xhash
참고: 포함 파일:        C:\Program Files\Microsoft Visual Studio\18\Community\VC\Tools\MSVC\14.51.36231\include\list
참고: 포함 파일:    C:\Users\USER\UnravelNext-refl\Native\Render\include\unx/render/FrameContext.h
참고: 포함 파일:     C:\Users\USER\UnravelNext-refl\Native\Render\include\unx/render/ViewDesc.h
참고: 포함 파일:      C:\Users\USER\UnravelNext-refl\Native\Render\include\unx/render/ViewKind.h
참고: 포함 파일:    C:\Users\USER\UnravelNext-refl\Native\Render\include\unx/render/FrameResources.h
참고: 포함 파일:    C:\Users\USER\UnravelNext-refl\Native\Render\include\unx/render/GpuSceneLayout.h
참고: 포함 파일:    C:\Users\USER\UnravelNext-refl\Native\Render\include\unx/render/RenderGraph.h
참고: 포함 파일:    C:\Users\USER\UnravelNext-refl\Native\Render\include\unx/render/Shaders.h
참고: 포함 파일:   C:\Users\USER\UnravelNext-refl\Native\Render\RayTracing\include\unx/rt/RayScene.h
참고: 포함 파일:    C:\Users\USER\UnravelNext-refl\Native\Render\include\unx/render/GpuScene.h
참고: 포함 파일:     C:\Program Files\Microsoft Visual Studio\18\Community\VC\Tools\MSVC\14.51.36231\include\span
참고: 포함 파일:    C:\Users\USER\UnravelNext-refl\Native\Render\RayTracing\include\unx/rt/ProxyPoseBound.h
참고: 포함 파일: C:\Users\USER\UnravelNext-refl\Native\Render\RayTracing\include\unx/rt/RayPipeline.h
[118/353] Generating CXX dyndep file Native\Render\CMakeFiles\unx_test_water_oceantests.dir\CXX.dd
[119/352] Generating CXX dyndep file Native\Render\CMakeFiles\unx_test_water_pooltests.dir\CXX.dd
[120/351] Generating CXX dyndep file Native\Render\CMakeFiles\unx_test_water_rippletests.dir\CXX.dd
[121/350] Generating CXX dyndep file Native\Render\CMakeFiles\unx_test_water_viewgridbench.dir\CXX.dd
[122/349] Generating CXX dyndep file Native\Render\CMakeFiles\unx_module_reflection.dir\CXX.dd
[123/348] Generating CXX dyndep file Native\Render\CMakeFiles\unx_test_water_viewgridtests.dir\CXX.dd
[124/347] Generating CXX dyndep file Native\Render\CMakeFiles\unx_test_water_waterlighttests.dir\CXX.dd
[125/346] Generating CXX dyndep file Native\Render\CMakeFiles\unx_test_water_waterreferencetests.dir\CXX.dd
[126/345] Generating CXX dyndep file Native\Render\CMakeFiles\unx_test_water_watershadingtests.dir\CXX.dd
[127/344] Generating CXX dyndep file Native\Render\CMakeFiles\unx_test_water_watersurfacetests.dir\CXX.dd
[128/343] Generating CXX dyndep file Native\Render\CMakeFiles\unx_test_water_watertracktests.dir\CXX.dd
[129/342] Generating CXX dyndep file Native\Render\CMakeFiles\unx_gate_water_causticbench.dir\CXX.dd
[130/341] Generating CXX dyndep file Native\Render\CMakeFiles\unx_gate_water_watergate.dir\CXX.dd
[131/340] Generating CXX dyndep file Native\Render\CMakeFiles\unx_test_raytracing_decalhits.dir\CXX.dd
[132/339] Generating CXX dyndep file Native\Render\CMakeFiles\unx_test_raytracing_fxlighthits.dir\CXX.dd
[133/338] Generating CXX dyndep file Native\Render\CMakeFiles\unx_test_raytracing_lightfunctionhits.dir\CXX.dd
[134/337] Generating CXX dyndep file Native\Render\CMakeFiles\unx_test_raytracing_proxyposebound.dir\CXX.dd
[135/336] Generating CXX dyndep file Native\Render\CMakeFiles\unx_test_raytracing_rayscene.dir\CXX.dd
[136/335] Generating CXX dyndep file Native\Render\CMakeFiles\unx_gate_raytracing_tlasbench.dir\CXX.dd
[137/334] Generating CXX dyndep file Tools\ClusterBuilder\CMakeFiles\unx_test_clusterbuilder.dir\CXX.dd
[138/333] Generating CXX dyndep file Tools\Cook\CMakeFiles\unx_test_cook.dir\CXX.dd
[139/332] Generating CXX dyndep file Reference\CMakeFiles\unx_test_reference_dof.dir\CXX.dd
[140/331] Generating CXX dyndep file Native\Host\CMakeFiles\unx_host.dir\CXX.dd
[141/329] Generating CXX dyndep file Native\Host\CMakeFiles\unx_test_host_gpubridgetests.dir\CXX.dd
[142/328] Generating CXX dyndep file Native\Host\CMakeFiles\unx_test_host_hostabi.dir\CXX.dd
[143/327] Generating CXX dyndep file Native\Host\CMakeFiles\unx_test_host_hostbodies.dir\CXX.dd
[144/326] Generating CXX dyndep file Native\Host\CMakeFiles\unx_test_host_hostcapture.dir\CXX.dd
[145/325] Generating CXX dyndep file Native\Host\CMakeFiles\unx_test_host_hostdecal.dir\CXX.dd
[146/324] Generating CXX dyndep file Native\Host\CMakeFiles\unx_test_host_hostdeviceremoved.dir\CXX.dd
[147/323] Generating CXX dyndep file Native\Host\CMakeFiles\unx_test_host_hostexposure.dir\CXX.dd
[148/322] Generating CXX dyndep file Native\Host\CMakeFiles\unx_test_host_hostfluids.dir\CXX.dd
[149/321] Generating CXX dyndep file Native\Host\CMakeFiles\unx_test_host_hostframeflags.dir\CXX.dd
[150/320] Generating CXX dyndep file Native\Host\CMakeFiles\unx_test_host_hostgpubridge.dir\CXX.dd
[151/319] Generating CXX dyndep file Native\Host\CMakeFiles\unx_test_host_hosthair.dir\CXX.dd
[152/318] Generating CXX dyndep file Native\Host\CMakeFiles\unx_test_host_hostlightfunction.dir\CXX.dd
[153/317] Generating CXX dyndep file Native\Host\CMakeFiles\unx_test_host_hostmotion.dir\CXX.dd
[154/316] Generating CXX dyndep file Native\Host\CMakeFiles\unx_test_host_hostocean.dir\CXX.dd
[155/315] Generating CXX dyndep file Native\Host\CMakeFiles\unx_test_host_hostparticlelight.dir\CXX.dd
[156/314] Generating CXX dyndep file Native\Host\CMakeFiles\unx_test_host_hostphoto.dir\CXX.dd
[157/313] Generating CXX dyndep file Native\Host\CMakeFiles\unx_test_host_hostpools.dir\CXX.dd
[158/312] Generating CXX dyndep file Native\Host\CMakeFiles\unx_test_host_hostpost.dir\CXX.dd
[159/311] Generating CXX dyndep file Native\Host\CMakeFiles\unx_test_host_hostresize.dir\CXX.dd
[160/310] Generating CXX dyndep file Native\Host\CMakeFiles\unx_test_host_hostruntime.dir\CXX.dd
[161/309] Generating CXX dyndep file Native\Host\CMakeFiles\unx_test_host_hostsceneedits.dir\CXX.dd
[162/308] Generating CXX dyndep file Native\Host\CMakeFiles\unx_test_host_hostsurface.dir\CXX.dd
[163/307] Generating CXX dyndep file Native\Host\CMakeFiles\unx_test_host_hostsurfacelayers.dir\CXX.dd
[164/306] Generating CXX dyndep file Native\Host\CMakeFiles\unx_test_host_hostswitch.dir\CXX.dd
[165/305] Generating CXX dyndep file Native\Host\CMakeFiles\unx_test_host_hostterrain.dir\CXX.dd
[166/304] Generating CXX dyndep file Native\Host\CMakeFiles\unx_test_host_hostvfx.dir\CXX.dd
[167/303] Generating CXX dyndep file Native\Host\CMakeFiles\unx_test_host_hostviewmodel.dir\CXX.dd
[168/302] Generating CXX dyndep file Native\Host\CMakeFiles\unx_gate_host_hostboundary.dir\CXX.dd
[169/301] Generating CXX dyndep file Native\Host\CMakeFiles\unx_gate_host_hostdynamic.dir\CXX.dd
[170/300] Generating CXX dyndep file Native\Host\CMakeFiles\unx_gate_host_hostscene.dir\CXX.dd
[171/299] Generating CXX dyndep file Tests\CMakeFiles\unx_unit_tests.dir\CXX.dd
[172/297] Generating CXX dyndep file Tests\CMakeFiles\unx_gate_empty_frame.dir\CXX.dd
[173/294] Linking CXX executable bin\unx_test_cook.exe
[174/294] Linking CXX executable bin\unx_test_clusterbuilder.exe
[175/294] Linking CXX executable bin\unx_reference.exe
[176/294] Linking CXX executable bin\unx_test_reference.exe
[177/294] Linking CXX executable bin\unx_test_reference_photo.exe
[178/294] Building CXX object Native\Render\CMakeFiles\unx_module_reflection.dir\Passes\Reflection\ReflectionSystem.cpp.obj
[179/294] Linking CXX static library lib\unx_module_reflection.lib
[180/294] Linking CXX executable bin\unx_test_atmosphere_cloudmsfit.exe
[181/294] Linking CXX executable bin\unx_test_atmosphere_cloudmodeltests.exe
[182/294] Linking CXX executable bin\unx_test_atmosphere_celestialtests.exe
[183/294] Linking CXX executable bin\unx_test_atmosphere_atmospheretests.exe
[184/294] Linking CXX executable bin\unx_test_atmosphere_nightskytests.exe
[185/294] Linking CXX executable bin\unx_test_atmosphere_cloudtests.exe
[186/294] Linking CXX executable bin\unx_test_atmosphere_rainshadowtests.exe
[187/294] Linking CXX executable bin\unx_test_atmosphere_windfieldtests.exe
[188/294] Linking CXX executable bin\unx_test_atmosphere_windcachetests.exe
[189/294] Linking CXX executable bin\unx_gate_atmosphere_skyorders.exe
[190/294] Linking CXX executable bin\unx_test_debug_debugtests.exe
[191/294] Linking CXX executable bin\unx_gate_debug_egate.exe
[192/294] Linking CXX executable bin\unx_test_decal_decaltests.exe
[193/294] Linking CXX executable bin\unx_test_decal_surfacetests.exe
[194/294] Linking CXX executable bin\unx_test_fx_fxlighttests.exe
[195/294] Linking CXX executable bin\unx_test_fx_meshparticletests.exe
[196/294] Linking CXX executable bin\unx_test_fx_particlelayertests.exe
[197/294] Linking CXX executable bin\unx_test_fx_particletests.exe
[198/294] Linking CXX executable bin\unx_test_gi_admission.exe
[199/294] Linking CXX executable bin\unx_gate_fx_particlegate.exe
[200/294] Linking CXX executable bin\unx_test_gi_probemapsatlas.exe
[201/294] Linking CXX executable bin\unx_test_gi_gianalytic.exe
[202/294] Linking CXX executable bin\unx_gate_gi_proxylevels.exe
[203/294] Linking CXX executable bin\unx_test_hair_hairtests.exe
[204/294] Linking CXX executable bin\unx_gate_gi_gigate.exe
[205/294] Linking CXX executable bin\unx_test_lights_lightfunctiontests.exe
[206/294] Linking CXX executable bin\unx_test_material_anisotests.exe
[207/294] Linking CXX executable bin\unx_test_material_materialtests.exe
[208/294] Linking CXX executable bin\unx_test_reflection_planarmirror.exe
[209/294] Linking CXX executable bin\unx_test_reflection_reflectionanalytic.exe
[210/294] Linking CXX executable bin\unx_test_shading_areaquad.exe
[211/294] Linking CXX executable bin\unx_test_shading_ltcfit.exe
[212/294] Linking CXX executable bin\unx_test_shading_posttests.exe
[213/294] Linking CXX executable bin\unx_test_shading_shadingtests.exe
[214/294] Linking CXX executable bin\unx_gate_shading_mgate.exe
[215/294] Linking CXX executable bin\unx_test_shadow_froxeltests.exe
[216/294] Linking CXX executable bin\unx_test_shadow_localshadowtests.exe
[217/294] Linking CXX executable bin\unx_test_shadow_vsmtests.exe
[218/294] Linking CXX executable bin\unx_gate_shadow_renderergate.exe
[219/294] Linking CXX executable bin\unx_gate_shadow_shadowgate.exe
[220/294] Linking CXX executable bin\unx_test_streaming_streamingtests.exe
[221/294] Linking CXX executable bin\unx_gate_streaming_streaminggate.exe
[222/294] Linking CXX executable bin\unx_test_viewmodel_viewmodeltests.exe
[223/294] Linking CXX executable bin\unx_test_visibility_auxviewtests.exe
[224/294] Linking CXX executable bin\unx_test_visibility_fragmenttests.exe
[225/294] Linking CXX executable bin\unx_test_visibility_haircoveragetests.exe
[226/294] Linking CXX executable bin\unx_test_visibility_instancehierarchytests.exe
[227/294] Linking CXX executable bin\unx_test_visibility_morphtests.exe
[228/294] Linking CXX executable bin\unx_test_visibility_oceanlayertests.exe
[229/294] Linking CXX executable bin\unx_test_visibility_originrebasetests.exe
[230/294] Linking CXX executable bin\unx_test_visibility_runtimepooltests.exe
[231/294] Linking CXX executable bin\unx_test_visibility_streamcoveragetests.exe
[232/294] Linking CXX executable bin\unx_test_visibility_translucenttests.exe
[233/294] Linking CXX executable bin\unx_test_visibility_visibilitytests.exe
[234/294] Linking CXX executable bin\unx_test_visibility_wateredgetests.exe
[235/294] Linking CXX executable bin\unx_test_visibility_waterlayertests.exe
[236/294] Linking CXX executable bin\unx_gate_visibility_streamgate.exe
[237/294] Linking CXX executable bin\unx_gate_visibility_visibilitygate.exe
[238/294] Linking CXX executable bin\unx_test_volume_volumetests.exe
[239/294] Linking CXX executable bin\unx_test_water_fluidsurfacetests.exe
[240/294] Linking CXX executable bin\unx_test_water_foamtests.exe
[241/294] Linking CXX executable bin\unx_test_water_oceanheighttests.exe
[242/294] Linking CXX executable bin\unx_test_water_rippletests.exe
[243/294] Linking CXX executable bin\unx_test_water_oceantests.exe
[244/294] Linking CXX executable bin\unx_test_water_pooltests.exe
[245/294] Linking CXX executable bin\unx_test_water_viewgridbench.exe
[246/294] Linking CXX executable bin\unx_test_water_viewgridtests.exe
[247/294] Linking CXX executable bin\unx_test_water_waterlighttests.exe
[248/294] Linking CXX executable bin\unx_test_water_watershadingtests.exe
[249/294] Linking CXX executable bin\unx_test_water_waterreferencetests.exe
[250/294] Linking CXX executable bin\unx_gate_water_causticbench.exe
[251/294] Linking CXX executable bin\unx_test_water_watersurfacetests.exe
[252/294] Linking CXX executable bin\unx_test_water_watertracktests.exe
[253/294] Linking CXX executable bin\unx_gate_water_watergate.exe
[254/294] Linking CXX executable bin\unx_test_raytracing_decalhits.exe
[255/294] Linking CXX executable bin\unx_test_raytracing_fxlighthits.exe
[256/294] Linking CXX executable bin\unx_test_raytracing_lightfunctionhits.exe
[257/294] Linking CXX executable bin\unx_test_raytracing_proxyposebound.exe
[258/294] Linking CXX executable bin\unx_gate_raytracing_tlasbench.exe
[259/294] Linking CXX executable bin\unx_test_raytracing_rayscene.exe
[260/294] Linking CXX executable bin\unx_test_host_gpubridgetests.exe
[261/294] Linking CXX shared library bin\UnravelNext.dll
[262/294] Linking CXX executable bin\unx_test_reference_dof.exe
[263/294] Linking CXX executable bin\unx_test_host_hostbodies.exe
[264/294] Linking CXX executable bin\unx_test_host_hostabi.exe
[265/294] Linking CXX executable bin\unx_test_host_hostcapture.exe
[266/294] Linking CXX executable bin\unx_test_host_hostdecal.exe
[267/294] Linking CXX executable bin\unx_test_host_hostdeviceremoved.exe
[268/294] Linking CXX executable bin\unx_test_host_hostexposure.exe
[269/294] Linking CXX executable bin\unx_test_host_hostframeflags.exe
[270/294] Linking CXX executable bin\unx_test_host_hostfluids.exe
[271/294] Linking CXX executable bin\unx_test_host_hostgpubridge.exe
[272/294] Linking CXX executable bin\unx_test_host_hosthair.exe
[273/294] Linking CXX executable bin\unx_test_host_hostlightfunction.exe
[274/294] Linking CXX executable bin\unx_test_host_hostmotion.exe
[275/294] Linking CXX executable bin\unx_test_host_hostocean.exe
[276/294] Linking CXX executable bin\unx_test_host_hostparticlelight.exe
[277/294] Linking CXX executable bin\unx_test_host_hostphoto.exe
[278/294] Linking CXX executable bin\unx_test_host_hostpools.exe
[279/294] Linking CXX executable bin\unx_test_host_hostpost.exe
[280/294] Linking CXX executable bin\unx_test_host_hostresize.exe
[281/294] Linking CXX executable bin\unx_test_host_hostruntime.exe
[282/294] Linking CXX executable bin\unx_test_host_hostsceneedits.exe
[283/294] Linking CXX executable bin\unx_test_host_hostsurface.exe
[284/294] Linking CXX executable bin\unx_test_host_hostsurfacelayers.exe
[285/294] Linking CXX executable bin\unx_test_host_hostswitch.exe
[286/294] Linking CXX executable bin\unx_test_host_hostterrain.exe
[287/294] Linking CXX executable bin\unx_gate_host_hostboundary.exe
[288/294] Linking CXX executable bin\unx_test_host_hostvfx.exe
[289/294] Linking CXX executable bin\unx_gate_host_hostdynamic.exe
[290/294] Linking CXX executable bin\unx_test_host_hostviewmodel.exe
[291/294] Linking CXX executable bin\unx_gate_empty_frame.exe
[292/294] Linking CXX executable bin\unx_gate_host_hostscene.exe
[293/294] Linking CXX executable bin\unx_unit_tests.exe
build ok in 33.2 s -> C:\Users\USER\UnravelNext-refl\build\all (tracks: core;all)
