scene debris (scale 1.00): 1001 meshes, 1001 instances, 108768 instanced triangles, 3128 clusters; generated in 5 ms, clusters built in 44 ms
RayScene: 1 static + 1000 dynamic instances (0 deformed), 1001 mesh BLAS (108768 tris, 4.2 MB compacted from 9.3 MB), deformed 0 tris / 0 verts (0 above proxy budget), TLAS static 0.0 MB dynamic 0.29 MB, load 26 ms (records and mesh BLAS 21.6, proxies 0.1, deformed setup 1.3, static TLAS and records 2.2, first dynamic build 1.2)
RayScene resident (MB): static BLAS+TLAS 4.4 (BLAS 4.4, TLAS 0.00, descs+scratch 0.00), dynamic AS 0.5 (deformed BLAS 0.0, scratch 0.0, TLAS+scratch+descs 0.48, emitters 0.000), deformed vertices 0.0, records 0.0 (instances, geometries, proxy indices, vertex map, deform jobs)
V: instance hierarchy: 1 static instances in 1 chunks (64 m cells, <= 256 each), 1000 flat instances, 0 skinned (0 joint spheres)
GI cache: 200000 entries, 524288 table slots, 202.0 MB (texels 97.7 MB), finest cell 0.062 m, cell 0.50 deg, 500000 rays = 7812 hemisphere updates per frame
R reflections: 0 planar reflector planes from 0 flat mirror triangles (0 smooth-shaded mirror triangles stay on rays), 0.0 ms
[V debris static 4K] gpu frame median 13.4471 ms, p95 13.6191, p99 13.7288 (n=240) | cpu frame median 0.7727 ms (record 0.4129, submit 0.0831) | SM clock median 2805 MHz (min 2805) | passes 111, barriers 596 in 105 batches, cross-queue syncs 0, command lists 1, transients 58 (846.1 MB aliased / 1270.2 MB unaliased) | quality c0415779ebc267a4
[V debris static 4K] outside passes: graphics 1 lists, head 0.0000, tail 0.0000, gap 0.0000 ms (medians)
V debris 4K: cull 0.119 ms (design 0.000 on 740 instances, 2339 clusters tested) | HiZ 0.057 ms (design 0.020) | band A raster 0.052 ms (design 0.001 on 1540 clusters, 1516 triangles) | total V 0.228 ms of frame 13.447 ms | raster service for other tracks' views 0.988 ms
  raster passes (17): s.vsm.raster.raster 0.528, s.vsm.raster.clusters.p1 0.386, v.cull.raster.p1 0.049, s.vsm.raster.instances.p1 0.012, s.vsm.raster.nodes.p1.0 0.010, s.vsm.raster.nodes.p1.1 0.009, s.vsm.raster.instances.chunks.p1 0.009, s.vsm.raster.chunks.p1 0.008
  visible clusters by band A/B/C 50/1490/0 (of B: 0 mixed sheet clusters split per triangle, 0 triangles)
  nodes tested 1742, triangles by band A/B/C 1516/77468/0, deferred 123/5/31, overflow 0x0 (stats of frame 263)
RayScene: 1 static + 1000 dynamic instances (0 deformed), 1001 mesh BLAS (108768 tris, 4.2 MB compacted from 9.3 MB), deformed 0 tris / 0 verts (0 above proxy budget), TLAS static 0.0 MB dynamic 0.29 MB, load 13 ms (records and mesh BLAS 9.2, proxies 0.1, deformed setup 1.0, static TLAS and records 1.5, first dynamic build 1.1)
RayScene resident (MB): static BLAS+TLAS 4.4 (BLAS 4.4, TLAS 0.00, descs+scratch 0.00), dynamic AS 0.5 (deformed BLAS 0.0, scratch 0.0, TLAS+scratch+descs 0.48, emitters 0.000), deformed vertices 0.0, records 0.0 (instances, geometries, proxy indices, vertex map, deform jobs)
V: instance hierarchy: 1 static instances in 1 chunks (64 m cells, <= 256 each), 1000 flat instances, 0 skinned (0 joint spheres)
GI cache: 200000 entries, 524288 table slots, 202.0 MB (texels 97.7 MB), finest cell 0.062 m, cell 0.50 deg, 500000 rays = 7812 hemisphere updates per frame
R reflections: 0 planar reflector planes from 0 flat mirror triangles (0 smooth-shaded mirror triangles stay on rays), 0.0 ms
[V debris static 1440p] gpu frame median 7.3169 ms, p95 7.6206, p99 7.7065 (n=240) | cpu frame median 0.7474 ms (record 0.4027, submit 0.0803) | SM clock median 2805 MHz (min 2805) | passes 111, barriers 597 in 105 batches, cross-queue syncs 0, command lists 1, transients 58 (405.1 MB aliased / 724.8 MB unaliased) | quality c0415779ebc267a4
[V debris static 1440p] outside passes: graphics 1 lists, head 0.0000, tail 0.0000, gap 0.0000 ms (medians)
V debris 1440p: cull 0.121 ms (design 0.000 on 740 instances, 2306 clusters tested) | HiZ 0.033 ms (design 0.020) | band A raster 0.034 ms (design 0.001 on 1524 clusters, 1462 triangles) | total V 0.187 ms of frame 7.317 ms | raster service for other tracks' views 0.711 ms
  raster passes (17): s.vsm.raster.raster 0.361, s.vsm.raster.clusters.p1 0.280, v.cull.raster.p1 0.031, s.vsm.raster.instances.p1 0.011, s.vsm.raster.nodes.p1.0 0.009, s.vsm.raster.instances.chunks.p1 0.009, s.vsm.raster.nodes.p1.1 0.008, s.vsm.raster.chunks.p1 0.008
  visible clusters by band A/B/C 49/1475/0 (of B: 0 mixed sheet clusters split per triangle, 0 triangles)
  nodes tested 1750, triangles by band A/B/C 1462/76696/0, deferred 123/13/28, overflow 0x0 (stats of frame 392)
