waiting for the GPU measurement lock; held by: {"track":"A","kind":"correctness","pid":56156,"started":"2026-09-27T05:30:11","timeoutMinutes":45,"command":"C:\\Users\\USER\\UnravelNext-gate\\build\\all\\bin\\unx_test_shading_shadingtests.exe --log C:\\Users\\USER\\UnravelNext\\Results\\M\\shading_full_deploy_live.log"}
RayScene: 34 static + 1025 dynamic instances (0 deformed), 36 mesh BLAS (9366 tris, 0.2 MB compacted from 0.7 MB), deformed 0 tris / 0 verts (0 above proxy budget), TLAS static 0.0 MB dynamic 0.31 MB, load 15 ms (records and mesh BLAS 5.8, proxies 0.1, deformed setup 1.9, static TLAS and records 4.7, first dynamic build 2.7)
RayScene resident (MB): static BLAS+TLAS 0.3 (BLAS 0.2, TLAS 0.01, descs+scratch 0.01), dynamic AS 0.5 (deformed BLAS 0.0, scratch 0.0, TLAS+scratch+descs 0.52, emitters 0.001), deformed vertices 0.0, records 0.0 (instances, geometries, proxy indices, vertex map, deform jobs)
V: instance hierarchy: 34 static instances in 6 chunks (64 m cells, <= 256 each), 1024 flat instances, 0 skinned (0 joint spheres)
GI cache: 200000 entries, 524288 table slots, 202.0 MB (texels 97.7 MB), finest cell 0.062 m, cell 0.50 deg, 500000 rays = 7812 hemisphere updates per frame
R reflections: 1 planar reflector planes from 2 flat mirror triangles (3968 smooth-shaded mirror triangles stay on rays), 0.1 ms
S VSM: 8917 page requests exceeded the 6656-page atlas (frame 1): the atlas grows to 19584 pages
S shadow overflow: frame 1 needed 16588800 words (127552 tiles over capacity): capacity grows to 33554432 words
[W interior basin 4K] gpu frame median 42.9855 ms, p95 43.8906, p99 47.5811 (n=300) | cpu frame median 1.2637 ms (record 0.7349, submit 0.0836) | SM clock median 2805 MHz (min 2805) | passes 260, barriers 1209 in 253 batches, cross-queue syncs 0, command lists 1, transients 104 (1710.2 MB aliased / 2600.2 MB unaliased) | quality 3c14221cb135a898
[W interior basin 4K] outside passes: graphics 1 lists, head 0.0000, tail 0.0000, gap 0.0000 ms (medians)
W interior 4K: water samples 506640 (6.1 % of the view; fallbacks 183631), jobs 506640 reflection + 183631 refraction, traced 690271, overflow 0; 16 bands, 0 record rounds
W interior 4K: surface passes 3.524 ms (of which list clear/args/apply 0.087) | R ray passes (names with 'refract') 2.271 ms | pool stream 0.081 ms | frame 42.985 ms [measured, median of 300]
  pool evolve                              0.0103 ms
  pool inverse rows                        0.0125 ms
  pool inverse columns                     0.0122 ms
  pool surface                             0.0461 ms
  w.sun map constants                      0.0010 ms
  w.sun map raster                         0.0596 ms
  w.sun map caustics clear                 0.0215 ms
  w.sun map caustics                       0.3718 ms
  w.surface.source                         0.0840 ms
  w.surface.stats clear                    0.0000 ms
  w.surface.ray clear                      0.0254 ms
  w.surface.interior                       3.3511 ms
  w.surface.ray args                       0.0178 ms
  r.refract.template                       0.0322 ms
  r.refract.count                          0.0159 ms
  r.refract                                2.2229 ms
  w.surface.ray apply                      0.0442 ms
  w.surface.stats read                     0.0020 ms
GpuLock.ps1: background: cpu 7 s >= 4 cores, peak 5.9 cores
