waiting for the GPU measurement lock; held by: (unknown)
waiting for the GPU measurement lock; held by: (unknown)
waiting for the GPU measurement lock; held by: (unknown)
powershell : ocean stream: 160 x 856 cells, 273920 triangles (all drawn), 25.1 MB of vertices
At line:1 char:562
+ ... .Count-1)]; powershell -NoProfile -File Tools/CI/GpuLock.ps1 -Track V ...
+                 ~~~~~~~~~~~~~~~~~~~~~~~~~~~~~~~~~~~~~~~~~~~~~~~~~~~~~~~~~
    + CategoryInfo          : NotSpecified: (ocean stream: 1... MB of vertices:String) [], RemoteException
    + FullyQualifiedErrorId : NativeCommandError
 
V: instance hierarchy: 1 static instances in 1 chunks (64 m cells, <= 256 each), 0 flat instances, 0 skinned (0 joint s
pheres)
V: capacity exceeded in 'main', frame 0 (bits 0x100): raise visibility.max_* (Stats::overflow; 0x100: the coverage reco
rd pool ran out, it grows from the next completed frame; 0x400: a shader loop reached its iteration bound or a coverage
 consistency check failed, a defect)
[V ocean stream 4K] gpu frame median 3.8967 ms, p95 4.1504, p99 4.2168 (n=240) | cpu frame median 0.2066 ms (record 0.1
151, submit 0.0430) | SM clock median 2805 MHz (min 2805) | passes 41, barriers 279 in 42 batches, cross-queue syncs 0,
 command lists 1, transients 17 (632.8 MB aliased / 764.5 MB unaliased) | quality 8bdf1be41e4365f2
[V ocean stream 4K] outside passes: graphics 1 lists, head 0.0000, tail 0.0000, gap 0.0000 ms (medians)
[stream gate 4K] 273920 triangles in 8560 groups: stream raster 1.078 ms (3.937 ns per triangle, 126.0 ns per group), 1
0729507 coverage records (1.29 per pixel, 0.101 ns per record), rest of the coverage layer 2.384 ms | gpu frame 3.897 m
s [measured]
