D3D12 debug layer enabled + GPU-based validation
Adapter: NVIDIA GeForce RTX 4080, driver 32.0.15.9186, D3D12Core: C:\Users\USER\UnravelNext\Tools\DesignBench\build\D3D12\D3D12Core.dll
DXC: C:/Program Files (x86)/Windows Kits/10/bin/10.0.26100.0/x64, shaders: C:/Users/USER/UnravelNext/Tools/DesignBench/Bench/shaders, resolution 256x144, reps 1
  [env] timestamp frequency                                                    1000000000.0000 Hz       
  d3d12[4]: Device Debug Layer Startup Options: GPU-Based Validation is enabled (disabled by default). This results in new validation not possible during API calls on the CPU, by creating patched shaders that have validation added directly to the shader. However, it can slow things down a lot, especially for applications with numerous PSOs. Time to see the first render frame may take several minutes.

== Band B fragment pipeline (conservative raster + exact area + mask + 24 B append, tile composite) (after 1.5 s warm-up)
  compiling coverage kernels
  creating mesh pipelines
  pipelines ready
  slivers 0.5 px x 20 px, F ~5 M: count pass
  prefix done
  [coverage] slivers 0.5 px x 20 px, F ~5 M: count pass (conservative raster, tile atomics only)       0.7059 ms       4.849659 M fragments, max/tile 10244, tiles > 1024: 576
  [coverage] slivers 0.5 px x 20 px, F ~5 M: raster + area + mask + 24 B append (global list, one atomic per wave)       1.1181 ms       4.849659 M appended, 0 overflow, 0.230561 ns/fragment
  [coverage] slivers 0.5 px x 20 px, F ~5 M: raster + area + mask + 24 B append (tile segments, one atomic per fragment)       1.1404 ms       4.849659 M appended, 0 overflow, 0.235141 ns/fragment
  [coverage] slivers 0.5 px x 20 px, F ~5 M: raster + area + mask + 24 B append (tile segments, one atomic per (wave, tile))       1.2615 ms       4.849659 M appended, 0 overflow, 0.260122 ns/fragment
  d3d12[1]: GPU-BASED VALIDATION: Dispatch, Incompatible texture barrier layout: Resource: 0x00000249F338D710:'Unnamed ID3D12Resource Object', Subresource Index: [0], Descriptor heap index: [12], Binding Type In Descriptor: UAV, Layout: D3D12_BARRIER_LAYOUT_COMMON(0x0), Shader Stage: COMPUTE, Dispatch Index: [1], Shader Code: <couldn't find file location in debug info>, Asm Instruction Range: [0x10-0xffffffff], Asm Operand Index: [4294967292], Command List: 0x00000249F371CEF0:'Unnamed ID3D12GraphicsCommandList Object', Command List Type: D3D12_COMMAND_LIST_TYPE_DIRECT, SRV/UAV/CBV Descriptor Heap: 0x00000249F2EA41D0:'Unnamed ID3D12DescriptorHeap Object', Sampler Descriptor Heap: <not set>, Pipeline State: 0x00000249F347DB80:'Unnamed ID3D12PipelineState Object', 
  [coverage] slivers 0.5 px x 20 px, F ~5 M: tile composite (groupshared sort by pixel/depth, mask union, 2 taps/fragment)       0.1997 ms       0.041174 ns/fragment, 5.416667 ns/pixel (all pixels)
  slivers 0.5 px x 20 px, F ~10 M: count pass
  prefix done
  [coverage] slivers 0.5 px x 20 px, F ~10 M: count pass (conservative raster, tile atomics only)       1.4020 ms       9.701394 M fragments, max/tile 19783, tiles > 1024: 576
  [coverage] slivers 0.5 px x 20 px, F ~10 M: raster + area + mask + 24 B append (global list, one atomic per wave)       2.2368 ms       9.701394 M appended, 0 overflow, 0.230568 ns/fragment
  [coverage] slivers 0.5 px x 20 px, F ~10 M: raster + area + mask + 24 B append (tile segments, one atomic per fragment)       2.2726 ms       9.701394 M appended, 0 overflow, 0.234256 ns/fragment
  [coverage] slivers 0.5 px x 20 px, F ~10 M: raster + area + mask + 24 B append (tile segments, one atomic per (wave, tile))       2.4694 ms       9.701394 M appended, 0 overflow, 0.254538 ns/fragment
  [coverage] slivers 0.5 px x 20 px, F ~10 M: area: Green's theorem (register resident), mask 32 (tile segments, per-fragment atomic)       1.6489 ms       0.169965 ns/fragment
  [coverage] slivers 0.5 px x 20 px, F ~10 M: area: Sutherland-Hodgman arrays, no mask (tile segments, per-fragment atomic)       6.6382 ms       0.684253 ns/fragment
  [coverage] slivers 0.5 px x 20 px, F ~10 M: area: Green's theorem, no mask (tile segments, per-fragment atomic)       6.6117 ms       0.681522 ns/fragment
  [coverage] slivers 0.5 px x 20 px, F ~10 M: count pass with Green's-theorem area        1.6463 ms       0.169694 ns/fragment
  d3d12[1]: GPU-BASED VALIDATION: Dispatch, Incompatible texture barrier layout: Resource: 0x00000249F338D710:'Unnamed ID3D12Resource Object', Subresource Index: [0], Descriptor heap index: [12], Binding Type In Descriptor: UAV, Layout: D3D12_BARRIER_LAYOUT_COMMON(0x0), Shader Stage: COMPUTE, Dispatch Index: [1], Shader Code: <couldn't find file location in debug info>, Asm Instruction Range: [0x10-0xffffffff], Asm Operand Index: [4294967292], Command List: 0x00000249F371CEF0:'Unnamed ID3D12GraphicsCommandList Object', Command List Type: D3D12_COMMAND_LIST_TYPE_DIRECT, SRV/UAV/CBV Descriptor Heap: 0x00000249F2EA41D0:'Unnamed ID3D12DescriptorHeap Object', Sampler Descriptor Heap: <not set>, Pipeline State: 0x00000249F347DB80:'Unnamed ID3D12PipelineState Object', 
  [coverage] slivers 0.5 px x 20 px, F ~10 M: tile composite (groupshared sort by pixel/depth, mask union, 2 taps/fragment)       0.8950 ms       0.092252 ns/fragment, 24.277778 ns/pixel (all pixels)
  slivers 0.5 px x 20 px, F ~20 M: count pass
  prefix done
  [coverage] slivers 0.5 px x 20 px, F ~20 M: count pass (conservative raster, tile atomics only)       8.7462 ms       18.435958 M fragments, max/tile 36758, tiles > 1024: 576
  [coverage] slivers 0.5 px x 20 px, F ~20 M: raster + area + mask + 24 B append (global list, one atomic per wave)      14.9228 ms       18.435958 M appended, 0 overflow, 0.809439 ns/fragment
  [coverage] slivers 0.5 px x 20 px, F ~20 M: raster + area + mask + 24 B append (tile segments, one atomic per fragment)      15.1720 ms       18.435958 M appended, 0 overflow, 0.822959 ns/fragment
  [coverage] slivers 0.5 px x 20 px, F ~20 M: raster + area + mask + 24 B append (tile segments, one atomic per (wave, tile))      15.1452 ms       18.435958 M appended, 0 overflow, 0.821506 ns/fragment
  d3d12[1]: GPU-BASED VALIDATION: Dispatch, Incompatible texture barrier layout: Resource: 0x00000249F338D710:'Unnamed ID3D12Resource Object', Subresource Index: [0], Descriptor heap index: [12], Binding Type In Descriptor: UAV, Layout: D3D12_BARRIER_LAYOUT_COMMON(0x0), Shader Stage: COMPUTE, Dispatch Index: [1], Shader Code: <couldn't find file location in debug info>, Asm Instruction Range: [0x10-0xffffffff], Asm Operand Index: [4294967292], Command List: 0x00000249F371CEF0:'Unnamed ID3D12GraphicsCommandList Object', Command List Type: D3D12_COMMAND_LIST_TYPE_DIRECT, SRV/UAV/CBV Descriptor Heap: 0x00000249F2EA41D0:'Unnamed ID3D12DescriptorHeap Object', Sampler Descriptor Heap: <not set>, Pipeline State: 0x00000249F347DB80:'Unnamed ID3D12PipelineState Object', 
  [coverage] slivers 0.5 px x 20 px, F ~20 M: tile composite (groupshared sort by pixel/depth, mask union, 2 taps/fragment)       1.7224 ms       0.093424 ns/fragment, 46.722222 ns/pixel (all pixels)
  slivers 0.25 px x 20 px, F ~10 M: count pass
  prefix done
  [coverage] slivers 0.25 px x 20 px, F ~10 M: count pass (conservative raster, tile atomics only)       4.2762 ms       8.890074 M fragments, max/tile 18200, tiles > 1024: 576
  [coverage] slivers 0.25 px x 20 px, F ~10 M: raster + area + mask + 24 B append (global list, one atomic per wave)       7.3791 ms       8.890074 M appended, 0 overflow, 0.830042 ns/fragment
  [coverage] slivers 0.25 px x 20 px, F ~10 M: raster + area + mask + 24 B append (tile segments, one atomic per fragment)       7.0690 ms       8.890074 M appended, 0 overflow, 0.795159 ns/fragment
  [coverage] slivers 0.25 px x 20 px, F ~10 M: raster + area + mask + 24 B append (tile segments, one atomic per (wave, tile))       7.6076 ms       8.890074 M appended, 0 overflow, 0.855739 ns/fragment
  d3d12[1]: GPU-BASED VALIDATION: Dispatch, Incompatible texture barrier layout: Resource: 0x00000249F338D710:'Unnamed ID3D12Resource Object', Subresource Index: [0], Descriptor heap index: [12], Binding Type In Descriptor: UAV, Layout: D3D12_BARRIER_LAYOUT_COMMON(0x0), Shader Stage: COMPUTE, Dispatch Index: [1], Shader Code: <couldn't find file location in debug info>, Asm Instruction Range: [0x10-0xffffffff], Asm Operand Index: [4294967292], Command List: 0x00000249F371CEF0:'Unnamed ID3D12GraphicsCommandList Object', Command List Type: D3D12_COMMAND_LIST_TYPE_DIRECT, SRV/UAV/CBV Descriptor Heap: 0x00000249F2EA41D0:'Unnamed ID3D12DescriptorHeap Object', Sampler Descriptor Heap: <not set>, Pipeline State: 0x00000249F347DB80:'Unnamed ID3D12PipelineState Object', 
  [coverage] slivers 0.25 px x 20 px, F ~10 M: tile composite (groupshared sort by pixel/depth, mask union, 2 taps/fragment)       0.8888 ms       0.099980 ns/fragment, 24.111111 ns/pixel (all pixels)
  cards 4 px, F ~10 M: count pass
  prefix done
  [coverage] cards 4 px, F ~10 M: count pass (conservative raster, tile atomics only)       5.5668 ms       13.082568 M fragments, max/tile 25376, tiles > 1024: 576
  [coverage] cards 4 px, F ~10 M: raster + area + mask + 24 B append (global list, one atomic per wave)       9.0391 ms       13.082568 M appended, 0 overflow, 0.690925 ns/fragment
  [coverage] cards 4 px, F ~10 M: raster + area + mask + 24 B append (tile segments, one atomic per fragment)       8.6225 ms       13.082568 M appended, 0 overflow, 0.659085 ns/fragment
  [coverage] cards 4 px, F ~10 M: raster + area + mask + 24 B append (tile segments, one atomic per (wave, tile))       9.2978 ms       13.082568 M appended, 0 overflow, 0.710703 ns/fragment
  d3d12[1]: GPU-BASED VALIDATION: Dispatch, Incompatible texture barrier layout: Resource: 0x00000249F338D710:'Unnamed ID3D12Resource Object', Subresource Index: [0], Descriptor heap index: [12], Binding Type In Descriptor: UAV, Layout: D3D12_BARRIER_LAYOUT_COMMON(0x0), Shader Stage: COMPUTE, Dispatch Index: [1], Shader Code: <couldn't find file location in debug info>, Asm Instruction Range: [0x10-0xffffffff], Asm Operand Index: [4294967292], Command List: 0x00000249F371CEF0:'Unnamed ID3D12GraphicsCommandList Object', Command List Type: D3D12_COMMAND_LIST_TYPE_DIRECT, SRV/UAV/CBV Descriptor Heap: 0x00000249F2EA41D0:'Unnamed ID3D12DescriptorHeap Object', Sampler Descriptor Heap: <not set>, Pipeline State: 0x00000249F347DB80:'Unnamed ID3D12PipelineState Object', 
  [coverage] cards 4 px, F ~10 M: tile composite (groupshared sort by pixel/depth, mask union, 2 taps/fragment)       0.8540 ms       0.065279 ns/fragment, 23.166667 ns/pixel (all pixels)

== Band C brick DDA (16^3 bricks, table indirection, camera and sun marches, entry maps) (after 1.5 s warm-up)
  [bricks] camera march, 1 B voxels (18 MB), 16 steps, 32 B record                      0.0133 ms       0.361111 ns/pixel, 0.022569 ns/step (upper bound: early exits)
  [bricks] sun (orthographic) march, 1 B voxels (18 MB), 16 steps, 32 B record          0.0154 ms       0.416667 ns/pixel, 0.026042 ns/step (upper bound: early exits)
  [bricks] camera march, 1 B voxels (18 MB), 32 steps, 32 B record                      0.0184 ms       0.500000 ns/pixel, 0.015625 ns/step (upper bound: early exits)
  [bricks] sun (orthographic) march, 1 B voxels (18 MB), 32 steps, 32 B record          0.0215 ms       0.583333 ns/pixel, 0.018229 ns/step (upper bound: early exits)
  [bricks] camera march, 1 B voxels (18 MB), 48 steps, 32 B record                      0.0246 ms       0.666667 ns/pixel, 0.013889 ns/step (upper bound: early exits)
  [bricks] sun (orthographic) march, 1 B voxels (18 MB), 48 steps, 32 B record          0.0266 ms       0.722222 ns/pixel, 0.015046 ns/step (upper bound: early exits)
  [bricks] entry maps: 4608 bricks x 256 cells x 16 steps, 1 B voxels                   0.0492 ms       10.666667 ns/brick
  [bricks] camera march, 8 B voxels (144 MB), 16 steps, 32 B record                     0.0154 ms       0.416667 ns/pixel, 0.026042 ns/step (upper bound: early exits)
  [bricks] sun (orthographic) march, 8 B voxels (144 MB), 16 steps, 32 B record         0.0256 ms       0.694444 ns/pixel, 0.043403 ns/step (upper bound: early exits)
  [bricks] camera march, 8 B voxels (144 MB), 32 steps, 32 B record                     0.2150 ms       5.833333 ns/pixel, 0.182292 ns/step (upper bound: early exits)
  [bricks] sun (orthographic) march, 8 B voxels (144 MB), 32 steps, 32 B record         0.0399 ms       1.083333 ns/pixel, 0.033854 ns/step (upper bound: early exits)
  [bricks] camera march, 8 B voxels (144 MB), 48 steps, 32 B record                     0.0369 ms       1.000000 ns/pixel, 0.020833 ns/step (upper bound: early exits)
  [bricks] sun (orthographic) march, 8 B voxels (144 MB), 48 steps, 32 B record         0.0584 ms       1.583333 ns/pixel, 0.032986 ns/step (upper bound: early exits)
  [bricks] entry maps: 4608 bricks x 256 cells x 16 steps, 8 B voxels                   0.2714 ms       58.888889 ns/brick

== Banded pixel passes (resolve 8 B in / 12 B out, shade 32-48 B in / 4 B out) (after 1.5 s warm-up)
  d3d12[1]: GPU-BASED VALIDATION: Dispatch, Incompatible texture barrier layout: Resource: 0x00000249F387B810:'Unnamed ID3D12Resource Object', Subresource Index: [0], Descriptor heap index: [20], Binding Type In Descriptor: UAV, Layout: D3D12_BARRIER_LAYOUT_COMMON(0x0), Shader Stage: COMPUTE, Dispatch Index: [1], Shader Code: <couldn't find file location in debug info>, Asm Instruction Range: [0x5-0xffffffff], Asm Operand Index: [4294967288], Command List: 0x00000249F371CEF0:'Unnamed ID3D12GraphicsCommandList Object', Command List Type: D3D12_COMMAND_LIST_TYPE_DIRECT, SRV/UAV/CBV Descriptor Heap: 0x00000249F2EA41D0:'Unnamed ID3D12DescriptorHeap Object', Sampler Descriptor Heap: <not set>, Pipeline State: 0x00000249F347CB70:'Unnamed ID3D12PipelineState Object', 
  [bands] 256x144 resolve + shade (32 B/px read in shade), 1 band (full screen)        0.0891 ms       2.416667 ns/pixel
  d3d12[1]: GPU-BASED VALIDATION: Dispatch, Incompatible texture barrier layout: Resource: 0x00000249F387B810:'Unnamed ID3D12Resource Object', Subresource Index: [0], Descriptor heap index: [20], Binding Type In Descriptor: UAV, Layout: D3D12_BARRIER_LAYOUT_COMMON(0x0), Shader Stage: COMPUTE, Dispatch Index: [1], Shader Code: <couldn't find file location in debug info>, Asm Instruction Range: [0x5-0xffffffff], Asm Operand Index: [4294967288], Command List: 0x00000249F371CEF0:'Unnamed ID3D12GraphicsCommandList Object', Command List Type: D3D12_COMMAND_LIST_TYPE_DIRECT, SRV/UAV/CBV Descriptor Heap: 0x00000249F2EA41D0:'Unnamed ID3D12DescriptorHeap Object', Sampler Descriptor Heap: <not set>, Pipeline State: 0x00000249F347CB70:'Unnamed ID3D12PipelineState Object', 
  [bands] 256x144 resolve + shade (32 B/px read in shade), 4 bands                     0.1055 ms       2.861111 ns/pixel
  d3d12[1]: GPU-BASED VALIDATION: Dispatch, Incompatible texture barrier layout: Resource: 0x00000249F387B810:'Unnamed ID3D12Resource Object', Subresource Index: [0], Descriptor heap index: [20], Binding Type In Descriptor: UAV, Layout: D3D12_BARRIER_LAYOUT_COMMON(0x0), Shader Stage: COMPUTE, Dispatch Index: [1], Shader Code: <couldn't find file location in debug info>, Asm Instruction Range: [0x5-0xffffffff], Asm Operand Index: [4294967288], Command List: 0x00000249F371CEF0:'Unnamed ID3D12GraphicsCommandList Object', Command List Type: D3D12_COMMAND_LIST_TYPE_DIRECT, SRV/UAV/CBV Descriptor Heap: 0x00000249F2EA41D0:'Unnamed ID3D12DescriptorHeap Object', Sampler Descriptor Heap: <not set>, Pipeline State: 0x00000249F347CB70:'Unnamed ID3D12PipelineState Object', 
  [bands] 256x144 resolve + shade (32 B/px read in shade), 8 bands                     0.1260 ms       3.416667 ns/pixel
  d3d12[1]: GPU-BASED VALIDATION: Dispatch, Incompatible texture barrier layout: Resource: 0x00000249F387B810:'Unnamed ID3D12Resource Object', Subresource Index: [0], Descriptor heap index: [20], Binding Type In Descriptor: UAV, Layout: D3D12_BARRIER_LAYOUT_COMMON(0x0), Shader Stage: COMPUTE, Dispatch Index: [1], Shader Code: <couldn't find file location in debug info>, Asm Instruction Range: [0x5-0xffffffff], Asm Operand Index: [4294967288], Command List: 0x00000249F371CEF0:'Unnamed ID3D12GraphicsCommandList Object', Command List Type: D3D12_COMMAND_LIST_TYPE_DIRECT, SRV/UAV/CBV Descriptor Heap: 0x00000249F2EA41D0:'Unnamed ID3D12DescriptorHeap Object', Sampler Descriptor Heap: <not set>, Pipeline State: 0x00000249F347CB70:'Unnamed ID3D12PipelineState Object', 
  [bands] 256x144 resolve + shade (32 B/px read in shade), 16 bands                    0.1802 ms       4.888889 ns/pixel
  d3d12[1]: GPU-BASED VALIDATION: Dispatch, Incompatible texture barrier layout: Resource: 0x00000249F387B810:'Unnamed ID3D12Resource Object', Subresource Index: [0], Descriptor heap index: [20], Binding Type In Descriptor: UAV, Layout: D3D12_BARRIER_LAYOUT_COMMON(0x0), Shader Stage: COMPUTE, Dispatch Index: [1], Shader Code: <couldn't find file location in debug info>, Asm Instruction Range: [0x5-0xffffffff], Asm Operand Index: [4294967288], Command List: 0x00000249F371CEF0:'Unnamed ID3D12GraphicsCommandList Object', Command List Type: D3D12_COMMAND_LIST_TYPE_DIRECT, SRV/UAV/CBV Descriptor Heap: 0x00000249F2EA41D0:'Unnamed ID3D12DescriptorHeap Object', Sampler Descriptor Heap: <not set>, Pipeline State: 0x00000249F347CB70:'Unnamed ID3D12PipelineState Object', 
  [bands] 256x144 resolve + shade (48 B/px read in shade), 1 band (full screen)        0.0850 ms       2.305556 ns/pixel
  d3d12[1]: GPU-BASED VALIDATION: Dispatch, Incompatible texture barrier layout: Resource: 0x00000249F387B810:'Unnamed ID3D12Resource Object', Subresource Index: [0], Descriptor heap index: [20], Binding Type In Descriptor: UAV, Layout: D3D12_BARRIER_LAYOUT_COMMON(0x0), Shader Stage: COMPUTE, Dispatch Index: [1], Shader Code: <couldn't find file location in debug info>, Asm Instruction Range: [0x5-0xffffffff], Asm Operand Index: [4294967288], Command List: 0x00000249F371CEF0:'Unnamed ID3D12GraphicsCommandList Object', Command List Type: D3D12_COMMAND_LIST_TYPE_DIRECT, SRV/UAV/CBV Descriptor Heap: 0x00000249F2EA41D0:'Unnamed ID3D12DescriptorHeap Object', Sampler Descriptor Heap: <not set>, Pipeline State: 0x00000249F347CB70:'Unnamed ID3D12PipelineState Object', 
  [bands] 256x144 resolve + shade (48 B/px read in shade), 4 bands                     0.1280 ms       3.472222 ns/pixel
  d3d12[1]: GPU-BASED VALIDATION: Dispatch, Incompatible texture barrier layout: Resource: 0x00000249F387B810:'Unnamed ID3D12Resource Object', Subresource Index: [0], Descriptor heap index: [20], Binding Type In Descriptor: UAV, Layout: D3D12_BARRIER_LAYOUT_COMMON(0x0), Shader Stage: COMPUTE, Dispatch Index: [1], Shader Code: <couldn't find file location in debug info>, Asm Instruction Range: [0x5-0xffffffff], Asm Operand Index: [4294967288], Command List: 0x00000249F371CEF0:'Unnamed ID3D12GraphicsCommandList Object', Command List Type: D3D12_COMMAND_LIST_TYPE_DIRECT, SRV/UAV/CBV Descriptor Heap: 0x00000249F2EA41D0:'Unnamed ID3D12DescriptorHeap Object', Sampler Descriptor Heap: <not set>, Pipeline State: 0x00000249F347CB70:'Unnamed ID3D12PipelineState Object', 
  [bands] 256x144 resolve + shade (48 B/px read in shade), 8 bands                     0.1311 ms       3.555556 ns/pixel
  d3d12[1]: GPU-BASED VALIDATION: Dispatch, Incompatible texture barrier layout: Resource: 0x00000249F387B810:'Unnamed ID3D12Resource Object', Subresource Index: [0], Descriptor heap index: [20], Binding Type In Descriptor: UAV, Layout: D3D12_BARRIER_LAYOUT_COMMON(0x0), Shader Stage: COMPUTE, Dispatch Index: [1], Shader Code: <couldn't find file location in debug info>, Asm Instruction Range: [0x5-0xffffffff], Asm Operand Index: [4294967288], Command List: 0x00000249F371CEF0:'Unnamed ID3D12GraphicsCommandList Object', Command List Type: D3D12_COMMAND_LIST_TYPE_DIRECT, SRV/UAV/CBV Descriptor Heap: 0x00000249F2EA41D0:'Unnamed ID3D12DescriptorHeap Object', Sampler Descriptor Heap: <not set>, Pipeline State: 0x00000249F347CB70:'Unnamed ID3D12PipelineState Object', 
  [bands] 256x144 resolve + shade (48 B/px read in shade), 16 bands                    0.2048 ms       5.555556 ns/pixel
  d3d12[1]: GPU-BASED VALIDATION: Dispatch, Incompatible texture barrier layout: Resource: 0x00000249F6471290:'Unnamed ID3D12Resource Object', Subresource Index: [0], Descriptor heap index: [32], Binding Type In Descriptor: UAV, Layout: D3D12_BARRIER_LAYOUT_COMMON(0x0), Shader Stage: COMPUTE, Dispatch Index: [1], Shader Code: <couldn't find file location in debug info>, Asm Instruction Range: [0x5-0xffffffff], Asm Operand Index: [4294967292], Command List: 0x00000249F371CEF0:'Unnamed ID3D12GraphicsCommandList Object', Command List Type: D3D12_COMMAND_LIST_TYPE_DIRECT, SRV/UAV/CBV Descriptor Heap: 0x00000249F2EA41D0:'Unnamed ID3D12DescriptorHeap Object', Sampler Descriptor Heap: <not set>, Pipeline State: 0x00000249F347BB60:'Unnamed ID3D12PipelineState Object', 
  [bands] 2560x1440 resolve + shade (32 B/px read in shade), 1 band (full screen)       0.3748 ms       0.101667 ns/pixel
  d3d12[1]: GPU-BASED VALIDATION: Dispatch, Incompatible texture barrier layout: Resource: 0x00000249F6471290:'Unnamed ID3D12Resource Object', Subresource Index: [0], Descriptor heap index: [32], Binding Type In Descriptor: UAV, Layout: D3D12_BARRIER_LAYOUT_COMMON(0x0), Shader Stage: COMPUTE, Dispatch Index: [1], Shader Code: <couldn't find file location in debug info>, Asm Instruction Range: [0x5-0xffffffff], Asm Operand Index: [4294967292], Command List: 0x00000249F371CEF0:'Unnamed ID3D12GraphicsCommandList Object', Command List Type: D3D12_COMMAND_LIST_TYPE_DIRECT, SRV/UAV/CBV Descriptor Heap: 0x00000249F2EA41D0:'Unnamed ID3D12DescriptorHeap Object', Sampler Descriptor Heap: <not set>, Pipeline State: 0x00000249F347BB60:'Unnamed ID3D12PipelineState Object', 
  [bands] 2560x1440 resolve + shade (32 B/px read in shade), 4 bands                   0.3123 ms       0.084722 ns/pixel
  d3d12[1]: GPU-BASED VALIDATION: Dispatch, Incompatible texture barrier layout: Resource: 0x00000249F6471290:'Unnamed ID3D12Resource Object', Subresource Index: [0], Descriptor heap index: [32], Binding Type In Descriptor: UAV, Layout: D3D12_BARRIER_LAYOUT_COMMON(0x0), Shader Stage: COMPUTE, Dispatch Index: [1], Shader Code: <couldn't find file location in debug info>, Asm Instruction Range: [0x5-0xffffffff], Asm Operand Index: [4294967292], Command List: 0x00000249F371CEF0:'Unnamed ID3D12GraphicsCommandList Object', Command List Type: D3D12_COMMAND_LIST_TYPE_DIRECT, SRV/UAV/CBV Descriptor Heap: 0x00000249F2EA41D0:'Unnamed ID3D12DescriptorHeap Object', Sampler Descriptor Heap: <not set>, Pipeline State: 0x00000249F347BB60:'Unnamed ID3D12PipelineState Object', 
  [bands] 2560x1440 resolve + shade (32 B/px read in shade), 8 bands                   0.3205 ms       0.086944 ns/pixel
  d3d12[1]: GPU-BASED VALIDATION: Dispatch, Incompatible texture barrier layout: Resource: 0x00000249F6471290:'Unnamed ID3D12Resource Object', Subresource Index: [0], Descriptor heap index: [32], Binding Type In Descriptor: UAV, Layout: D3D12_BARRIER_LAYOUT_COMMON(0x0), Shader Stage: COMPUTE, Dispatch Index: [1], Shader Code: <couldn't find file location in debug info>, Asm Instruction Range: [0x5-0xffffffff], Asm Operand Index: [4294967292], Command List: 0x00000249F371CEF0:'Unnamed ID3D12GraphicsCommandList Object', Command List Type: D3D12_COMMAND_LIST_TYPE_DIRECT, SRV/UAV/CBV Descriptor Heap: 0x00000249F2EA41D0:'Unnamed ID3D12DescriptorHeap Object', Sampler Descriptor Heap: <not set>, Pipeline State: 0x00000249F347BB60:'Unnamed ID3D12PipelineState Object', 
  [bands] 2560x1440 resolve + shade (32 B/px read in shade), 16 bands                  0.3850 ms       0.104444 ns/pixel
  d3d12[1]: GPU-BASED VALIDATION: Dispatch, Incompatible texture barrier layout: Resource: 0x00000249F6471290:'Unnamed ID3D12Resource Object', Subresource Index: [0], Descriptor heap index: [32], Binding Type In Descriptor: UAV, Layout: D3D12_BARRIER_LAYOUT_COMMON(0x0), Shader Stage: COMPUTE, Dispatch Index: [1], Shader Code: <couldn't find file location in debug info>, Asm Instruction Range: [0x5-0xffffffff], Asm Operand Index: [4294967292], Command List: 0x00000249F371CEF0:'Unnamed ID3D12GraphicsCommandList Object', Command List Type: D3D12_COMMAND_LIST_TYPE_DIRECT, SRV/UAV/CBV Descriptor Heap: 0x00000249F2EA41D0:'Unnamed ID3D12DescriptorHeap Object', Sampler Descriptor Heap: <not set>, Pipeline State: 0x00000249F347BB60:'Unnamed ID3D12PipelineState Object', 
  [bands] 2560x1440 resolve + shade (48 B/px read in shade), 1 band (full screen)       0.5028 ms       0.136389 ns/pixel
  d3d12[1]: GPU-BASED VALIDATION: Dispatch, Incompatible texture barrier layout: Resource: 0x00000249F6471290:'Unnamed ID3D12Resource Object', Subresource Index: [0], Descriptor heap index: [32], Binding Type In Descriptor: UAV, Layout: D3D12_BARRIER_LAYOUT_COMMON(0x0), Shader Stage: COMPUTE, Dispatch Index: [1], Shader Code: <couldn't find file location in debug info>, Asm Instruction Range: [0x5-0xffffffff], Asm Operand Index: [4294967292], Command List: 0x00000249F371CEF0:'Unnamed ID3D12GraphicsCommandList Object', Command List Type: D3D12_COMMAND_LIST_TYPE_DIRECT, SRV/UAV/CBV Descriptor Heap: 0x00000249F2EA41D0:'Unnamed ID3D12DescriptorHeap Object', Sampler Descriptor Heap: <not set>, Pipeline State: 0x00000249F347BB60:'Unnamed ID3D12PipelineState Object', 
  [bands] 2560x1440 resolve + shade (48 B/px read in shade), 4 bands                   0.3748 ms       0.101667 ns/pixel
  d3d12[1]: GPU-BASED VALIDATION: Dispatch, Incompatible texture barrier layout: Resource: 0x00000249F6471290:'Unnamed ID3D12Resource Object', Subresource Index: [0], Descriptor heap index: [32], Binding Type In Descriptor: UAV, Layout: D3D12_BARRIER_LAYOUT_COMMON(0x0), Shader Stage: COMPUTE, Dispatch Index: [1], Shader Code: <couldn't find file location in debug info>, Asm Instruction Range: [0x5-0xffffffff], Asm Operand Index: [4294967292], Command List: 0x00000249F371CEF0:'Unnamed ID3D12GraphicsCommandList Object', Command List Type: D3D12_COMMAND_LIST_TYPE_DIRECT, SRV/UAV/CBV Descriptor Heap: 0x00000249F2EA41D0:'Unnamed ID3D12DescriptorHeap Object', Sampler Descriptor Heap: <not set>, Pipeline State: 0x00000249F347BB60:'Unnamed ID3D12PipelineState Object', 
  [bands] 2560x1440 resolve + shade (48 B/px read in shade), 8 bands                   0.4229 ms       0.114722 ns/pixel
  d3d12[1]: GPU-BASED VALIDATION: Dispatch, Incompatible texture barrier layout: Resource: 0x00000249F6471290:'Unnamed ID3D12Resource Object', Subresource Index: [0], Descriptor heap index: [32], Binding Type In Descriptor: UAV, Layout: D3D12_BARRIER_LAYOUT_COMMON(0x0), Shader Stage: COMPUTE, Dispatch Index: [1], Shader Code: <couldn't find file location in debug info>, Asm Instruction Range: [0x5-0xffffffff], Asm Operand Index: [4294967292], Command List: 0x00000249F371CEF0:'Unnamed ID3D12GraphicsCommandList Object', Command List Type: D3D12_COMMAND_LIST_TYPE_DIRECT, SRV/UAV/CBV Descriptor Heap: 0x00000249F2EA41D0:'Unnamed ID3D12DescriptorHeap Object', Sampler Descriptor Heap: <not set>, Pipeline State: 0x00000249F347BB60:'Unnamed ID3D12PipelineState Object', 
  [bands] 2560x1440 resolve + shade (48 B/px read in shade), 16 bands                  0.4639 ms       0.125833 ns/pixel

== Shading kernel: tile groupshared probe SH, in-kernel air fetches, K tap, 8 lights, register pressure (after 1.5 s warm-up)
  d3d12[1]: GPU-BASED VALIDATION: Dispatch, Incompatible texture barrier layout: Resource: 0x00000249F6471290:'Unnamed ID3D12Resource Object', Subresource Index: [0], Descriptor heap index: [46], Binding Type In Descriptor: UAV, Layout: D3D12_BARRIER_LAYOUT_COMMON(0x0), Shader Stage: COMPUTE, Dispatch Index: [1], Shader Code: <couldn't find file location in debug info>, Asm Instruction Range: [0x21-0xffffffff], Asm Operand Index: [4294967292], Command List: 0x00000249F371CEF0:'Unnamed ID3D12GraphicsCommandList Object', Command List Type: D3D12_COMMAND_LIST_TYPE_DIRECT, SRV/UAV/CBV Descriptor Heap: 0x00000249F2EA41D0:'Unnamed ID3D12DescriptorHeap Object', Sampler Descriptor Heap: <not set>, Pipeline State: 0x00000249F347BB60:'Unnamed ID3D12PipelineState Object', 
  [shade] 4K-class shading kernel: full: tile SH + air 3 + K + 8 lights                0.0891 ms       2.416667 ns/pixel
  d3d12[1]: GPU-BASED VALIDATION: Dispatch, Incompatible texture barrier layout: Resource: 0x00000249F6471290:'Unnamed ID3D12Resource Object', Subresource Index: [0], Descriptor heap index: [46], Binding Type In Descriptor: UAV, Layout: D3D12_BARRIER_LAYOUT_COMMON(0x0), Shader Stage: COMPUTE, Dispatch Index: [1], Shader Code: <couldn't find file location in debug info>, Asm Instruction Range: [0x2f-0xffffffff], Asm Operand Index: [0], Command List: 0x00000249F371CEF0:'Unnamed ID3D12GraphicsCommandList Object', Command List Type: D3D12_COMMAND_LIST_TYPE_DIRECT, SRV/UAV/CBV Descriptor Heap: 0x00000249F2EA41D0:'Unnamed ID3D12DescriptorHeap Object', Sampler Descriptor Heap: <not set>, Pipeline State: 0x00000249F347BB60:'Unnamed ID3D12PipelineState Object', 
  [shade] 4K-class shading kernel: per-pixel 4 probe loads instead of tile SH          0.0881 ms       2.388889 ns/pixel
  d3d12[1]: GPU-BASED VALIDATION: Dispatch, Incompatible texture barrier layout: Resource: 0x00000249F6471290:'Unnamed ID3D12Resource Object', Subresource Index: [0], Descriptor heap index: [46], Binding Type In Descriptor: UAV, Layout: D3D12_BARRIER_LAYOUT_COMMON(0x0), Shader Stage: COMPUTE, Dispatch Index: [1], Shader Code: <couldn't find file location in debug info>, Asm Instruction Range: [0x1d-0xffffffff], Asm Operand Index: [4294967288], Command List: 0x00000249F371CEF0:'Unnamed ID3D12GraphicsCommandList Object', Command List Type: D3D12_COMMAND_LIST_TYPE_DIRECT, SRV/UAV/CBV Descriptor Heap: 0x00000249F2EA41D0:'Unnamed ID3D12DescriptorHeap Object', Sampler Descriptor Heap: <not set>, Pipeline State: 0x00000249F347DB80:'Unnamed ID3D12PipelineState Object', 
  [shade] 4K-class shading kernel: no air fetches                                      0.0881 ms       2.388889 ns/pixel
  d3d12[1]: GPU-BASED VALIDATION: Dispatch, Incompatible texture barrier layout: Resource: 0x00000249F6471290:'Unnamed ID3D12Resource Object', Subresource Index: [0], Descriptor heap index: [46], Binding Type In Descriptor: UAV, Layout: D3D12_BARRIER_LAYOUT_COMMON(0x0), Shader Stage: COMPUTE, Dispatch Index: [1], Shader Code: <couldn't find file location in debug info>, Asm Instruction Range: [0x20-0xffffffff], Asm Operand Index: [4294967288], Command List: 0x00000249F371CEF0:'Unnamed ID3D12GraphicsCommandList Object', Command List Type: D3D12_COMMAND_LIST_TYPE_DIRECT, SRV/UAV/CBV Descriptor Heap: 0x00000249F2EA41D0:'Unnamed ID3D12DescriptorHeap Object', Sampler Descriptor Heap: <not set>, Pipeline State: 0x00000249F347DB80:'Unnamed ID3D12PipelineState Object', 
  [shade] 4K-class shading kernel: no K tap                                            0.0819 ms       2.222222 ns/pixel
  d3d12[1]: GPU-BASED VALIDATION: Dispatch, Incompatible texture barrier layout: Resource: 0x00000249F6471290:'Unnamed ID3D12Resource Object', Subresource Index: [0], Descriptor heap index: [46], Binding Type In Descriptor: UAV, Layout: D3D12_BARRIER_LAYOUT_COMMON(0x0), Shader Stage: COMPUTE, Dispatch Index: [1], Shader Code: <couldn't find file location in debug info>, Asm Instruction Range: [0x10-0xffffffff], Asm Operand Index: [4294967292], Command List: 0x00000249F371CEF0:'Unnamed ID3D12GraphicsCommandList Object', Command List Type: D3D12_COMMAND_LIST_TYPE_DIRECT, SRV/UAV/CBV Descriptor Heap: 0x00000249F2EA41D0:'Unnamed ID3D12DescriptorHeap Object', Sampler Descriptor Heap: <not set>, Pipeline State: 0x00000249F347CB70:'Unnamed ID3D12PipelineState Object', 
  [shade] 4K-class shading kernel: no local lights                                     0.3707 ms       10.055556 ns/pixel
  d3d12[1]: GPU-BASED VALIDATION: Dispatch, Incompatible texture barrier layout: Resource: 0x00000249F6471290:'Unnamed ID3D12Resource Object', Subresource Index: [0], Descriptor heap index: [46], Binding Type In Descriptor: UAV, Layout: D3D12_BARRIER_LAYOUT_COMMON(0x0), Shader Stage: COMPUTE, Dispatch Index: [1], Shader Code: <couldn't find file location in debug info>, Asm Instruction Range: [0x1a-0xffffffff], Asm Operand Index: [4294967288], Command List: 0x00000249F371CEF0:'Unnamed ID3D12GraphicsCommandList Object', Command List Type: D3D12_COMMAND_LIST_TYPE_DIRECT, SRV/UAV/CBV Descriptor Heap: 0x00000249F2EA41D0:'Unnamed ID3D12DescriptorHeap Object', Sampler Descriptor Heap: <not set>, Pipeline State: 0x00000249F347CB70:'Unnamed ID3D12PipelineState Object', 
  [shade] 4K-class shading kernel: inputs and sun only (no SH, air, K, lights)         0.1925 ms       5.222222 ns/pixel
  d3d12[1]: GPU-BASED VALIDATION: Dispatch, Incompatible texture barrier layout: Resource: 0x00000249F6471290:'Unnamed ID3D12Resource Object', Subresource Index: [0], Descriptor heap index: [46], Binding Type In Descriptor: UAV, Layout: D3D12_BARRIER_LAYOUT_COMMON(0x0), Shader Stage: COMPUTE, Dispatch Index: [1], Shader Code: <couldn't find file location in debug info>, Asm Instruction Range: [0x22-0xffffffff], Asm Operand Index: [4294967288], Command List: 0x00000249F371CEF0:'Unnamed ID3D12GraphicsCommandList Object', Command List Type: D3D12_COMMAND_LIST_TYPE_DIRECT, SRV/UAV/CBV Descriptor Heap: 0x00000249F2EA41D0:'Unnamed ID3D12DescriptorHeap Object', Sampler Descriptor Heap: <not set>, Pipeline State: 0x00000249F347DB80:'Unnamed ID3D12PipelineState Object', 
  [shade] 4K-class shading kernel: full + 32 extra live values                         0.3707 ms       10.055556 ns/pixel
  d3d12[1]: GPU-BASED VALIDATION: Dispatch, Incompatible texture barrier layout: Resource: 0x00000249F6471290:'Unnamed ID3D12Resource Object', Subresource Index: [0], Descriptor heap index: [46], Binding Type In Descriptor: UAV, Layout: D3D12_BARRIER_LAYOUT_COMMON(0x0), Shader Stage: COMPUTE, Dispatch Index: [1], Shader Code: <couldn't find file location in debug info>, Asm Instruction Range: [0x22-0xffffffff], Asm Operand Index: [4294967288], Command List: 0x00000249F371CEF0:'Unnamed ID3D12GraphicsCommandList Object', Command List Type: D3D12_COMMAND_LIST_TYPE_DIRECT, SRV/UAV/CBV Descriptor Heap: 0x00000249F2EA41D0:'Unnamed ID3D12DescriptorHeap Object', Sampler Descriptor Heap: <not set>, Pipeline State: 0x00000249F347BB60:'Unnamed ID3D12PipelineState Object', 
  [shade] 4K-class shading kernel: full + 64 extra live values                         0.3543 ms       9.611111 ns/pixel
  d3d12[1]: GPU-BASED VALIDATION: Dispatch, Incompatible texture barrier layout: Resource: 0x00000249F6471290:'Unnamed ID3D12Resource Object', Subresource Index: [0], Descriptor heap index: [46], Binding Type In Descriptor: UAV, Layout: D3D12_BARRIER_LAYOUT_COMMON(0x0), Shader Stage: COMPUTE, Dispatch Index: [1], Shader Code: <couldn't find file location in debug info>, Asm Instruction Range: [0x22-0xffffffff], Asm Operand Index: [4294967280], Command List: 0x00000249F371CEF0:'Unnamed ID3D12GraphicsCommandList Object', Command List Type: D3D12_COMMAND_LIST_TYPE_DIRECT, SRV/UAV/CBV Descriptor Heap: 0x00000249F2EA41D0:'Unnamed ID3D12DescriptorHeap Object', Sampler Descriptor Heap: <not set>, Pipeline State: 0x00000249F347DB80:'Unnamed ID3D12PipelineState Object', 
  [shade] 4K-class shading kernel: full + 128 extra live values                        0.4157 ms       11.277778 ns/pixel
