D3D12 debug layer enabled + GPU-based validation
Adapter: NVIDIA GeForce RTX 4080, driver 32.0.15.9186, D3D12Core: C:\Users\USER\UnravelNext\Tools\DesignBench\build\D3D12\D3D12Core.dll
DXC: C:/Program Files (x86)/Windows Kits/10/bin/10.0.26100.0/x64, shaders: C:/Users/USER/UnravelNext/Tools/DesignBench/Bench/shaders, resolution 256x144, reps 1
  [env] timestamp frequency                                                    1000000000.0000 Hz       
  d3d12[4]: Device Debug Layer Startup Options: GPU-Based Validation is enabled (disabled by default). This results in new validation not possible during API calls on the CPU, by creating patched shaders that have validation added directly to the shader. However, it can slow things down a lot, especially for applications with numerous PSOs. Time to see the first render frame may take several minutes.

== Band C brick DDA (16^3 bricks, table indirection, camera and sun marches, entry maps) (after 1.5 s warm-up)
  [bricks] camera march, 1 B voxels (18 MB), 16 steps, 32 B record                      0.0143 ms       0.388889 ns/pixel, 0.024306 ns/step (upper bound: early exits)
  [bricks] sun (orthographic) march, 1 B voxels (18 MB), 16 steps, 32 B record          0.0164 ms       0.444444 ns/pixel, 0.027778 ns/step (upper bound: early exits)
  [bricks] camera march, 1 B voxels (18 MB), 32 steps, 32 B record                      0.0195 ms       0.527778 ns/pixel, 0.016493 ns/step (upper bound: early exits)
  [bricks] sun (orthographic) march, 1 B voxels (18 MB), 32 steps, 32 B record          0.0205 ms       0.555556 ns/pixel, 0.017361 ns/step (upper bound: early exits)
  [bricks] sun texel march (top face down), 1 B voxels, 32 steps, 4 B T only            0.0195 ms       0.527778 ns/pixel (receiver)
  [bricks] receiver sun march (ground up toward the sun), 1 B voxels, 32 steps, 4 B T only       0.0205 ms       0.555556 ns/pixel (receiver)
  [bricks] receiver sun march, sparse skip, brick occupancy 100 %, 1 B voxels, 32 steps, 4 B T only       0.0215 ms       0.583333 ns/receiver
  [bricks] receiver sun march, sparse skip, brick occupancy 60 %, 1 B voxels, 32 steps, 4 B T only       0.0195 ms       0.527778 ns/receiver
  [bricks] receiver sun march, sparse skip, brick occupancy 40 %, 1 B voxels, 32 steps, 4 B T only       0.0195 ms       0.527778 ns/receiver
  [bricks] receiver sun march, sparse skip, brick occupancy 20 %, 1 B voxels, 32 steps, 4 B T only       0.0174 ms       0.472222 ns/receiver
  [bricks] camera march, 1 B voxels (18 MB), 48 steps, 32 B record                      0.0256 ms       0.694444 ns/pixel, 0.014468 ns/step (upper bound: early exits)
  [bricks] sun (orthographic) march, 1 B voxels (18 MB), 48 steps, 32 B record          0.0266 ms       0.722222 ns/pixel, 0.015046 ns/step (upper bound: early exits)
  [bricks] entry maps: 4608 bricks x 256 cells x 16 steps, 1 B voxels                   0.0481 ms       10.444444 ns/brick
  [bricks] camera march, 8 B voxels (144 MB), 16 steps, 32 B record                     0.0164 ms       0.444444 ns/pixel, 0.027778 ns/step (upper bound: early exits)
  [bricks] sun (orthographic) march, 8 B voxels (144 MB), 16 steps, 32 B record         0.0246 ms       0.666667 ns/pixel, 0.041667 ns/step (upper bound: early exits)
  [bricks] camera march, 8 B voxels (144 MB), 32 steps, 32 B record                     0.0236 ms       0.638889 ns/pixel, 0.019965 ns/step (upper bound: early exits)
  [bricks] sun (orthographic) march, 8 B voxels (144 MB), 32 steps, 32 B record         0.0389 ms       1.055556 ns/pixel, 0.032986 ns/step (upper bound: early exits)
  [bricks] sun texel march (top face down), 8 B voxels, 32 steps, 4 B T only            0.0410 ms       1.111111 ns/pixel (receiver)
  [bricks] receiver sun march (ground up toward the sun), 8 B voxels, 32 steps, 4 B T only       0.0451 ms       1.222222 ns/pixel (receiver)
  [bricks] camera march, 8 B voxels (144 MB), 48 steps, 32 B record                     0.0328 ms       0.888889 ns/pixel, 0.018519 ns/step (upper bound: early exits)
  [bricks] sun (orthographic) march, 8 B voxels (144 MB), 48 steps, 32 B record         0.0573 ms       1.555556 ns/pixel, 0.032407 ns/step (upper bound: early exits)
  [bricks] entry maps: 4608 bricks x 256 cells x 16 steps, 8 B voxels                   0.2949 ms       64.000000 ns/brick
