RayScene: 34 static + 1025 dynamic instances (0 deformed), 36 mesh BLAS (9366 tris, 0.2 MB compacted from 0.7 MB), deformed 0 tris / 0 verts (0 above proxy budget), TLAS static 0.0 MB dynamic 0.31 MB, load 31 ms (records and mesh BLAS 9.4, proxies 0.1, deformed setup 4.9, static TLAS and records 11.1, first dynamic build 5.2)
RayScene resident (MB): static BLAS+TLAS 0.3 (BLAS 0.2, TLAS 0.01, descs+scratch 0.01), dynamic AS 0.5 (deformed BLAS 0.0, scratch 0.0, TLAS+scratch+descs 0.52, emitters 0.001), deformed vertices 0.0, records 0.0 (instances, geometries, proxy indices, vertex map, deform jobs)
V: instance hierarchy: 34 static instances in 6 chunks (64 m cells, <= 256 each), 1024 flat instances, 0 skinned (0 joint spheres)
GI cache: 200000 entries, 524288 table slots, 202.0 MB (texels 97.7 MB), finest cell 0.062 m, cell 0.50 deg, 500000 rays = 7812 hemisphere updates per frame
R reflections: 1 planar reflector planes from 2 flat mirror triangles (3968 smooth-shaded mirror triangles stay on rays), 0.1 ms
S VSM: 8917 page requests exceeded the 6656-page atlas (frame 1): the atlas grows to 19584 pages
S shadow overflow: frame 1 needed 18437954 words (140114 tiles over capacity): capacity grows to 33554432 words
[W interior basin 4K] gpu frame median 47.0123 ms, p95 48.2805, p99 50.8210 (n=300) | cpu frame median 1.3762 ms (record 0.8038, submit 0.0869) | SM clock median 2805 MHz (min 2805) | passes 310, barriers 1490 in 302 batches, cross-queue syncs 0, command lists 1, transients 157 (1822.4 MB aliased / 3427.8 MB unaliased) | quality 3c14221cb135a898
[W interior basin 4K] outside passes: graphics 1 lists, head 0.0000, tail 0.0000, gap 0.0000 ms (medians)
W interior 4K: water samples 892079 (10.8 % of the view; fallbacks 313108), jobs 0 reflection + 313108 refraction, traced 313108, overflow 0; 16 bands, 0 record rounds
W interior 4K: calm water (--planar auto): 1 reflection cameras, 892079 samples read them, mask pixels 900758
W interior 4K: surface passes 5.635 ms (of which list clear/args/apply 0.080) | R ray passes (names with 'refract') 1.384 ms | pool stream 0.081 ms | frame 47.012 ms [measured, median of 300]
  pool evolve                              0.0103 ms
  pool inverse rows                        0.0125 ms
  pool inverse columns                     0.0125 ms
  pool surface                             0.0461 ms
  w.sun map constants                      0.0010 ms
  w.sun map raster                         0.0718 ms
  w.sun map caustic overflow clear         0.0029 ms
  w.sun map caustics clear                 0.0195 ms
  w.sun map caustics                       0.3379 ms
  w.surface.source                         0.0481 ms
  w.surface.source level                   0.0503 ms
  w.surface.stats clear                    0.0010 ms
  w.planar mask                            0.0635 ms
  w.planar mask apron                      0.0667 ms
  v.cull.secondary.planar.clear            0.0010 ms
  v.cull.secondary.planar.tiles            0.0164 ms
  v.cull.secondary.tilemask                0.0042 ms
  v.cull.secondary.reset                   0.0039 ms
  v.cull.secondary.chunks.p1               0.0083 ms
  v.cull.secondary.instances.p1            0.0103 ms
  v.cull.secondary.prepare.chunks.p1       0.0032 ms
  v.cull.secondary.instances.chunks.p1     0.0122 ms
  v.cull.secondary.prepare.nodes.p1.0      0.0032 ms
  v.cull.secondary.nodes.p1.0              0.0103 ms
  v.cull.secondary.prepare.nodes.p1.1      0.0032 ms
  v.cull.secondary.nodes.p1.1              0.0083 ms
  v.cull.secondary.prepare.groups.p1       0.0032 ms
  v.cull.secondary.clusters.p1             0.0144 ms
  v.cull.secondary.prepare.draw.p1         0.0042 ms
  v.cull.secondary.raster.p1               0.0583 ms
  v.cull.secondary.stats                   0.0000 ms
  m.resolve.begin.planar                   0.0022 ms
  m.resolve.planar                         0.2427 ms
  s.froxel.tiledepth.planar                0.0225 ms
  s.froxel.begin.planar                    0.0010 ms
  s.froxel.lists.planar                    0.0491 ms
  s.froxel.integrate.planar                1.0203 ms
  m.shade.begin.planar                     0.0032 ms
  m.lit.planar.edge.detect.b0              0.0728 ms
  m.lit.planar.shade.b0                    0.6179 ms
  m.shade.fallback.planar                  0.0032 ms
  m.edge.args.planar                       0.0010 ms
  m.edge.planar                            0.0276 ms
  w.surface.ray clear                      0.0251 ms
  w.surface.interior                       5.4539 ms
  w.surface.ray args                       0.0178 ms
  r.refract.template                       0.0339 ms
  r.refract.count                          0.0159 ms
  r.refract                                1.3342 ms
  w.surface.ray apply                      0.0369 ms
  w.surface.stats read                     0.0020 ms
GpuLock.ps1: cpu-contended: 6 s >= 4 cores, peak 17.6 cores; top: cl.exe (22404) 12 core-s, cl.exe (82128) 5 core-s, cl.exe (41468) 3 core-s, link.exe (6480) 2 core-s background: cpu 18 s >= 4 cores, peak 13.7 cores
