RayScene: 34 static + 1025 dynamic instances (0 deformed), 36 mesh BLAS (9366 tris, 0.2 MB compacted from 0.7 MB), deformed 0 tris / 0 verts (0 above proxy budget), TLAS static 0.0 MB dynamic 0.31 MB, load 18 ms (records and mesh BLAS 7.0, proxies 0.1, deformed setup 2.4, static TLAS and records 6.0, first dynamic build 2.6)
RayScene resident (MB): static BLAS+TLAS 0.3 (BLAS 0.2, TLAS 0.01, descs+scratch 0.01), dynamic AS 0.5 (deformed BLAS 0.0, scratch 0.0, TLAS+scratch+descs 0.52, emitters 0.001), deformed vertices 0.0, records 0.0 (instances, geometries, proxy indices, vertex map, deform jobs)
V: instance hierarchy: 34 static instances in 6 chunks (64 m cells, <= 256 each), 1024 flat instances, 0 skinned (0 joint spheres)
GI cache: 200000 entries, 524288 table slots, 202.0 MB (texels 97.7 MB), finest cell 0.062 m, cell 0.50 deg, 500000 rays = 7812 hemisphere updates per frame
R reflections: 1 planar reflector planes from 2 flat mirror triangles (3968 smooth-shaded mirror triangles stay on rays), 0.1 ms
S VSM: 8917 page requests exceeded the 6656-page atlas (frame 1): the atlas grows to 19584 pages
S shadow overflow: frame 1 needed 17635692 words (133753 tiles over capacity): capacity grows to 33554432 words
[W interior basin 4K] gpu frame median 43.3424 ms, p95 44.7314, p99 47.3547 (n=300) | cpu frame median 2.8289 ms (record 1.7353, submit 0.1689) | SM clock median 2805 MHz (min 2805) | passes 275, barriers 1254 in 268 batches, cross-queue syncs 0, command lists 1, transients 119 (1790.5 MB aliased / 2706.6 MB unaliased) | quality 3c14221cb135a898
[W interior basin 4K] outside passes: graphics 1 lists, head 0.0000, tail 0.0000, gap 0.0000 ms (medians)
W interior 4K: water samples 506640 (6.1 % of the view; fallbacks 183631), jobs 506640 reflection + 183631 refraction, traced 690271, overflow 0; 16 bands, 0 record rounds
W interior 4K: calm water (--planar auto): 0 reflection cameras, 0 samples read them, mask pixels 511000
W interior 4K: surface passes 4.184 ms (of which list clear/args/apply 0.088) | R ray passes (names with 'refract') 2.235 ms | pool stream 0.081 ms | frame 43.342 ms [measured, median of 300]
  pool evolve                              0.0103 ms
  pool inverse rows                        0.0125 ms
  pool inverse columns                     0.0125 ms
  pool surface                             0.0461 ms
  w.sun map constants                      0.0010 ms
  w.sun map raster                         0.0686 ms
  w.sun map caustic overflow clear         0.0029 ms
  w.sun map caustics clear                 0.0195 ms
  w.sun map caustics                       0.3574 ms
  w.surface.source                         0.0801 ms
  w.surface.source level                   0.0522 ms
  w.surface.stats clear                    0.0010 ms
  w.planar mask                            0.0256 ms
  w.planar mask apron                      0.0234 ms
  v.cull.secondary.planar.clear            0.0010 ms
  v.cull.secondary.planar.tiles            0.0051 ms
  v.cull.secondary.tilemask                0.0029 ms
  v.cull.secondary.reset                   0.0032 ms
  v.cull.secondary.chunks.p1               0.0083 ms
  v.cull.secondary.instances.p1            0.0083 ms
  v.cull.secondary.prepare.chunks.p1       0.0032 ms
  v.cull.secondary.instances.chunks.p1     0.0112 ms
  v.cull.secondary.prepare.nodes.p1.0      0.0032 ms
  v.cull.secondary.nodes.p1.0              0.0081 ms
  v.cull.secondary.prepare.nodes.p1.1      0.0032 ms
  v.cull.secondary.nodes.p1.1              0.0071 ms
  v.cull.secondary.prepare.groups.p1       0.0032 ms
  v.cull.secondary.clusters.p1             0.0144 ms
  v.cull.secondary.prepare.draw.p1         0.0042 ms
  v.cull.secondary.raster.p1               0.0154 ms
  v.cull.secondary.stats                   0.0000 ms
  m.resolve.begin.planar                   0.0022 ms
  m.resolve.planar                         0.0400 ms
  s.froxel.tiledepth.planar                0.0073 ms
  s.froxel.begin.planar                    0.0010 ms
  s.froxel.lists.planar                    0.0103 ms
  s.froxel.integrate.planar                0.2468 ms
  m.shade.begin.planar                     0.0029 ms
  m.lit.planar.edge.detect.b0              0.0164 ms
  m.lit.planar.shade.b0                    0.2549 ms
  m.shade.fallback.planar                  0.0032 ms
  m.edge.args.planar                       0.0010 ms
  m.edge.planar                            0.0256 ms
  w.surface.ray clear                      0.0256 ms
  w.surface.interior                       3.9600 ms
  w.surface.ray args                       0.0181 ms
  r.refract.template                       0.0356 ms
  r.refract.count                          0.0159 ms
  r.refract                                2.1840 ms
  w.surface.ray apply                      0.0447 ms
  w.surface.stats read                     0.0022 ms
GpuLock.ps1: cpu-contended: 32 s >= 4 cores, peak 25.0 cores; top: cl.exe (71328) 21 core-s, cl.exe (64124) 15 core-s, cl.exe (37592) 13 core-s, cl.exe (6768) 13 core-s background: cpu 29 s >= 4 cores, peak 10.1 cores
